--------- beginning of system
10-06 22:28:14.085   513   646 W SocketListener: sending broadcast to Pid = 1211, Uid = 1000 
10-06 22:28:14.090  1211  1605 D NetdConnector: RCV <- {613 IfaceClass active 1 971996965112171 1010132}
10-06 22:28:14.094  1211  1605 D NetdConnector: RCV <- {613 IfaceClass active 1 971996965112171 1010132}
10-06 22:28:14.096  1211  1235 D NetdConnector: RCV unsolicited event from native daemon, event = 613
10-06 22:28:14.105  1211  9080 V BroadcastQueue: Finished with ordered broadcast BroadcastRecord{5f4cdc1 u-1 android.net.conn.DATA_ACTIVITY_CHANGE}
10-06 22:28:15.319   776   776 E wificond: Failed to get NL80211_STA_INFO_CNAHLOAD
10-06 22:28:15.327   776   776 E wificond: Failed to get NL80211_STA_INFO_CNAHLOAD
10-06 22:28:18.306  1211  1211 V AlarmManager: Received TIME_TICK alarm; rescheduling
10-06 22:28:18.337  1211  1211 I HwAlarmManagerService: hwSetAlarm listenerTag: time_tick
10-06 22:28:18.338  1211  2657 V BroadcastQueue: Finished with ordered broadcast BroadcastRecord{43ee5f2 u10 com.huawei.hwsystemmanager.power.SCHEDULE_RECORD_REMAING_TIME_SCENE}
10-06 22:28:18.377  1211  1211 W HwAlarmManagerService: isContainsAppUidInWorksource-->happend NameNotFoundException
10-06 22:28:18.379  1211  1211 I HwAlarmManagerService: hwSetAlarm listenerTag: *job.delay*
10-06 22:28:18.380  1211  1211 I JobScheduler.Time: mNextDelayExpiredElapsedMillis: 972045748
10-06 22:28:18.384  1211  1211 D JobServiceContext: Scheduling time out for 'com.android.server.content.SyncJobService' jId: 107225, in 18 s
10-06 22:28:18.384  1211  2657 V BroadcastQueue: Finished with ordered broadcast BroadcastRecord{f1ffac0 u0 com.huawei.hwsystemmanager.power.SCHEDULE_RECORD_REMAING_TIME_SCENE}
10-06 22:28:18.392  1211  1211 D JobServiceContext: handleServiceBound for 1b8ae63 #1000/107225 com.bytedance.ies.common.push.account.AccountProvider1128/com.ss.android.ugc.aweme:android
10-06 22:28:18.392  1211  1211 D JobServiceContext: Scheduling time out for 'com.android.server.content.SyncJobService' jId: 107225, in 8 s
10-06 22:28:18.392  1211  1211 I SyncManager: SyncJobService->onStartJob:put job to map, jobid:107225
10-06 22:28:18.393  1211  1211 D JobServiceContext: doCallback of : JobStatus{1b8ae63 #1000/107225 com.bytedance.ies.common.push.account.AccountProvider1128/com.ss.android.ugc.aweme:android u=0 s=1010132 TIME=-99ms:+4m59s901ms NET=1 PERSISTED READY} v:VERB_STARTING
10-06 22:28:18.393  1211  1211 D JobServiceContext: Scheduling time out for 'com.android.server.content.SyncJobService' jId: 107225, in 600 s
10-06 22:28:18.410  1211  1225 I SyncManager: dispatchSyncOperation:we are going to sync JobId: 107225, XXXXXXXXX u10 (com.ss.android.ugc.aweme), com.bytedance.ies.common.push.account.AccountProvider1128, PERIODIC, reason: Periodic, period: 900000, flexMillis: 36000
10-06 22:28:18.524  1211  1225 I SyncManager: run startSync:JobId: 107225, XXXXXXXXX u10 (com.ss.android.ugc.aweme), com.bytedance.ies.common.push.account.AccountProvider1128, PERIODIC, reason: Periodic, period: 900000, flexMillis: 36000
10-06 22:28:18.551  1211  1225 I SyncManager: SyncJobService->callJobFinished: remove job to map, jobid:107225
10-06 22:28:18.552  1211  1211 D JobServiceContext: doCallback of : JobStatus{1b8ae63 #1000/107225 com.bytedance.ies.common.push.account.AccountProvider1128/com.ss.android.ugc.aweme:android u=0 s=1010132 TIME=-258ms:+4m59s742ms NET=1 PERSISTED READY} v:VERB_EXECUTING
10-06 22:28:18.603  1211  1211 W HwAlarmManagerService: isContainsAppUidInWorksource-->happend NameNotFoundException
10-06 22:28:18.648  1211  1211 I HwAlarmManagerService: hwSetAlarm listenerTag: *job.deadline*
10-06 22:28:18.648  1211  1211 I JobScheduler.Time: mNextJobExpiredElapsedMillis: 972345748
10-06 22:28:18.720  1211  5637 V BroadcastQueue: Finished with ordered broadcast BroadcastRecord{b705d54 u-1 android.intent.action.TIME_TICK}
10-06 22:28:18.916  1211  1375 D HwBatteryService: onUEvent fcpStatus = 0,scpStatus =0,ovpStatus=0
10-06 22:28:18.918  1211  1375 I UsbDeviceManager: water_intrused state= 0
10-06 22:28:18.944  1211  1211 D WifiService: onReceive, action:android.intent.action.BATTERY_CHANGED
10-06 22:28:18.944  1211  1211 D WifiService: ACTION_BATTERY_CHANGED pluggedType: 2
10-06 22:28:22.291  1211  2141 W Watchdog: hungtask: writing kick
10-06 22:28:23.329   776   776 E wificond: Failed to get NL80211_STA_INFO_CNAHLOAD
10-06 22:28:47.346   776   776 I chatty  : uid=1010(wifi) /system/bin/wificond identical 6 lines
10-06 22:28:47.353   776   776 E wificond: Failed to get NL80211_STA_INFO_CNAHLOAD
10-06 22:28:49.122  1211  1375 D HwBatteryService: onUEvent fcpStatus = 0,scpStatus =0,ovpStatus=0
10-06 22:28:49.124  1211  1375 I UsbDeviceManager: water_intrused state= 0
10-06 22:28:49.144  1211  1211 D WifiService: onReceive, action:android.intent.action.BATTERY_CHANGED
10-06 22:28:49.145  1211  1211 D WifiService: ACTION_BATTERY_CHANGED pluggedType: 2
10-06 22:28:49.570  1211  2657 V BroadcastQueue: Finished with ordered broadcast BroadcastRecord{40a2816 u-1 android.net.wifi.supplicant.STATE_CHANGE}
10-06 22:28:49.591  1211  9080 V BroadcastQueue: Finished with ordered broadcast BroadcastRecord{78df597 u-1 android.net.wifi.supplicant.STATE_CHANGE}
10-06 22:28:52.294  1211  2141 W Watchdog: hungtask: writing kick
10-06 22:28:55.348   776   776 E wificond: Failed to get NL80211_STA_INFO_CNAHLOAD
10-06 22:28:55.355   776   776 E wificond: Failed to get NL80211_STA_INFO_CNAHLOAD
10-06 22:29:02.322  1211  1211 D WifiService: onReceive, action:android.intent.action.BATTERY_CHANGED
10-06 22:29:02.322  1211  1211 D WifiService: ACTION_BATTERY_CHANGED pluggedType: 2
10-06 22:29:03.354   776   776 E wificond: Failed to get NL80211_STA_INFO_CNAHLOAD
10-06 22:29:03.362   776   776 E wificond: Failed to get NL80211_STA_INFO_CNAHLOAD
10-06 22:29:08.973  1211  1211 V AlarmManager: Received TIME_TICK alarm; rescheduling
10-06 22:29:08.982  1211  1211 I HwAlarmManagerService: hwSetAlarm listenerTag: time_tick
10-06 22:29:08.987  1211  1606 D NetdConnector: SND -> {39794 bandwidth gettetherstats}
10-06 22:29:08.989  1211  1605 D NetdConnector: RCV <- {200 39794 Tethering stats list completed}
10-06 22:29:08.989  1211  1605 D NetdConnector: RCV <- {200 39794 Tethering stats list completed}
10-06 22:29:08.992  1211  1211 W HwAlarmManagerService: isContainsAppUidInWorksource-->happend NameNotFoundException
10-06 22:29:08.997  1211  1211 I HwAlarmManagerService: hwSetAlarm listenerTag: *job.delay*
10-06 22:29:08.998  1211  1211 I JobScheduler.Time: mNextDelayExpiredElapsedMillis: 972131906
10-06 22:29:08.998  1211  1606 W NetworkStatsFactory: mStatsXtProcUid: /proc/net/comm/stats does not exist!
10-06 22:29:08.998  1211  1606 D HwNetworkStatsService: hwRecordUidAndProcSnapshotLocked currentTime = 1538836147563
10-06 22:29:08.998  1211  1211 D JobServiceContext: Scheduling time out for 'com.dianping.base.push.pushservice.PushWakeUpJob' jId: 101, in 18 s
10-06 22:29:09.001  1211  1211 V ActivityManager: startProcess: name=com.sankuai.meituan:dppushservice app=null knownToBeDead=true thread=null pid=-1
10-06 22:29:09.036  1211  1211 I ActivityManager: Start proc 18301:com.sankuai.meituan:dppushservice/u10a142 for service com.sankuai.meituan/com.dianping.base.push.pushservice.PushWakeUpJob
10-06 22:29:09.044  1211  1606 I NetworkStatsFactory: javaReadNetworkStatsUidAndProcDetail. cost time = 46
10-06 22:29:09.066  1211  1606 D HwNetworkStatsService: hwMaybeUidAndProcPersistLocked currentTime = 1538836147563
10-06 22:29:09.074 18301 18301 D ActivityThread: ActivityThread,attachApplication
10-06 22:29:09.097  1211  5637 D ActivityManager: ActivityManagerService,attachApplication,callingPid = 18301
10-06 22:29:09.113  1211  1606 D NetdConnector: SND -> {39795 bandwidth setglobalalert 2097152}
10-06 22:29:09.115  1211  1605 D NetdConnector: RCV <- {200 39795 Bandwidth command succeeeded}
10-06 22:29:09.115  1211  1605 D NetdConnector: RCV <- {200 39795 Bandwidth command succeeeded}
10-06 22:29:09.118  1211  1606 V BroadcastQueue: Finished with ordered broadcast BroadcastRecord{88793f0 u0 com.android.server.action.NETWORK_STATS_POLL}
10-06 22:29:09.246  1211  9080 V BroadcastQueue: Finished with ordered broadcast BroadcastRecord{978afa2 u-1 android.intent.action.TIME_TICK}
10-06 22:29:09.820  1211  1211 D JobServiceContext: handleServiceBound for 2292b19 #u10a142/101 com.sankuai.meituan/com.dianping.base.push.pushservice.PushWakeUpJob
10-06 22:29:09.820  1211  1211 D JobServiceContext: Scheduling time out for 'com.dianping.base.push.pushservice.PushWakeUpJob' jId: 101, in 8 s
10-06 22:29:09.830  1211  5637 W ActivityManager: Background start not allowed: service Intent { act=com.dianping.push.START cmp=com.sankuai.meituan/com.dianping.base.push.pushservice.dp.DPPushService (has extras) } to com.sankuai.meituan/com.dianping.base.push.pushservice.dp.DPPushService from pid=18301 uid=1010142 pkg=com.sankuai.meituan
10-06 22:29:09.834  1211  5637 D JobServiceContext: doCallback of : JobStatus{2292b19 #u10a142/101 com.sankuai.meituan/com.dianping.base.push.pushservice.PushWakeUpJob u=10 s=1010142 TIME=-6s968ms:+4m53s32ms NET=1 PERSISTED READY} v:VERB_STARTING
10-06 22:29:09.839  1211  5637 W HwAlarmManagerService: isContainsAppUidInWorksource-->happend NameNotFoundException
10-06 22:29:09.876  1211  5637 I HwAlarmManagerService: hwSetAlarm listenerTag: *job.deadline*
10-06 22:29:09.876  1211  5637 I JobScheduler.Time: mNextJobExpiredElapsedMillis: 972431906
10-06 22:29:11.172  1211  5637 D HwLocalLocationProvider: HwLocalLocationManager requestLocation
10-06 22:29:11.172  1211  5637 D HwLocalLocationProvider: cellid is null,return
10-06 22:29:11.183   797   797 D libgps  : proxy_gps_set_position_mode: mode = 1, recurrence = 0, min_interval = 1000, preferred_accuracy = 0, preferred_time = 0
10-06 22:29:11.191  1211  2146 W SettingsEx: SettingsEx.Systemex.getInt deprecated use Settings.System.getInt instead ;callers=com.android.server.location.HwCmccGpsFeature.setDelAidData:159 com.android.server.location.GnssLocationProvider.startNavigating:2002 com.android.server.location.GnssLocationProvider.updateRequirements:1732 
10-06 22:29:11.192   797   797 D libgps  : proxy_gps_start: called.
10-06 22:29:11.198   797   797 D libgps  : proxy_gps_start: return = 0.
10-06 22:29:11.233  1211  5695 D WifiService: startScan, pid:18301, uid:1010142, appName:com.sankuai.meituan
10-06 22:29:11.233  1211  5695 I WifiService: Screen is off, com.sankuai.meituan startScan is skipped.
10-06 22:29:11.235  1211  5695 D WifiService: startScan, pid:18301, uid:1010142, appName:com.sankuai.meituan
10-06 22:29:11.235  1211  5695 I WifiService: Screen is off, com.sankuai.meituan startScan is skipped.
10-06 22:29:11.237  1211  1228 W BroadcastQueue: Permission Denial: broadcasting Intent { act=android.net.wifi.WIFI_STATE_CHANGED flg=0x5000010 (has extras) } from null (pid=-1, uid=-1) requires android.permission.ACCESS_WIFI_STATE due to registered receiver BroadcastFilter{62789fe u10 ReceiverList{24b41b9 18301 com.sankuai.meituan:dppushservice/1010142/u10 remote:62e6780}}
10-06 22:29:11.357   776   776 E wificond: Failed to get NL80211_STA_INFO_CNAHLOAD
10-06 22:29:11.367   776   776 E wificond: Failed to get NL80211_STA_INFO_CNAHLOAD
10-06 22:29:11.736   797  2151 D libgps  : proxy_agps_ril_request_setid_cb: called.
10-06 22:29:11.743   797  2151 D libgps  : proxy_agps_ril_set_set_id: called.
10-06 22:29:11.868   797   797 D libgps  : proxy_gps_inject_time: exit
10-06 22:29:11.891   797   797 D libgps  : proxy_gps_stop: called.
10-06 22:29:11.899   797   797 D libgps  : gps_engine_status_update: called.
10-06 22:29:19.332  1211  1375 D HwBatteryService: onUEvent fcpStatus = 0,scpStatus =0,ovpStatus=0
10-06 22:29:19.334  1211  1375 I UsbDeviceManager: water_intrused state= 0
10-06 22:29:19.351  1211  1211 D WifiService: onReceive, action:android.intent.action.BATTERY_CHANGED
10-06 22:29:19.351  1211  1211 D WifiService: ACTION_BATTERY_CHANGED pluggedType: 2
10-06 22:29:19.370   776   776 E wificond: Failed to get NL80211_STA_INFO_CNAHLOAD
10-06 22:29:19.382   776   776 E wificond: Failed to get NL80211_STA_INFO_CNAHLOAD
10-06 22:29:22.296  1211  2141 W Watchdog: hungtask: writing kick
10-06 22:29:27.375   776   776 E wificond: Failed to get NL80211_STA_INFO_CNAHLOAD
10-06 22:29:27.383   776   776 E wificond: Failed to get NL80211_STA_INFO_CNAHLOAD
10-06 22:29:34.631   513   646 W SocketListener: sending broadcast to Pid = 1211, Uid = 1000 
10-06 22:29:34.634  1211  1605 D NetdConnector: RCV <- {613 IfaceClass idle 1 972077509832992}
10-06 22:29:34.637  1211  1605 D NetdConnector: RCV <- {613 IfaceClass idle 1 972077509832992}
10-06 22:29:34.640  1211  1235 D NetdConnector: RCV unsolicited event from native daemon, event = 613
10-06 22:29:34.649  1211  2657 V BroadcastQueue: Finished with ordered broadcast BroadcastRecord{f499674 u-1 android.net.conn.DATA_ACTIVITY_CHANGE}
10-06 22:29:35.380   776   776 E wificond: Failed to get NL80211_STA_INFO_CNAHLOAD
10-06 22:29:35.387   776   776 E wificond: Failed to get NL80211_STA_INFO_CNAHLOAD
10-06 22:29:39.762   513   646 W SocketListener: sending broadcast to Pid = 1211, Uid = 1000 
10-06 22:29:39.766  1211  1605 D NetdConnector: RCV <- {613 IfaceClass active 1 972082642381429 1010132}
10-06 22:29:39.769  1211  1605 D NetdConnector: RCV <- {613 IfaceClass active 1 972082642381429 1010132}
10-06 22:29:39.772  1211  1235 D NetdConnector: RCV unsolicited event from native daemon, event = 613
10-06 22:29:39.780  1211  2657 V BroadcastQueue: Finished with ordered broadcast BroadcastRecord{fe4979d u-1 android.net.conn.DATA_ACTIVITY_CHANGE}
10-06 22:29:43.389   776   776 E wificond: Failed to get NL80211_STA_INFO_CNAHLOAD
10-06 22:29:43.398   776   776 E wificond: Failed to get NL80211_STA_INFO_CNAHLOAD
10-06 22:29:49.541  1211  1375 D HwBatteryService: onUEvent fcpStatus = 0,scpStatus =0,ovpStatus=0
10-06 22:29:49.543  1211  1375 I UsbDeviceManager: water_intrused state= 0
10-06 22:29:49.556  1211  1211 D WifiService: onReceive, action:android.intent.action.BATTERY_CHANGED
10-06 22:29:49.556  1211  1211 D WifiService: ACTION_BATTERY_CHANGED pluggedType: 2
10-06 22:29:51.389   776   776 E wificond: Failed to get NL80211_STA_INFO_CNAHLOAD
10-06 22:29:51.397   776   776 E wificond: Failed to get NL80211_STA_INFO_CNAHLOAD
10-06 22:29:52.298  1211  2141 W Watchdog: hungtask: writing kick
10-06 22:29:59.394   776   776 E wificond: Failed to get NL80211_STA_INFO_CNAHLOAD
10-06 22:29:59.402   776   776 E wificond: Failed to get NL80211_STA_INFO_CNAHLOAD
10-06 22:30:02.315  1211  1211 D WifiService: onReceive, action:android.intent.action.BATTERY_CHANGED
10-06 22:30:02.315  1211  1211 D WifiService: ACTION_BATTERY_CHANGED pluggedType: 2
10-06 22:30:07.404   776   776 E wificond: Failed to get NL80211_STA_INFO_CNAHLOAD
10-06 22:30:07.411   776   776 E wificond: Failed to get NL80211_STA_INFO_CNAHLOAD
10-06 22:30:10.931  1211  1211 V AlarmManager: Received TIME_TICK alarm; rescheduling
10-06 22:30:10.951  1211  1211 I HwAlarmManagerService: hwSetAlarm listenerTag: time_tick
10-06 22:30:10.964  1211  1232 V BroadcastQueue: Finished with ordered broadcast BroadcastRecord{8e8ef3f u10 ALARM_ACTION(16783)}
10-06 22:30:10.974  1211  9080 V BroadcastQueue: Finished with ordered broadcast BroadcastRecord{f301d55 u10 ALARM_ACTION(15533)}
10-06 22:30:11.187  1211  9080 V BroadcastQueue: Finished with ordered broadcast BroadcastRecord{a83df5e u-1 android.intent.action.TIME_TICK}
10-06 22:30:15.405   776   776 E wificond: Failed to get NL80211_STA_INFO_CNAHLOAD
10-06 22:30:15.412   776   776 E wificond: Failed to get NL80211_STA_INFO_CNAHLOAD
10-06 22:30:19.750  1211  1375 D HwBatteryService: onUEvent fcpStatus = 0,scpStatus =0,ovpStatus=0
10-06 22:30:19.752  1211  1375 I UsbDeviceManager: water_intrused state= 0
10-06 22:30:19.773  1211  1211 D WifiService: onReceive, action:android.intent.action.BATTERY_CHANGED
10-06 22:30:19.774  1211  1211 D WifiService: ACTION_BATTERY_CHANGED pluggedType: 2
10-06 22:30:21.636  1211  5695 V BroadcastQueue: Finished with ordered broadcast BroadcastRecord{a07405b u0 com.huawei.intent.action.PUSH}
10-06 22:30:22.300  1211  2141 W Watchdog: hungtask: writing kick
10-06 22:30:23.413   776   776 E wificond: Failed to get NL80211_STA_INFO_CNAHLOAD
10-06 22:30:23.422   776   776 E wificond: Failed to get NL80211_STA_INFO_CNAHLOAD
10-06 22:30:29.030  1211  1211 W HwAlarmManagerService: isContainsAppUidInWorksource-->happend NameNotFoundException
10-06 22:30:29.037  1211  1211 I HwAlarmManagerService: hwSetAlarm listenerTag: *job.delay*
10-06 22:30:29.038  1211  1211 I JobScheduler.Time: mNextDelayExpiredElapsedMillis: 972331581
10-06 22:30:29.039  1211  1211 D JobServiceContext: Scheduling time out for '.push.pullwake.jobsched.JobService' jId: 123321, in 18 s
10-06 22:30:29.050  1211  5695 V BroadcastQueue: Finished with ordered broadcast BroadcastRecord{93fa20d u0 com.huawei.bd.action.heartbeat_hour}
10-06 22:30:29.063  1211  1211 D JobServiceContext: handleServiceBound for fa55887 #u10a130/123321 com.tencent.news/.push.pullwake.jobsched.JobService
10-06 22:30:29.063  1211  1211 D JobServiceContext: Scheduling time out for '.push.pullwake.jobsched.JobService' jId: 123321, in 8 s
10-06 22:30:29.082  1211  5637 D JobServiceContext: doCallback of : JobStatus{fa55887 #u10a130/123321 com.tencent.news/.push.pullwake.jobsched.JobService u=10 s=1010130 TIME=-57ms:+4m59s943ms PERSISTED READY} v:VERB_STARTING
10-06 22:30:29.089  1211  5637 W HwAlarmManagerService: isContainsAppUidInWorksource-->happend NameNotFoundException
10-06 22:30:29.132  1211  5637 I HwAlarmManagerService: hwSetAlarm listenerTag: *job.deadline*
10-06 22:30:29.133  1211  5637 I JobScheduler.Time: mNextJobExpiredElapsedMillis: 973094480
10-06 22:30:29.144  1211  5695 I ActivityManager: START u10 {flg=0x10000000 cmp=com.tencent.news/.push.alive.offactivity.HollowActivity} from uid 1010130
10-06 22:30:29.147  1211  5695 I ActivityManager: ActivityRecord info: ActivityInfo{94dc0e com.tencent.news.push.alive.offactivity.HollowActivity}
10-06 22:30:29.154  1211  5695 V WindowManager: No longer Stopped: AppWindowToken{ac1213c token=Token{87d72f ActivityRecord{78eb10e u10 com.tencent.news/.push.alive.offactivity.HollowActivity t1002370}}}
10-06 22:30:29.161  1211  5695 V WindowManager: notifyAppResumed: wasStopped=true AppWindowToken{ac1213c token=Token{87d72f ActivityRecord{78eb10e u10 com.tencent.news/.push.alive.offactivity.HollowActivity t1002370}}}
10-06 22:30:29.166  1211  5695 V WindowManager: Checking 0 opening apps (frozen=false timeout=false)...
10-06 22:30:29.207  1211  5695 V WindowManager: notifyAppStopped: AppWindowToken{ac1213c token=Token{87d72f ActivityRecord{78eb10e u10 com.tencent.news/.push.alive.offactivity.HollowActivity t1002370}}}
10-06 22:30:29.277  1211  9080 D ActivityManager: Skipping intent:flg=0x10800000 cmp=com.tencent.news/.push.alive.offactivity.HollowActivity
10-06 22:30:29.277  1211  9080 D ActivityManager: Skipping intent:flg=0x10800000 cmp=com.ss.android.ugc.aweme/com.ss.android.message.sswo.SswoActivity
10-06 22:30:29.277  1211  9080 D ActivityManager: Skipping, not user: TaskRecord{dd3d3e6 #403 A=com.ss.android.newmedia.message.lockscreen U=0 StackId=1 sz=1}
10-06 22:30:29.277  1211  9080 D ActivityManager: Skipping, home or recents stack task: TaskRecord{df5af3 #1000002 A=com.huawei.android.launcher U=10 StackId=0 sz=1}
10-06 22:30:29.277  1211  9080 D ActivityManager: Skipping intent:flg=0x10804000 cmp=com.android.systemui/.recents.RecentsActivity bnds=[48,1363][1032,2619]
10-06 22:30:29.277  1211  9080 D ActivityManager: Skipping intent:flg=0x10808000 cmp=com.baidu.input_huawei/com.baidu.input.mpermissions.ImePermissionActivity
10-06 22:30:29.277  1211  9080 D ActivityManager: Skipping intent:act=android.deviceinfo.chooser.action.LAUNCH flg=0x10800000 hwFlg=0x100 pkg=com.android.settings cmp=com.android.settings/.deviceinfo.UsbConnModeChooserActivity
10-06 22:30:29.277  1211  9080 D ActivityManager: Skipping intent:act=android.intent.action.VIEW dat=content://com.android.browser.fileProvider/external_files/Download/browser/6ftlane_and_203.apk typ=application/vnd.android.package-archive flg=0x10800000 cmp=com.android.packageinstaller/.InstallStart
10-06 22:30:29.277  1211  9080 D ActivityManager: Skipping intent:act=android.intent.action.MAIN cat=[android.intent.category.LAUNCHER] flg=0x10a00000 cmp=com.huawei.vassistant/.ui.main.VAssistantActivity
10-06 22:30:29.277  1211  9080 D ActivityManager: Skipping intent:act=com.huawei.android.launcher.action.ACCESS_SPLIT_SCREEN_APP cat=[android.intent.category.DEFAULT] flg=0x10804000 cmp=com.huawei.android.launcher/.splitscreen.SplitScreenAppActivity
10-06 22:30:29.277  1211  9080 D ActivityManager: Skipping intent:act=android.intent.action.VIEW dat=http://home.6ftlane.net/... flg=0x13800000 cmp=com.android.browser/.BrowserActivity
10-06 22:30:29.277  1211  9080 D ActivityManager: Skipping intent:flg=0x10808000 cmp=com.huawei.tips/.CopyInfo
10-06 22:30:29.277  1211  9080 D ActivityManager: Skipping intent:flg=0x18800000 cmp=com.tencent.mm/.plugin.base.stub.WXEntryActivity
10-06 22:30:29.277  1211  9080 D ActivityManager: Skipping intent:flg=0x18800000 cmp=com.tencent.mm/.plugin.base.stub.WXPayEntryActivity
10-06 22:30:29.277  1211  9080 D ActivityManager: Skipping, not user: TaskRecord{49d90a7 #373 A=com.huawei.hiview U=0 StackId=1 sz=1}
10-06 22:30:29.277  1211  9080 D ActivityManager: Skipping intent:flg=0x10800000 cmp=com.android.systemui/.usb.UsbDebuggingSecondaryUserActivity
10-06 22:30:29.277  1211  9080 D ActivityManager: Skipping, not user: TaskRecord{b4607d6 #210 A=com.huawei.android.launcher U=0 StackId=0 sz=1}
10-06 22:30:29.277  1211  9080 D ActivityManager: Skipping, not user: TaskRecord{574c1cb #326 A=com.android.systemui U=0 StackId=5 sz=1}
10-06 22:30:29.277  1211  9080 D ActivityManager: Skipping intent:act=android.intent.action.MAIN cat=[android.intent.category.LAUNCHER] flg=0x10a00000 cmp=com.android.systemui/.flashlight.FlashlightActivity
10-06 22:30:29.277  1211  9080 D ActivityManager: Skipping intent:act=android.intent.action.MAIN cat=[android.intent.category.DEFAULT] flg=0x10800000 cmp=com.huawei.fastapp/.app.processManager.RpkLoaderActivityEntry
10-06 22:30:29.277  1211  9080 D ActivityManager: Skipping intent:act=android.intent.action.VIEW dat=content://com.sankuai.meituanandroid.upgrade.fileprovider/upgrade/update_new.apk typ=application/vnd.android.package-archive flg=0x10800001 cmp=com.android.packageinstaller/.InstallStart
10-06 22:30:29.277  1211  9080 D ActivityManager: Skipping intent:act=android.intent.action.MAIN flg=0x10840000 cmp=com.android.incallui/.InCallActivity
10-06 22:30:29.277  1211  9080 D ActivityManager: Skipping intent:act=android.intent.action.VIEW dat=file:///storage/emulated/10/Android/data/com.ss.android.ugc.aweme/files/update.apk typ=application/vnd.android.package-archive flg=0x10800001 cmp=com.android.packageinstaller/.InstallStart
10-06 22:30:29.277  1211  9080 D ActivityManager: Skipping intent:act=android.intent.action.VIEW dat=file:///storage/emulated/10/Android/data/com.tencent.tmgp.sgame/files/NoIfs_B189D0D3B5612FC39F7E9BD5A195FE51_1.41.2.4_293691.apk typ=application/vnd.android.package-archive flg=0x10800000 cmp=com.android.packageinstaller/.InstallStart
10-06 22:30:29.277  1211  9080 D ActivityManager: Skipping intent:act=android.media.action.STILL_IMAGE_CAMERA_SECURE flg=0x34800000 pkg=com.huawei.camera cmp=com.huawei.camera/.controller.SecureCameraActivity
10-06 22:30:29.277  1211  9080 D ActivityManager: Skipping intent:act=android.intent.action.VIEW dat=content://com.android.browser.fileProvider/external_files/Download/browser/WIFI54_201_GZ.apk typ=application/vnd.android.package-archive flg=0x10800000 cmp=com.android.packageinstaller/.InstallStart
10-06 22:30:29.277  1211  9080 D ActivityManager: Skipping, not user: TaskRecord{defbc71 #233 A=com.android.systemui U=0 StackId=-1 sz=0}
10-06 22:30:29.277  1211  9080 D ActivityManager: Skipping intent:act=android.intent.action.VIEW dat=https://redirect.levect.com/... flg=0x33800000 cmp=com.android.browser/.BrowserActivity
10-06 22:30:29.277  1211  9080 D ActivityManager: Skipping intent:act=android.intent.action.VIEW dat=https://redirect.levect.com/... flg=0x30800000 cmp=com.huawei.android.internal.app/.HwResolverActivity
10-06 22:30:29.277  1211  9080 D ActivityManager: Skipping intent:act=android.intent.action.MAIN cat=[android.intent.category.HOME] flg=0x10800300 cmp=com.android.settings/.FallbackHome
10-06 22:30:29.277  1211  9080 D ActivityManager: Skipping, not user: TaskRecord{2ba9a04 #209 A=com.huawei.android.hwupgradeguide U=0 StackId=-1 sz=0}
10-06 22:30:29.277  1211  9080 D ActivityManager: Skipping, not user: TaskRecord{f8673dd #1 I=com.android.settings/.FallbackHome U=0 StackId=-1 sz=0}
10-06 22:30:29.279  1211  9080 D ActivityManager: Skipping intent:flg=0x10800000 cmp=com.tencent.news/.push.alive.offactivity.HollowActivity
10-06 22:30:29.279  1211  9080 D ActivityManager: Skipping intent:flg=0x10800000 cmp=com.ss.android.ugc.aweme/com.ss.android.message.sswo.SswoActivity
10-06 22:30:29.279  1211  9080 D ActivityManager: Skipping, not user: TaskRecord{dd3d3e6 #403 A=com.ss.android.newmedia.message.lockscreen U=0 StackId=1 sz=1}
10-06 22:30:29.279  1211  9080 D ActivityManager: Skipping, home or recents stack task: TaskRecord{df5af3 #1000002 A=com.huawei.android.launcher U=10 StackId=0 sz=1}
10-06 22:30:29.279  1211  9080 D ActivityManager: Skipping intent:flg=0x10804000 cmp=com.android.systemui/.recents.RecentsActivity bnds=[48,1363][1032,2619]
10-06 22:30:29.279  1211  9080 D ActivityManager: Skipping intent:flg=0x10808000 cmp=com.baidu.input_huawei/com.baidu.input.mpermissions.ImePermissionActivity
10-06 22:30:29.279  1211  9080 D ActivityManager: Skipping intent:act=android.deviceinfo.chooser.action.LAUNCH flg=0x10800000 hwFlg=0x100 pkg=com.android.settings cmp=com.android.settings/.deviceinfo.UsbConnModeChooserActivity
10-06 22:30:29.279  1211  9080 D ActivityManager: Skipping intent:act=android.intent.action.VIEW dat=content://com.android.browser.fileProvider/external_files/Download/browser/6ftlane_and_203.apk typ=application/vnd.android.package-archive flg=0x10800000 cmp=com.android.packageinstaller/.InstallStart
10-06 22:30:29.279  1211  9080 D ActivityManager: Skipping intent:act=android.intent.action.MAIN cat=[android.intent.category.LAUNCHER] flg=0x10a00000 cmp=com.huawei.vassistant/.ui.main.VAssistantActivity
10-06 22:30:29.279  1211  9080 D ActivityManager: Skipping intent:act=com.huawei.android.launcher.action.ACCESS_SPLIT_SCREEN_APP cat=[android.intent.category.DEFAULT] flg=0x10804000 cmp=com.huawei.android.launcher/.splitscreen.SplitScreenAppActivity
10-06 22:30:29.279  1211  9080 D ActivityManager: Skipping intent:act=android.intent.action.VIEW dat=http://home.6ftlane.net/... flg=0x13800000 cmp=com.android.browser/.BrowserActivity
10-06 22:30:29.279  1211  9080 D ActivityManager: Skipping intent:flg=0x10808000 cmp=com.huawei.tips/.CopyInfo
10-06 22:30:29.279  1211  9080 D ActivityManager: Skipping intent:flg=0x18800000 cmp=com.tencent.mm/.plugin.base.stub.WXEntryActivity
10-06 22:30:29.279  1211  9080 D ActivityManager: Skipping intent:flg=0x18800000 cmp=com.tencent.mm/.plugin.base.stub.WXPayEntryActivity
10-06 22:30:29.279  1211  9080 D ActivityManager: Skipping, not user: TaskRecord{49d90a7 #373 A=com.huawei.hiview U=0 StackId=1 sz=1}
10-06 22:30:29.279  1211  9080 D ActivityManager: Skipping intent:flg=0x10800000 cmp=com.android.systemui/.usb.UsbDebuggingSecondaryUserActivity
10-06 22:30:29.280  1211  9080 D ActivityManager: Skipping, not user: TaskRecord{b4607d6 #210 A=com.huawei.android.launcher U=0 StackId=0 sz=1}
10-06 22:30:29.280  1211  9080 D ActivityManager: Skipping, not user: TaskRecord{574c1cb #326 A=com.android.systemui U=0 StackId=5 sz=1}
10-06 22:30:29.280  1211  9080 D ActivityManager: Skipping intent:act=android.intent.action.MAIN cat=[android.intent.category.LAUNCHER] flg=0x10a00000 cmp=com.android.systemui/.flashlight.FlashlightActivity
10-06 22:30:29.280  1211  9080 D ActivityManager: Skipping intent:act=android.intent.action.MAIN cat=[android.intent.category.DEFAULT] flg=0x10800000 cmp=com.huawei.fastapp/.app.processManager.RpkLoaderActivityEntry
10-06 22:30:29.280  1211  9080 D ActivityManager: Skipping intent:act=android.intent.action.VIEW dat=content://com.sankuai.meituanandroid.upgrade.fileprovider/upgrade/update_new.apk typ=application/vnd.android.package-archive flg=0x10800001 cmp=com.android.packageinstaller/.InstallStart
10-06 22:30:29.280  1211  9080 D ActivityManager: Skipping intent:act=android.intent.action.MAIN flg=0x10840000 cmp=com.android.incallui/.InCallActivity
10-06 22:30:29.280  1211  9080 D ActivityManager: Skipping intent:act=android.intent.action.VIEW dat=file:///storage/emulated/10/Android/data/com.ss.android.ugc.aweme/files/update.apk typ=application/vnd.android.package-archive flg=0x10800001 cmp=com.android.packageinstaller/.InstallStart
10-06 22:30:29.280  1211  9080 D ActivityManager: Skipping intent:act=android.intent.action.VIEW dat=file:///storage/emulated/10/Android/data/com.tencent.tmgp.sgame/files/NoIfs_B189D0D3B5612FC39F7E9BD5A195FE51_1.41.2.4_293691.apk typ=application/vnd.android.package-archive flg=0x10800000 cmp=com.android.packageinstaller/.InstallStart
10-06 22:30:29.280  1211  9080 D ActivityManager: Skipping intent:act=android.media.action.STILL_IMAGE_CAMERA_SECURE flg=0x34800000 pkg=com.huawei.camera cmp=com.huawei.camera/.controller.SecureCameraActivity
10-06 22:30:29.280  1211  9080 D ActivityManager: Skipping intent:act=android.intent.action.VIEW dat=content://com.android.browser.fileProvider/external_files/Download/browser/WIFI54_201_GZ.apk typ=application/vnd.android.package-archive flg=0x10800000 cmp=com.android.packageinstaller/.InstallStart
10-06 22:30:29.280  1211  9080 D ActivityManager: Skipping, not user: TaskRecord{defbc71 #233 A=com.android.systemui U=0 StackId=-1 sz=0}
10-06 22:30:29.280  1211  9080 D ActivityManager: Skipping intent:act=android.intent.action.VIEW dat=https://redirect.levect.com/... flg=0x33800000 cmp=com.android.browser/.BrowserActivity
10-06 22:30:29.280  1211  9080 D ActivityManager: Skipping intent:act=android.intent.action.VIEW dat=https://redirect.levect.com/... flg=0x30800000 cmp=com.huawei.android.internal.app/.HwResolverActivity
10-06 22:30:29.280  1211  9080 D ActivityManager: Skipping intent:act=android.intent.action.MAIN cat=[android.intent.category.HOME] flg=0x10800300 cmp=com.android.settings/.FallbackHome
10-06 22:30:29.280  1211  9080 D ActivityManager: Skipping, not user: TaskRecord{2ba9a04 #209 A=com.huawei.android.hwupgradeguide U=0 StackId=-1 sz=0}
10-06 22:30:29.280  1211  9080 D ActivityManager: Skipping, not user: TaskRecord{f8673dd #1 I=com.android.settings/.FallbackHome U=0 StackId=-1 sz=0}
10-06 22:30:30.244  1211  5695 V BroadcastQueue: Finished with ordered broadcast BroadcastRecord{4b405c5 u10 alarm.push.timer.action}
10-06 22:30:31.421   776   776 E wificond: Failed to get NL80211_STA_INFO_CNAHLOAD
10-06 22:30:39.425   776   776 I chatty  : uid=1010(wifi) /system/bin/wificond identical 2 lines
10-06 22:30:39.433   776   776 E wificond: Failed to get NL80211_STA_INFO_CNAHLOAD
10-06 22:30:41.331  1211  5695 V BroadcastQueue: Finished with ordered broadcast BroadcastRecord{fb9e828 u10 ALARM_ACTION(15533)}
10-06 22:30:47.432   776   776 E wificond: Failed to get NL80211_STA_INFO_CNAHLOAD
10-06 22:30:47.440   776   776 E wificond: Failed to get NL80211_STA_INFO_CNAHLOAD
10-06 22:30:49.957  1211  1375 D HwBatteryService: onUEvent fcpStatus = 0,scpStatus =0,ovpStatus=0
10-06 22:30:49.959  1211  1375 I UsbDeviceManager: water_intrused state= 0
10-06 22:30:49.976  1211  1211 D WifiService: onReceive, action:android.intent.action.BATTERY_CHANGED
10-06 22:30:49.976  1211  1211 D WifiService: ACTION_BATTERY_CHANGED pluggedType: 2
10-06 22:30:52.303  1211  2141 W Watchdog: hungtask: writing kick
10-06 22:30:55.437   776   776 E wificond: Failed to get NL80211_STA_INFO_CNAHLOAD
10-06 22:30:55.446   776   776 E wificond: Failed to get NL80211_STA_INFO_CNAHLOAD
10-06 22:31:02.318  1211  1211 D WifiService: onReceive, action:android.intent.action.BATTERY_CHANGED
10-06 22:31:02.318  1211  1211 D WifiService: ACTION_BATTERY_CHANGED pluggedType: 2
10-06 22:31:03.440   776   776 E wificond: Failed to get NL80211_STA_INFO_CNAHLOAD
10-06 22:31:19.457   776   776 I chatty  : uid=1010(wifi) /system/bin/wificond identical 4 lines
10-06 22:31:19.464   776   776 E wificond: Failed to get NL80211_STA_INFO_CNAHLOAD
10-06 22:31:20.164  1211  1375 D HwBatteryService: onUEvent fcpStatus = 0,scpStatus =0,ovpStatus=0
10-06 22:31:20.166  1211  1375 I UsbDeviceManager: water_intrused state= 0
10-06 22:31:20.179  1211  1211 D WifiService: onReceive, action:android.intent.action.BATTERY_CHANGED
10-06 22:31:20.179  1211  1211 D WifiService: ACTION_BATTERY_CHANGED pluggedType: 2
10-06 22:31:22.305  1211  2141 W Watchdog: hungtask: writing kick
10-06 22:31:27.466   776   776 E wificond: Failed to get NL80211_STA_INFO_CNAHLOAD
10-06 22:31:43.474   776   776 I chatty  : uid=1010(wifi) /system/bin/wificond identical 4 lines
10-06 22:31:43.481   776   776 E wificond: Failed to get NL80211_STA_INFO_CNAHLOAD
10-06 22:31:50.373  1211  1375 D HwBatteryService: onUEvent fcpStatus = 0,scpStatus =0,ovpStatus=0
10-06 22:31:50.375  1211  1375 I UsbDeviceManager: water_intrused state= 0
10-06 22:31:50.395  1211  1211 D WifiService: onReceive, action:android.intent.action.BATTERY_CHANGED
10-06 22:31:50.395  1211  1211 D WifiService: ACTION_BATTERY_CHANGED pluggedType: 2
10-06 22:31:51.481   776   776 E wificond: Failed to get NL80211_STA_INFO_CNAHLOAD
10-06 22:31:51.488   776   776 E wificond: Failed to get NL80211_STA_INFO_CNAHLOAD
10-06 22:31:52.307  1211  2141 W Watchdog: hungtask: writing kick
10-06 22:31:59.488   776   776 E wificond: Failed to get NL80211_STA_INFO_CNAHLOAD
--------- beginning of main
10-06 22:31:59.945  3170 18472 W HiAction_b: TraceFlow.PushMessageFlow: syncSend type:3 requestid:1728144591
10-06 22:31:59.945  3170 18472 I HiAction_XChannel.d: setQueue(): 
10-06 22:31:59.946  3170 18472 I HiAction_b: syncSend(): send message to server
10-06 22:31:59.946  3170 18472 I HiAction_b: syncSend(): to get response
10-06 22:31:59.946  3170 18472 I HiAction_XChannel.d: getMessage(): 
10-06 22:32:00.290  1211  1211 I chatty  : uid=1000 system_server expire 73 lines
10-06 22:32:00.710  1211  1611 I chatty  : uid=1000(system) HwWifiStatStore expire 10 lines
10-06 22:32:01.947  3170 18472 E HiAction_b: syncSend(): receive response timeout
10-06 22:32:01.947  3170 18472 I HiAction_XChannel.d: removeMessage(): 
10-06 22:32:01.947  3170 18472 I HiAction_b: firstStep(): msg or msg.data is null
10-06 22:32:01.947  3170 18472 E HiAction_XChannel.k-3187: run(): LogXin failed, exit
10-06 22:32:01.947  3170 18472 I HiAction_XChannel.k-3187: notifyRestartWork(): 
10-06 22:32:01.947  3170 18472 I HiAction_XChannel.XChannelService: sdkStatusChange(): 
10-06 22:32:01.948  3170 18472 I HiAction_XChannel.k-3187: setIntoMsgQueue(): 
10-06 22:32:01.948  3170 18207 I HiAction_XChannel.e: sdkStatusChange(): 
10-06 22:32:01.948  3170 18207 I HiAction_XChannel.a: onSdkStatusChange(): isAvaliable[false] status[PUSH_MSG_UNAVAILABLE]
10-06 22:32:01.948  3170 18483 I HiAction_XChannel.i-3187: run(): get stop message and stop current thread
10-06 22:32:01.949  3170 18483 I HiAction_XChannel.i-3187: run(): release wakelock before SendThread exit
10-06 22:32:01.949  3170 18483 I HiAction_XChannel.k-3187: notifyRestartWork(): 
10-06 22:32:01.949  3170 18483 I HiAction_XChannel.XChannelService: sdkStatusChange(): 
10-06 22:32:01.949  3170 18483 I HiAction_XChannel.k-3187: setIntoMsgQueue(): 
10-06 22:32:01.949  3170 18207 I HiAction_XChannel.e: sdkStatusChange(): 
10-06 22:32:01.949  3170 18207 I HiAction_XChannel.a: onSdkStatusChange(): isAvaliable[false] status[PUSH_MSG_UNAVAILABLE]
10-06 22:32:02.324  1723  1723 I chatty  : uid=10027(u0_a27) com.android.systemui expire 39 lines
10-06 22:32:02.327 16587 16682 E CloudAlbum[8.1.2.306]: [ReceiverManager] not log on ignore
10-06 22:31:59.496   776   776 E wificond: Failed to get NL80211_STA_INFO_CNAHLOAD
10-06 22:32:02.327  1211  1211 D WifiService: onReceive, action:android.intent.action.BATTERY_CHANGED
10-06 22:32:02.332  1211  1211 D WifiService: ACTION_BATTERY_CHANGED pluggedType: 2
10-06 22:32:03.950  3170 18483 I HiAction_XChannel.i-3187: run(): schedule to restart XChannelClient
10-06 22:32:03.950  3170 18483 I HiAction_XChannel.k: startWork(): 
10-06 22:32:03.954  3170 18483 I HiAction_XChannel.k: getDelay(): current time is 2018年10月6日 下午10:32:03, last connect time is 2018年10月6日 下午10:30:56
10-06 22:32:03.954  3170 18483 I HiAction_XChannel.k: getDelay(): more than one minute between tow connections, delay is set to be 0
10-06 22:32:03.956  3170 18483 I HiAction_XChannel.k: run(): startWork is scheduled
10-06 22:32:03.956  3170 18483 I HiAction_XChannel.i-3187: run(): SendThread exit
10-06 22:32:03.958  3170 18486 I HiAction_XChannel.k-3188: run(): 
10-06 22:32:03.958  3170 18486 I HiAction_XChannel.k-3188: reset(): 
10-06 22:32:03.958  3170 18486 I HiAction_XChannel.k-3188: reset(): stop expired alarm
10-06 22:32:03.958  3170 18486 I HiAction_XChannel.k-3188: stopAlarm(): 
10-06 22:32:03.958  3170 18486 I HiAction_XChannel.k-3188: reset(): interrupt recvThread
10-06 22:32:03.958  3170 18486 I HiAction_XChannel.k-3188: reset(): interrupt sendThread
10-06 22:32:03.958  3170 18486 I HiAction_XChannel.k-3188: reset(): close expired socket
10-06 22:32:03.959  3170 18486 I HiAction_XChannel.k-3188: reset(): ensure expired threads exit
10-06 22:32:03.961  3170 18482 E HiAction_XChannel.f-3187: run(): inputStream.read SocketException: java.net.SocketException: Socket closed
10-06 22:32:03.961  3170 18482 I HiAction_XChannel.f-3187: run(): not ETIMEDOUT exception, should refresh pusher address
10-06 22:32:03.961  3170 18482 I HiAction_XChannel.k-3188: stopAlarm(): 
10-06 22:32:03.961  3170 18482 I HiAction_XChannel.k-3188: notifyRestartWork(): 
10-06 22:32:03.961  3170 18482 I HiAction_XChannel.XChannelService: sdkStatusChange(): 
10-06 22:32:03.961  3170 18482 I HiAction_XChannel.k-3188: setIntoMsgQueue(): 
10-06 22:32:03.962  3170 18482 W HiAction_XChannel.k-3188: connectAndLogin(): sendq.offer exception: java.lang.InterruptedException
10-06 22:32:03.962  3170 18482 I HiAction_XChannel.f-3187: run(): RecvThread exit
10-06 22:32:03.962  3170 18486 I HiAction_XChannel.k-3188: reset(): receive thread exit
10-06 22:32:03.962  3170 18486 I HiAction_XChannel.k-3188: reset(): send thread exit
10-06 22:32:03.962  3170 18207 I HiAction_XChannel.e: sdkStatusChange(): 
10-06 22:32:03.963  3170 18207 I HiAction_XChannel.a: onSdkStatusChange(): isAvaliable[false] status[PUSH_MSG_UNAVAILABLE]
10-06 22:32:03.963  3170 18486 I HiAction_XChannel.k-3188: reset(): clear expired data
10-06 22:32:03.963  3170 18486 I HiAction_XChannel.d: clear(): 
10-06 22:32:03.963  3170 18486 I HiAction_XChannel.a: clear(): 
10-06 22:32:03.963  3170 18486 I HiAction_XChannel.k-3188: reset(): success
10-06 22:32:03.963  3170 18486 I HiAction_XChannel.k-3188: getPusher(): 
10-06 22:32:03.963  3170 18486 I HiAction_XChannel.n: set REDIRECT_SERVER to default
10-06 22:32:03.972   513 18487 W libc    : Set property "hw.wifi.dns_stat" to "2865,512,15037,1,180725"
10-06 22:32:07.039  3170 18486 I HiAction_ThreadStateSync: get threadAllReady
10-06 22:32:07.039  3170 18488 I HiAction_XChannel.f-3188: run():
10-06 22:32:07.039  3170 18486 I HiAction_ThreadStateSync: get isSendThreadReady
10-06 22:32:07.039  3170 18488 I HiAction_ThreadStateSync: receiveThreadRun
10-06 22:32:07.040  3170 18489 I HiAction_XChannel.i-3188: run 
10-06 22:32:07.040  3170 18489 I HiAction_ThreadStateSync: sendThreadRun
10-06 22:32:07.040  3170 18489 I HiAction_XChannel.k-3188: getFromMsgReqQueue(): 
10-06 22:32:07.040  3170 18486 I HiAction_ThreadStateSync: SendThreadBlockQueue get  :java.lang.Object@afa1cbb
10-06 22:32:07.040  3170 18486 I HiAction_ThreadStateSync: get isReceiveThreadReady
10-06 22:32:07.040  3170 18486 I HiAction_ThreadStateSync: ReceiveThreadBlockQueue  get  :java.lang.Object@4e165d8
10-06 22:32:07.040  3170 18486 I HiAction_b: handshake(): 
10-06 22:32:07.040  3170 18486 I HiAction_b: firstStep(): 
10-06 22:32:07.040  3170 18486 I HiAction_b: firstStepContent(): 
10-06 22:32:07.040  3170 18486 I HiAction_b: firstStepContent(): encryptLength=155
10-06 22:32:07.051  3170 18486 I HiAction_b: firstStep(): body.length=403
10-06 22:32:07.052  3170 18486 W HiAction_b: TraceFlow.PushMessageFlow: syncSend type:3 requestid:1255813122
10-06 22:32:07.052  3170 18486 I HiAction_XChannel.d: setQueue(): 
10-06 22:32:07.052  3170 18486 I HiAction_b: syncSend(): send message to server
10-06 22:32:07.053  3170 18486 I HiAction_b: syncSend(): to get response
10-06 22:32:07.053  3170 18486 I HiAction_XChannel.d: getMessage(): 
10-06 22:32:07.119  1211  1666 I chatty  : uid=1000(system) WiFiArpStateMac expire 10 lines
10-06 22:32:07.490   776   776 E wificond: Failed to get NL80211_STA_INFO_CNAHLOAD
10-06 22:32:07.491  1211  1612 I chatty  : uid=1000(system) HwWifiCHRStateM expire 12 lines
10-06 22:32:07.498  1211  1680 I chatty  : uid=1000(system) HuaweiWifiWatch expire 43 lines
10-06 22:32:09.054  3170 18486 E HiAction_b: syncSend(): receive response timeout
10-06 22:32:09.054  3170 18486 I HiAction_XChannel.d: removeMessage(): 
10-06 22:32:09.054  3170 18486 I HiAction_b: firstStep(): msg or msg.data is null
10-06 22:32:09.054  3170 18486 E HiAction_XChannel.k-3188: run(): LogXin failed, exit
10-06 22:32:09.054  3170 18486 I HiAction_XChannel.k-3188: notifyRestartWork(): 
10-06 22:32:09.054  3170 18486 I HiAction_XChannel.XChannelService: sdkStatusChange(): 
10-06 22:32:09.055  3170 18486 I HiAction_XChannel.k-3188: setIntoMsgQueue(): 
10-06 22:32:09.055  3170 18207 I HiAction_XChannel.e: sdkStatusChange(): 
10-06 22:32:09.055  3170 18489 I HiAction_XChannel.i-3188: run(): get stop message and stop current thread
10-06 22:32:09.055  3170 18207 I HiAction_XChannel.a: onSdkStatusChange(): isAvaliable[false] status[PUSH_MSG_UNAVAILABLE]
10-06 22:32:09.055  3170 18489 I HiAction_XChannel.i-3188: run(): release wakelock before SendThread exit
10-06 22:32:09.055  3170 18489 I HiAction_XChannel.k-3188: notifyRestartWork(): 
10-06 22:32:09.055  3170 18489 I HiAction_XChannel.XChannelService: sdkStatusChange(): 
10-06 22:32:09.056  3170 18207 I HiAction_XChannel.e: sdkStatusChange(): 
10-06 22:32:09.056  3170 18489 I HiAction_XChannel.k-3188: setIntoMsgQueue(): 
10-06 22:32:09.056  3170 18207 I HiAction_XChannel.a: onSdkStatusChange(): isAvaliable[false] status[PUSH_MSG_UNAVAILABLE]
10-06 22:32:07.496   776   776 E wificond: Failed to get NL80211_STA_INFO_CNAHLOAD
10-06 22:32:09.869  1211  1375 D HwBatteryService: onUEvent fcpStatus = 0,scpStatus =0,ovpStatus=0
10-06 22:32:09.871  1211  1375 I UsbDeviceManager: water_intrused state= 0
10-06 22:32:09.880   796  1331 D dubaid  : [HourlyRoutine.cpp] handleRequestOffset# timestamp=1538834400000, expire=1670120
10-06 22:32:09.881   796  1329 I dubaid  : [PollingRoutine.cpp] notifyPolling# Polling routine start, timestamp: 1538836329879, reason: 1
10-06 22:32:09.884   698   698 E WifiHAL : enter wifi_get_link_stats
10-06 22:32:09.886  2203  2290 I chatty  : uid=1000(system) core expire 14 lines
10-06 22:32:09.889  1211  1211 D WifiService: onReceive, action:android.intent.action.BATTERY_CHANGED
10-06 22:32:09.889  1211  1211 D WifiService: ACTION_BATTERY_CHANGED pluggedType: 2
10-06 22:32:09.895 16587 16682 E CloudAlbum[8.1.2.306]: [ReceiverManager] not log on ignore
10-06 22:32:09.905  2203 18492 I chatty  : uid=1000(system) com.huawei.powergenie expire 1 line
10-06 22:32:09.910  1211  1233 E BatteryStatsService: no controller energy info supplied
10-06 22:32:09.969  1211  5637 I chatty  : uid=1000(system) Binder:1211_17 expire 9 lines
10-06 22:32:09.991  1211  1233 E BatteryStatsService: modem info is invalid: ModemActivityInfo{ mTimestamp=0 mSleepTimeMs=0 mIdleTimeMs=0 mTxTimeMs[]=[0, 0, 0, 0, 0] mRxTimeMs=0 mEnergyUsed=0}
10-06 22:32:10.059 18301 18494 D TelephonyManager: getAllCellInfo calling app is com.sankuai.meituan
10-06 22:32:10.062  2218  2700 W PhoneInterfaceManager: shouldBlockLocation running ...
10-06 22:32:10.074  2218  2700 I PhoneInterfaceManager: shouldBlockLocation  ret:false
10-06 22:32:10.075  1211  9080 I chatty  : uid=1000(system) Binder:1211_20 expire 39 lines
10-06 22:32:10.077  2177  2189 D HwMSDPDeviceStatusServiceProxy: getCurrentDeviceStatus in
10-06 22:32:10.077  2177  2189 D ARMoudle.HwActivityRecognition: getCurrentActivityExtend
10-06 22:32:10.079   662   662 I ArData  : (ar_data_get_state:1203):id[2]
10-06 22:32:10.081  2177  2189 D ARMoudle.HwActivityRecognition: hwActivityEvent:[ ActivityChangedExtendEvent:
10-06 22:32:10.081  2177  2189 D ARMoudle.HwActivityRecognition:     Activity='android.activity_recognition.still', EventType=1, TimestampNs=971837077935049
10-06 22:32:10.081  2177  2189 D ARMoudle.HwActivityRecognition: ]
10-06 22:32:10.081  2177  2189 D HwMSDPDeviceStatusServiceProxy: timestampNs is (get) :971837077
10-06 22:32:10.082  2177  2189 D HwMSDPDeviceStatusServiceProxy: sensorHubStatus  is android.activity_recognition.stillmEventType is 1mTimestampNs is 971837077
10-06 22:32:10.082  2177  2189 D HwMSDPDeviceStatusServiceProxy: get current device status results is [ActivityChangedEvent:
10-06 22:32:10.082  2177  2189 D HwMSDPDeviceStatusServiceProxy: DeviceStatus='android.activity_recognition.still_of_absolute_level_one',EventType='1',TimestampNs=971837077
10-06 22:32:10.082  2177  2189 D HwMSDPDeviceStatusServiceProxy: ]
10-06 22:32:10.082  2177  2189 D HwMSDPDeviceStatusService: hwMSDPDeviceStatusEvents  is [DeviceStatus='android.activity_recognition.still_of_absolute_level_one',EventType='1',TimestampNs=971837077]
10-06 22:32:10.139   513 18496 W libc    : Set property "hw.wifi.dns_stat" to "2866,512,15037,1,180727"
10-06 22:32:11.056  3170 18489 I HiAction_XChannel.i-3188: run(): schedule to restart XChannelClient
10-06 22:32:11.056  3170 18489 I HiAction_XChannel.k: startWork(): 
10-06 22:32:11.061  3170 18489 I HiAction_XChannel.k: getDelay(): current time is 2018年10月6日 下午10:32:11, last connect time is 2018年10月6日 下午10:32:03
10-06 22:32:11.061  3170 18489 I HiAction_XChannel.k: getDelay(): connect to pusher more than one time in one minute, delay is set to be 53
10-06 22:32:11.064  3170 18489 I HiAction_XChannel.k: run(): startWork is scheduled
10-06 22:32:11.064  3170 18489 I HiAction_XChannel.i-3188: run(): SendThread exit
10-06 22:32:11.080  3170 18488 I HiAction_XChannel.k-3188: restartAlarm(): 
10-06 22:32:11.091  3170 18488 W HiAction_XChannel.f-3188: TraceFlow.PushMessageFlow: handlePacket type:0
10-06 22:32:11.091  3170 18488 I HiAction_XChannel.d: addMessage(): 
10-06 22:32:11.091  3170 18488 E HiAction_XChannel.d: addMessage(): queue is null, requestId[1255813122]
10-06 22:32:11.091  3170 18488 I HiAction_XChannel.k-3188: stopAlarm(): 
10-06 22:32:11.139  3170 18488 I HiAction_XChannel.k-3188: notifyRestartWork(): 
10-06 22:32:11.140  3170 18488 I HiAction_XChannel.XChannelService: sdkStatusChange(): 
10-06 22:32:11.140  3170 18488 I HiAction_XChannel.k-3188: setIntoMsgQueue(): 
10-06 22:32:11.140  3170 18488 I HiAction_XChannel.f-3188: run(): RecvThread exit
10-06 22:32:11.141  3170 18207 I HiAction_XChannel.e: sdkStatusChange(): 
10-06 22:32:11.141  3170 18207 I HiAction_XChannel.a: onSdkStatusChange(): isAvaliable[false] status[PUSH_MSG_UNAVAILABLE]
10-06 22:32:15.501   776   776 E wificond: Failed to get NL80211_STA_INFO_CNAHLOAD
10-06 22:32:17.064   750   817 E emcomd  : [EMCOMD_NET] parse_dns_process# host or ip is missing
10-06 22:32:17.077   513 18499 W libc    : Set property "hw.wifi.dns_stat" to "2867,512,15037,1,180767"
10-06 22:32:17.315  1211  1211 I chatty  : uid=1000 system_server expire 55 lines
10-06 22:32:19.766   698   698 E WifiHAL : enter wifi_get_link_stats
10-06 22:32:15.509   776   776 E wificond: Failed to get NL80211_STA_INFO_CNAHLOAD
10-06 22:32:19.780  1211  1233 E BatteryStatsService: no controller energy info supplied
10-06 22:32:19.830  1211  1233 E BatteryStatsService: modem info is invalid: ModemActivityInfo{ mTimestamp=0 mSleepTimeMs=0 mIdleTimeMs=0 mTxTimeMs[]=[0, 0, 0, 0, 0] mRxTimeMs=0 mEnergyUsed=0}
10-06 22:32:20.429   775   775 E Thermal-daemon: [ap] temp_new :37  temp_old :36
10-06 22:32:20.430  2203  3935 I chatty  : uid=1000(system) Binder:2203_6 expire 11 lines
10-06 22:32:20.431   775   775 E Thermal-daemon: Report temperature: [ap] temp :37  report_threshold:1
10-06 22:32:20.431  2203  3746 I chatty  : uid=1000(system) thermal-core-th expire 11 lines
10-06 22:32:20.589  1211  1375 D HwBatteryService: onUEvent fcpStatus = 0,scpStatus =0,ovpStatus=0
10-06 22:32:20.590  1211  1375 I UsbDeviceManager: water_intrused state= 0
10-06 22:32:20.617  1211  1211 D WifiService: onReceive, action:android.intent.action.BATTERY_CHANGED
10-06 22:32:20.618  1211  1211 D WifiService: ACTION_BATTERY_CHANGED pluggedType: 2
10-06 22:32:20.618  1723  1723 I chatty  : uid=10027(u0_a27) com.android.systemui expire 23 lines
10-06 22:32:20.624  2203  2203 I chatty  : uid=1000(system) com.huawei.powergenie expire 10 lines
10-06 22:32:20.645 16587 16682 E CloudAlbum[8.1.2.306]: [ReceiverManager] not log on ignore
10-06 22:32:21.793  2203 30040 I chatty  : uid=1000(system) traffic stats expire 10 lines
10-06 22:32:22.310  1211  2141 W Watchdog: hungtask: writing kick
10-06 22:32:23.506   776   776 E wificond: Failed to get NL80211_STA_INFO_CNAHLOAD
10-06 22:32:23.519  1211  1680 I chatty  : uid=1000(system) HuaweiWifiWatch expire 49 lines
