10-06 22:32:23.526  1211  1675 I chatty  : uid=1000(system) WifiProStateMac expire 10 lines
10-06 22:32:27.192  1211  1666 I chatty  : uid=1000(system) WiFiArpStateMac expire 16 lines
10-06 22:32:30.437   775   775 E Thermal-daemon: [ap] temp_new :36  temp_old :37
10-06 22:32:30.439   775   775 E Thermal-daemon: Report temperature: [ap] temp :36  report_threshold:1
10-06 22:32:30.755  1211  1611 I chatty  : uid=1000(system) HwWifiStatStore expire 11 lines
10-06 22:32:31.520  1211  1211 I chatty  : uid=1000 system_server expire 50 lines
10-06 22:32:31.532  1211  4240 I chatty  : uid=1000(system) MobileQosDetect expire 12 lines
10-06 22:32:39.521  1211  1612 I chatty  : uid=1000(system) HwWifiCHRStateM expire 12 lines
10-06 22:32:40.445   775   775 E Thermal-daemon: [ap] temp_new :37  temp_old :36
10-06 22:32:40.446   775   775 E Thermal-daemon: Report temperature: [ap] temp :37  report_threshold:1
10-06 22:32:39.519   776   776 I chatty  : uid=1010(wifi) /system/bin/wificond identical 4 lines
10-06 22:32:39.528   776   776 E wificond: Failed to get NL80211_STA_INFO_CNAHLOAD
10-06 22:32:41.253   513   646 W SocketListener: sending broadcast to Pid = 1211, Uid = 1000 
10-06 22:32:41.256  1211  1605 D NetdConnector: RCV <- {613 IfaceClass idle 1 972264133764734}
10-06 22:32:41.259  1211  1605 D NetdConnector: RCV <- {613 IfaceClass idle 1 972264133764734}
10-06 22:32:41.262  1211  1235 D NetdConnector: RCV unsolicited event from native daemon, event = 613
10-06 22:32:41.271  1211  9080 V BroadcastQueue: Finished with ordered broadcast BroadcastRecord{d300eca u-1 android.net.conn.DATA_ACTIVITY_CHANGE}
10-06 22:32:42.373   513   646 W SocketListener: sending broadcast to Pid = 1211, Uid = 1000 
10-06 22:32:42.376  1211  1605 D NetdConnector: RCV <- {613 IfaceClass active 1 972265253909526 0}
10-06 22:32:42.379  1211  1605 D NetdConnector: RCV <- {613 IfaceClass active 1 972265253909526 0}
10-06 22:32:42.382  1211  1235 D NetdConnector: RCV unsolicited event from native daemon, event = 613
10-06 22:32:42.392  1211  9080 V BroadcastQueue: Finished with ordered broadcast BroadcastRecord{c34083b u-1 android.net.conn.DATA_ACTIVITY_CHANGE}
10-06 22:32:44.228   774   846 E /system/bin/storaged: pid_info get_pids failed
10-06 22:32:45.450   775   775 E Thermal-daemon: [ap] temp_new :36  temp_old :37
10-06 22:32:45.452   775   775 E Thermal-daemon: Report temperature: [ap] temp :36  report_threshold:1
10-06 22:32:46.387  1211  1211 I chatty  : uid=1000 system_server expire 78 lines
10-06 22:32:47.527   776   776 E wificond: Failed to get NL80211_STA_INFO_CNAHLOAD
10-06 22:32:47.536  1211  1680 I chatty  : uid=1000(system) HuaweiWifiWatch expire 38 lines
10-06 22:32:47.543  1211  3651 I chatty  : uid=1000(system) wifipro_uid_tcp expire 13 lines
10-06 22:32:48.204  1211  1666 I chatty  : uid=1000(system) WiFiArpStateMac expire 22 lines
10-06 22:32:47.534   776   776 E wificond: Failed to get NL80211_STA_INFO_CNAHLOAD
10-06 22:32:50.787  1211  1375 D HwBatteryService: onUEvent fcpStatus = 0,scpStatus =0,ovpStatus=0
10-06 22:32:50.790  1211  1375 I UsbDeviceManager: water_intrused state= 0
10-06 22:32:50.816  1211  1211 D WifiService: onReceive, action:android.intent.action.BATTERY_CHANGED
10-06 22:32:50.817  1211  1211 D WifiService: ACTION_BATTERY_CHANGED pluggedType: 2
10-06 22:32:50.818  1723  1723 I chatty  : uid=10027(u0_a27) com.android.systemui expire 25 lines
10-06 22:32:50.841 16587 16682 E CloudAlbum[8.1.2.306]: [ReceiverManager] not log on ignore
10-06 22:32:52.312  1211  2141 W Watchdog: hungtask: writing kick
10-06 22:32:55.531   776   776 E wificond: Failed to get NL80211_STA_INFO_CNAHLOAD
10-06 22:32:55.538   776   776 E wificond: Failed to get NL80211_STA_INFO_CNAHLOAD
10-06 22:33:02.316  1211  1211 D WifiService: onReceive, action:android.intent.action.BATTERY_CHANGED
10-06 22:33:02.316  1211  1211 D WifiService: ACTION_BATTERY_CHANGED pluggedType: 2
10-06 22:33:02.336 16587 16682 E CloudAlbum[8.1.2.306]: [ReceiverManager] not log on ignore
10-06 22:33:02.360  1723  1723 I chatty  : uid=10027(u0_a27) com.android.systemui expire 14 lines
10-06 22:33:02.420  1211  1211 I chatty  : uid=1000 system_server expire 55 lines
10-06 22:33:03.535   776   776 E wificond: Failed to get NL80211_STA_INFO_CNAHLOAD
10-06 22:33:03.548  1211  1680 I chatty  : uid=1000(system) HuaweiWifiWatch expire 36 lines
10-06 22:33:03.813  1211  1611 I chatty  : uid=1000(system) HwWifiStatStore expire 10 lines
10-06 22:33:04.062  3170 18498 I HiAction_XChannel.k-3189: run(): 
10-06 22:33:04.063  3170 18498 I HiAction_XChannel.k-3189: reset(): 
10-06 22:33:04.063  3170 18498 I HiAction_XChannel.k-3189: reset(): stop expired alarm
10-06 22:33:04.063  3170 18498 I HiAction_XChannel.k-3189: stopAlarm(): 
10-06 22:33:04.063  3170 18498 I HiAction_XChannel.k-3189: reset(): interrupt recvThread
10-06 22:33:04.063  3170 18498 I HiAction_XChannel.k-3189: reset(): interrupt sendThread
10-06 22:33:04.063  3170 18498 I HiAction_XChannel.k-3189: reset(): close expired socket
10-06 22:33:04.065  3170 18498 I HiAction_XChannel.k-3189: reset(): ensure expired threads exit
10-06 22:33:04.065  3170 18498 I HiAction_XChannel.k-3189: reset(): receive thread exit
10-06 22:33:04.065  3170 18498 I HiAction_XChannel.k-3189: reset(): send thread exit
10-06 22:33:04.065  3170 18498 I HiAction_XChannel.k-3189: reset(): clear expired data
10-06 22:33:04.065  3170 18498 I HiAction_XChannel.d: clear(): 
10-06 22:33:04.065  3170 18498 I HiAction_XChannel.a: clear(): 
10-06 22:33:04.065  3170 18498 I HiAction_XChannel.k-3189: reset(): success
10-06 22:33:04.066  3170 18498 I HiAction_XChannel.k-3189: getPusher(): 
10-06 22:33:04.066  3170 18498 I HiAction_XChannel.k-3189: getPusher(): already get correct pusher address
10-06 22:33:04.074   513 18507 W libc    : Set property "hw.wifi.dns_stat" to "2868,512,15037,1,180770"
10-06 22:33:07.002  2203 30040 I chatty  : uid=1000(system) traffic stats expire 14 lines
10-06 22:33:11.154  3170 18498 I HiAction_ThreadStateSync: get threadAllReady
10-06 22:33:11.154  3170 18498 I HiAction_ThreadStateSync: get isSendThreadReady
10-06 22:33:11.155  3170 18510 I HiAction_XChannel.i-3189: run 
10-06 22:33:11.156  3170 18510 I HiAction_ThreadStateSync: sendThreadRun
10-06 22:33:11.156  3170 18510 I HiAction_XChannel.k-3189: getFromMsgReqQueue(): 
10-06 22:33:11.156  3170 18509 I HiAction_XChannel.f-3189: run():
10-06 22:33:11.156  3170 18509 I HiAction_ThreadStateSync: receiveThreadRun
10-06 22:33:11.156  3170 18498 I HiAction_ThreadStateSync: SendThreadBlockQueue get  :java.lang.Object@e42cc16
10-06 22:33:11.156  3170 18498 I HiAction_ThreadStateSync: get isReceiveThreadReady
10-06 22:33:11.156  3170 18498 I HiAction_ThreadStateSync: ReceiveThreadBlockQueue  get  :java.lang.Object@ba3c997
10-06 22:33:11.156  3170 18498 I HiAction_b: handshake(): 
10-06 22:33:11.157  3170 18498 I HiAction_b: firstStep(): 
10-06 22:33:11.157  3170 18498 I HiAction_b: firstStepContent(): 
10-06 22:33:11.157  3170 18498 I HiAction_b: firstStepContent(): encryptLength=155
10-06 22:33:11.167  3170 18498 I HiAction_b: firstStep(): body.length=403
10-06 22:33:11.168  3170 18498 W HiAction_b: TraceFlow.PushMessageFlow: syncSend type:3 requestid:1974745979
10-06 22:33:11.168  3170 18498 I HiAction_XChannel.d: setQueue(): 
10-06 22:33:11.168  3170 18498 I HiAction_b: syncSend(): send message to server
10-06 22:33:11.169  3170 18498 I HiAction_b: syncSend(): to get response
10-06 22:33:11.169  3170 18498 I HiAction_XChannel.d: getMessage(): 
10-06 22:33:11.543  1211  1610 I chatty  : uid=1000(system) WifiStateMachin expire 11 lines
10-06 22:33:11.544  1211  1612 I chatty  : uid=1000(system) HwWifiCHRStateM expire 21 lines
10-06 22:33:13.169  3170 18498 E HiAction_b: syncSend(): receive response timeout
10-06 22:33:13.169  3170 18498 I HiAction_XChannel.d: removeMessage(): 
10-06 22:33:13.170  3170 18498 I HiAction_b: firstStep(): msg or msg.data is null
10-06 22:33:13.170  3170 18498 E HiAction_XChannel.k-3189: run(): LogXin failed, exit
10-06 22:33:13.170  3170 18498 I HiAction_XChannel.k-3189: notifyRestartWork(): 
10-06 22:33:13.170  3170 18498 I HiAction_XChannel.XChannelService: sdkStatusChange(): 
10-06 22:33:13.186  3170 18498 I HiAction_XChannel.k-3189: setIntoMsgQueue(): 
10-06 22:33:13.187  3170 18510 I HiAction_XChannel.i-3189: run(): get stop message and stop current thread
10-06 22:33:13.187  3170 18510 I HiAction_XChannel.i-3189: run(): release wakelock before SendThread exit
10-06 22:33:13.187  3170 18510 I HiAction_XChannel.k-3189: notifyRestartWork(): 
10-06 22:33:13.187  3170 18510 I HiAction_XChannel.XChannelService: sdkStatusChange(): 
10-06 22:33:13.190  3170 18511 I HiAction_XChannel.e: sdkStatusChange(): 
10-06 22:33:13.190  3170 18510 I HiAction_XChannel.k-3189: setIntoMsgQueue(): 
10-06 22:33:13.190  3170 18511 I HiAction_XChannel.a: onSdkStatusChange(): isAvaliable[false] status[PUSH_MSG_UNAVAILABLE]
10-06 22:33:13.191  3170 18512 I HiAction_XChannel.e: sdkStatusChange(): 
10-06 22:33:13.191  3170 18512 I HiAction_XChannel.a: onSdkStatusChange(): isAvaliable[false] status[PUSH_MSG_UNAVAILABLE]
10-06 22:33:15.190  3170 18510 I HiAction_XChannel.i-3189: run(): schedule to restart XChannelClient
10-06 22:33:15.191  3170 18510 I HiAction_XChannel.k: startWork(): 
10-06 22:33:15.196  3170 18510 I HiAction_XChannel.k: getDelay(): current time is 2018年10月6日 下午10:33:15, last connect time is 2018年10月6日 下午10:32:03
10-06 22:33:15.196  3170 18510 I HiAction_XChannel.k: getDelay(): more than one minute between tow connections, delay is set to be 0
10-06 22:33:15.197  3170 18510 I HiAction_XChannel.k: run(): startWork is scheduled
10-06 22:33:15.197  3170 18510 I HiAction_XChannel.i-3189: run(): SendThread exit
10-06 22:33:15.200  3170 18513 I HiAction_XChannel.k-3190: run(): 
10-06 22:33:15.200  3170 18513 I HiAction_XChannel.k-3190: reset(): 
10-06 22:33:15.200  3170 18513 I HiAction_XChannel.k-3190: reset(): stop expired alarm
10-06 22:33:15.200  3170 18513 I HiAction_XChannel.k-3190: stopAlarm(): 
10-06 22:33:15.200  3170 18513 I HiAction_XChannel.k-3190: reset(): interrupt recvThread
10-06 22:33:15.200  3170 18513 I HiAction_XChannel.k-3190: reset(): interrupt sendThread
10-06 22:33:15.201  3170 18513 I HiAction_XChannel.k-3190: reset(): close expired socket
10-06 22:33:15.202  3170 18513 I HiAction_XChannel.k-3190: reset(): ensure expired threads exit
10-06 22:33:15.203  3170 18509 E HiAction_XChannel.f-3189: run(): inputStream.read SocketException: java.net.SocketException: Socket closed
10-06 22:33:15.203  3170 18509 I HiAction_XChannel.f-3189: run(): not ETIMEDOUT exception, should refresh pusher address
10-06 22:33:15.204  3170 18509 I HiAction_XChannel.k-3190: stopAlarm(): 
10-06 22:33:15.204  3170 18509 I HiAction_XChannel.k-3190: notifyRestartWork(): 
10-06 22:33:15.204  3170 18509 I HiAction_XChannel.XChannelService: sdkStatusChange(): 
10-06 22:33:15.204  3170 18509 I HiAction_XChannel.k-3190: setIntoMsgQueue(): 
10-06 22:33:15.204  3170 18509 W HiAction_XChannel.k-3190: connectAndLogin(): sendq.offer exception: java.lang.InterruptedException
10-06 22:33:15.204  3170 18509 I HiAction_XChannel.f-3189: run(): RecvThread exit
10-06 22:33:15.205  3170 18513 I HiAction_XChannel.k-3190: reset(): receive thread exit
10-06 22:33:15.204  3170 18512 I HiAction_XChannel.e: sdkStatusChange(): 
10-06 22:33:15.205  3170 18513 I HiAction_XChannel.k-3190: reset(): send thread exit
10-06 22:33:15.205  3170 18512 I HiAction_XChannel.a: onSdkStatusChange(): isAvaliable[false] status[PUSH_MSG_UNAVAILABLE]
10-06 22:33:15.205  3170 18513 I HiAction_XChannel.k-3190: reset(): clear expired data
10-06 22:33:15.205  3170 18513 I HiAction_XChannel.d: clear(): 
10-06 22:33:15.205  3170 18513 I HiAction_XChannel.a: clear(): 
10-06 22:33:15.205  3170 18513 I HiAction_XChannel.k-3190: reset(): success
10-06 22:33:15.205  3170 18513 I HiAction_XChannel.k-3190: getPusher(): 
10-06 22:33:15.205  3170 18513 I HiAction_XChannel.n: set REDIRECT_SERVER to default
10-06 22:33:15.214   513 18514 W libc    : Set property "hw.wifi.dns_stat" to "2869,512,15037,1,180772"
10-06 22:33:15.265  3170 18513 I HiAction_ThreadStateSync: get threadAllReady
10-06 22:33:15.265  3170 18513 I HiAction_ThreadStateSync: get isSendThreadReady
10-06 22:33:15.266  3170 18516 I HiAction_XChannel.i-3190: run 
10-06 22:33:15.266  3170 18516 I HiAction_ThreadStateSync: sendThreadRun
10-06 22:33:15.266  3170 18516 I HiAction_XChannel.k-3190: getFromMsgReqQueue(): 
10-06 22:33:15.266  3170 18513 I HiAction_ThreadStateSync: SendThreadBlockQueue get  :java.lang.Object@8d16833
10-06 22:33:15.266  3170 18513 I HiAction_ThreadStateSync: get isReceiveThreadReady
10-06 22:33:15.267  3170 18515 I HiAction_XChannel.f-3190: run():
10-06 22:33:15.267  3170 18515 I HiAction_ThreadStateSync: receiveThreadRun
10-06 22:33:15.268  3170 18513 I HiAction_ThreadStateSync: ReceiveThreadBlockQueue  get  :java.lang.Object@95b17f0
10-06 22:33:15.268  3170 18513 I HiAction_b: handshake(): 
10-06 22:33:15.268  3170 18513 I HiAction_b: firstStep(): 
10-06 22:33:15.268  3170 18513 I HiAction_b: firstStepContent(): 
10-06 22:33:15.268  3170 18513 I HiAction_b: firstStepContent(): encryptLength=155
10-06 22:33:15.280  3170 18513 I HiAction_b: firstStep(): body.length=403
10-06 22:33:15.280  3170 18513 W HiAction_b: TraceFlow.PushMessageFlow: syncSend type:3 requestid:30050103
10-06 22:33:15.280  3170 18513 I HiAction_XChannel.d: setQueue(): 
10-06 22:33:15.280  3170 18513 I HiAction_b: syncSend(): send message to server
10-06 22:33:15.281  3170 18513 I HiAction_b: syncSend(): to get response
10-06 22:33:15.281  3170 18513 I HiAction_XChannel.d: getMessage(): 
10-06 22:33:16.447  1211  1211 I chatty  : uid=1000 system_server expire 198 lines
10-06 22:33:17.282  3170 18513 E HiAction_b: syncSend(): receive response timeout
10-06 22:33:17.282  3170 18513 I HiAction_XChannel.d: removeMessage(): 
10-06 22:33:17.282  3170 18513 I HiAction_b: firstStep(): msg or msg.data is null
10-06 22:33:17.282  3170 18513 E HiAction_XChannel.k-3190: run(): LogXin failed, exit
10-06 22:33:17.282  3170 18513 I HiAction_XChannel.k-3190: notifyRestartWork(): 
10-06 22:33:17.282  3170 18513 I HiAction_XChannel.XChannelService: sdkStatusChange(): 
10-06 22:33:17.283  3170 18513 I HiAction_XChannel.k-3190: setIntoMsgQueue(): 
10-06 22:33:17.283  3170 18512 I HiAction_XChannel.e: sdkStatusChange(): 
10-06 22:33:17.283  3170 18512 I HiAction_XChannel.a: onSdkStatusChange(): isAvaliable[false] status[PUSH_MSG_UNAVAILABLE]
10-06 22:33:17.283  3170 18516 I HiAction_XChannel.i-3190: run(): get stop message and stop current thread
10-06 22:33:17.284  3170 18516 I HiAction_XChannel.i-3190: run(): release wakelock before SendThread exit
10-06 22:33:17.284  3170 18516 I HiAction_XChannel.k-3190: notifyRestartWork(): 
10-06 22:33:17.284  3170 18516 I HiAction_XChannel.XChannelService: sdkStatusChange(): 
10-06 22:33:17.284  3170 18516 I HiAction_XChannel.k-3190: setIntoMsgQueue(): 
10-06 22:33:17.284  3170 18512 I HiAction_XChannel.e: sdkStatusChange(): 
10-06 22:33:17.284  3170 18512 I HiAction_XChannel.a: onSdkStatusChange(): isAvaliable[false] status[PUSH_MSG_UNAVAILABLE]
10-06 22:33:19.285  3170 18516 I HiAction_XChannel.i-3190: run(): schedule to restart XChannelClient
10-06 22:33:19.285  3170 18516 I HiAction_XChannel.k: startWork(): 
10-06 22:33:19.290  3170 18516 I HiAction_XChannel.k: getDelay(): current time is 2018年10月6日 下午10:33:19, last connect time is 2018年10月6日 下午10:33:15
10-06 22:33:19.290  3170 18516 I HiAction_XChannel.k: getDelay(): connect to pusher more than one time in one minute, delay is set to be 56
10-06 22:33:19.293  1211  1666 I chatty  : uid=1000(system) WiFiArpStateMac expire 26 lines
10-06 22:33:19.302  3170 18516 I HiAction_XChannel.k: run(): startWork is scheduled
10-06 22:33:19.302  3170 18516 I HiAction_XChannel.i-3190: run(): SendThread exit
10-06 22:33:19.561  1211  1680 I chatty  : uid=1000(system) HuaweiWifiWatch expire 71 lines
10-06 22:33:20.476   775   775 E Thermal-daemon: [ap] temp_new :37  temp_old :36
10-06 22:33:20.480   775   775 E Thermal-daemon: Report temperature: [ap] temp :37  report_threshold:1
10-06 22:33:19.554   776   776 I chatty  : uid=1010(wifi) /system/bin/wificond identical 4 lines
10-06 22:33:19.560   776   776 E wificond: Failed to get NL80211_STA_INFO_CNAHLOAD
10-06 22:33:21.003  1211  1375 D HwBatteryService: onUEvent fcpStatus = 0,scpStatus =0,ovpStatus=0
10-06 22:33:21.006  1211  1375 I UsbDeviceManager: water_intrused state= 0
10-06 22:33:21.017  1723  1723 I chatty  : uid=10027(u0_a27) com.android.systemui expire 29 lines
10-06 22:33:21.019  1211  1211 D WifiService: onReceive, action:android.intent.action.BATTERY_CHANGED
10-06 22:33:21.019  1211  1211 D WifiService: ACTION_BATTERY_CHANGED pluggedType: 2
10-06 22:33:21.036 16587 16682 E CloudAlbum[8.1.2.306]: [ReceiverManager] not log on ignore
10-06 22:33:22.314  1211  2141 W Watchdog: hungtask: writing kick
10-06 22:33:22.318  1211  1235 I chatty  : uid=1000(system) android.fg expire 10 lines
10-06 22:33:27.552   776   776 E wificond: Failed to get NL80211_STA_INFO_CNAHLOAD
10-06 22:33:28.535  1211  1676 I chatty  : uid=1000(system) StatisticsCHRMs expire 6 lines
10-06 22:33:27.560   776   776 E wificond: Failed to get NL80211_STA_INFO_CNAHLOAD
10-06 22:33:28.547  1211  1676 W ContextImpl: Calling a method in the system process without a qualified user: android.app.ContextImpl.startService:1656 com.huawei.chrfile.client.NcLogCollectManager.bindToService:145 com.huawei.chrfile.client.NcLogCollectManager.getUserType:124 com.huawei.connectivitylog.LogManager.isCommercialUser:153 java.lang.reflect.Method.invoke:-2 
10-06 22:33:28.548  1211  1676 W ActivityManager: Unable to start service Intent { act=com.huawei.chrfile.service.INcLogCollect cmp=com.huawei.imonitor/com.huawei.chrfile.service.NcLogCollectService } U=0: not found
10-06 22:33:28.549  1211  1676 W ContextImpl: Calling a method in the system process without a qualified user: android.app.ContextImpl.bindService:1736 com.huawei.chrfile.client.NcLogCollectManager.bindToService:151 com.huawei.chrfile.client.NcLogCollectManager.getUserType:124 com.huawei.connectivitylog.LogManager.isCommercialUser:153 java.lang.reflect.Method.invoke:-2 
10-06 22:33:28.550  1211  1676 W ActivityManager: Unable to start service Intent { act=com.huawei.chrfile.service.INcLogCollect cmp=com.huawei.imonitor/com.huawei.chrfile.service.NcLogCollectService } U=0: not found
10-06 22:33:33.866  1211  1611 I chatty  : uid=1000(system) HwWifiStatStore expire 10 lines
10-06 22:33:35.562   776   776 E wificond: Failed to get NL80211_STA_INFO_CNAHLOAD
10-06 22:33:43.563   776   776 I chatty  : uid=1010(wifi) /system/bin/wificond identical 2 lines
10-06 22:33:43.571   776   776 E wificond: Failed to get NL80211_STA_INFO_CNAHLOAD
10-06 22:33:51.210  1211  1375 D HwBatteryService: onUEvent fcpStatus = 0,scpStatus =0,ovpStatus=0
10-06 22:33:51.212  1211  1375 I UsbDeviceManager: water_intrused state= 0
10-06 22:33:51.224  1211  1211 D WifiService: onReceive, action:android.intent.action.BATTERY_CHANGED
10-06 22:33:51.224  1211  1211 D WifiService: ACTION_BATTERY_CHANGED pluggedType: 2
10-06 22:33:51.241 16587 16682 E CloudAlbum[8.1.2.306]: [ReceiverManager] not log on ignore
10-06 22:33:51.266  1723  1723 I chatty  : uid=10027(u0_a27) com.android.systemui expire 21 lines
10-06 22:33:51.561   776   776 E wificond: Failed to get NL80211_STA_INFO_CNAHLOAD
10-06 22:33:51.571  1211  1680 I chatty  : uid=1000(system) HuaweiWifiWatch expire 40 lines
10-06 22:33:52.206  2203 30040 I chatty  : uid=1000(system) traffic stats expire 16 lines
10-06 22:33:51.570   776   776 E wificond: Failed to get NL80211_STA_INFO_CNAHLOAD
10-06 22:33:52.316  1211  2141 W Watchdog: hungtask: writing kick
10-06 22:33:57.007  2572  2751 E linker  : library "/system/lib/libart.so" ("/system/lib/libart.so") needed or dlopened by "/data/app/com.ss.android.ugc.aweme-AwA5HwuRjNHERaP0mW_Xzw==/lib/arm/libcms.so" is not accessible for the namespace: [name="classloader-namespace", ld_library_paths="", default_library_paths="/data/app/com.ss.android.ugc.aweme-AwA5HwuRjNHERaP0mW_Xzw==/lib/arm:/system/fake-libs:/data/app/com.ss.android.ugc.aweme-AwA5HwuRjNHERaP0mW_Xzw==/base.apk!/lib/armeabi-v7a", permitted_paths="/data:/mnt/expand:/data/user/10/com.ss.android.ugc.aweme"]
10-06 22:33:57.044   513 18525 W libc    : Set property "hw.wifi.dns_stat" to "2870,512,15037,1,180782"
10-06 22:33:59.569   776   776 E wificond: Failed to get NL80211_STA_INFO_CNAHLOAD
10-06 22:34:00.390  1211  1666 I chatty  : uid=1000(system) WiFiArpStateMac expire 14 lines
10-06 22:34:02.311  1211  1211 I chatty  : uid=1000 system_server expire 45 lines
10-06 22:33:59.576   776   776 E wificond: Failed to get NL80211_STA_INFO_CNAHLOAD
10-06 22:34:02.313  1211  1211 D WifiService: onReceive, action:android.intent.action.BATTERY_CHANGED
10-06 22:34:02.313  1211  1211 D WifiService: ACTION_BATTERY_CHANGED pluggedType: 2
10-06 22:34:02.324 16587 16682 E CloudAlbum[8.1.2.306]: [ReceiverManager] not log on ignore
10-06 22:34:03.921  1211  1611 I chatty  : uid=1000(system) HwWifiStatStore expire 10 lines
10-06 22:34:07.581   776   776 E wificond: Failed to get NL80211_STA_INFO_CNAHLOAD
10-06 22:34:07.583  1211  1612 I chatty  : uid=1000(system) HwWifiCHRStateM expire 12 lines
10-06 22:34:07.590  1211  1680 I chatty  : uid=1000(system) HuaweiWifiWatch expire 36 lines
10-06 22:34:07.602  1211  4240 I chatty  : uid=1000(system) MobileQosDetect expire 11 lines
10-06 22:34:15.292  3170 18517 I HiAction_XChannel.k-3191: run(): 
10-06 22:34:15.292  3170 18517 I HiAction_XChannel.k-3191: reset(): 
10-06 22:34:15.292  3170 18517 I HiAction_XChannel.k-3191: reset(): stop expired alarm
10-06 22:34:15.292  3170 18517 I HiAction_XChannel.k-3191: stopAlarm(): 
10-06 22:34:15.292  3170 18517 I HiAction_XChannel.k-3191: reset(): interrupt recvThread
10-06 22:34:15.292  3170 18517 I HiAction_XChannel.k-3191: reset(): interrupt sendThread
10-06 22:34:15.292  3170 18517 I HiAction_XChannel.k-3191: reset(): close expired socket
10-06 22:34:15.294  3170 18517 I HiAction_XChannel.k-3191: reset(): ensure expired threads exit
10-06 22:34:15.295  3170 18515 E HiAction_XChannel.f-3190: run(): inputStream.read SocketException: java.net.SocketException: Socket closed
10-06 22:34:15.296  3170 18515 I HiAction_XChannel.f-3190: run(): not ETIMEDOUT exception, should refresh pusher address
10-06 22:34:15.296  3170 18515 I HiAction_XChannel.k-3191: stopAlarm(): 
10-06 22:34:15.296  3170 18515 I HiAction_XChannel.k-3191: notifyRestartWork(): 
10-06 22:34:15.296  3170 18515 I HiAction_XChannel.XChannelService: sdkStatusChange(): 
10-06 22:34:15.296  3170 18515 I HiAction_XChannel.k-3191: setIntoMsgQueue(): 
10-06 22:34:15.296  3170 18512 I HiAction_XChannel.e: sdkStatusChange(): 
10-06 22:34:15.296  3170 18512 I HiAction_XChannel.a: onSdkStatusChange(): isAvaliable[false] status[PUSH_MSG_UNAVAILABLE]
10-06 22:34:15.296  3170 18515 W HiAction_XChannel.k-3191: connectAndLogin(): sendq.offer exception: java.lang.InterruptedException
10-06 22:34:15.296  3170 18515 I HiAction_XChannel.f-3190: run(): RecvThread exit
10-06 22:34:15.297  3170 18517 I HiAction_XChannel.k-3191: reset(): receive thread exit
10-06 22:34:15.297  3170 18517 I HiAction_XChannel.k-3191: reset(): send thread exit
10-06 22:34:15.297  3170 18517 I HiAction_XChannel.k-3191: reset(): clear expired data
10-06 22:34:15.297  3170 18517 I HiAction_XChannel.d: clear(): 
10-06 22:34:15.297  3170 18517 I HiAction_XChannel.a: clear(): 
10-06 22:34:15.297  3170 18517 I HiAction_XChannel.k-3191: reset(): success
10-06 22:34:15.297  3170 18517 I HiAction_XChannel.k-3191: getPusher(): 
10-06 22:34:15.297  3170 18517 I HiAction_XChannel.n: set REDIRECT_SERVER to default
10-06 22:34:15.307   513 18529 W libc    : Set property "hw.wifi.dns_stat" to "2871,512,15037,1,180785"
10-06 22:34:15.602  1211  1211 I chatty  : uid=1000 system_server expire 63 lines
10-06 22:34:15.604  1211  3651 I chatty  : uid=1000(system) wifipro_uid_tcp expire 11 lines
10-06 22:34:16.365  3170 18530 I HiAction_XChannel.f-3191: run():
10-06 22:34:16.365  3170 18517 I HiAction_ThreadStateSync: get threadAllReady
10-06 22:34:16.365  3170 18517 I HiAction_ThreadStateSync: get isSendThreadReady
10-06 22:34:16.365  3170 18530 I HiAction_ThreadStateSync: receiveThreadRun
10-06 22:34:16.365  3170 18531 I HiAction_XChannel.i-3191: run 
10-06 22:34:16.366  3170 18531 I HiAction_ThreadStateSync: sendThreadRun
10-06 22:34:16.366  3170 18531 I HiAction_XChannel.k-3191: getFromMsgReqQueue(): 
10-06 22:34:16.366  3170 18517 I HiAction_ThreadStateSync: SendThreadBlockQueue get  :java.lang.Object@c7f47ee
10-06 22:34:16.366  3170 18517 I HiAction_ThreadStateSync: get isReceiveThreadReady
10-06 22:34:16.366  3170 18517 I HiAction_ThreadStateSync: ReceiveThreadBlockQueue  get  :java.lang.Object@a30548f
10-06 22:34:16.366  3170 18517 I HiAction_b: handshake(): 
10-06 22:34:16.366  3170 18517 I HiAction_b: firstStep(): 
10-06 22:34:16.366  3170 18517 I HiAction_b: firstStepContent(): 
10-06 22:34:16.367  3170 18517 I HiAction_b: firstStepContent(): encryptLength=155
10-06 22:34:16.383  3170 18517 I HiAction_b: firstStep(): body.length=403
10-06 22:34:16.384  3170 18517 W HiAction_b: TraceFlow.PushMessageFlow: syncSend type:3 requestid:250837699
10-06 22:34:16.384  3170 18517 I HiAction_XChannel.d: setQueue(): 
10-06 22:34:16.384  3170 18517 I HiAction_b: syncSend(): send message to server
10-06 22:34:16.386  3170 18517 I HiAction_b: syncSend(): to get response
10-06 22:34:16.386  3170 18517 I HiAction_XChannel.d: getMessage(): 
10-06 22:34:16.395  1211  1666 I chatty  : uid=1000(system) WiFiArpStateMac expire 23 lines
10-06 22:34:18.386  3170 18517 E HiAction_b: syncSend(): receive response timeout
10-06 22:34:18.387  3170 18517 I HiAction_XChannel.d: removeMessage(): 
10-06 22:34:18.387  3170 18517 I HiAction_b: firstStep(): msg or msg.data is null
10-06 22:34:18.387  3170 18517 E HiAction_XChannel.k-3191: run(): LogXin failed, exit
10-06 22:34:18.387  3170 18517 I HiAction_XChannel.k-3191: notifyRestartWork(): 
10-06 22:34:18.387  3170 18517 I HiAction_XChannel.XChannelService: sdkStatusChange(): 
10-06 22:34:18.388  3170 18517 I HiAction_XChannel.k-3191: setIntoMsgQueue(): 
10-06 22:34:18.388  3170 18531 I HiAction_XChannel.i-3191: run(): get stop message and stop current thread
10-06 22:34:18.388  3170 18512 I HiAction_XChannel.e: sdkStatusChange(): 
10-06 22:34:18.388  3170 18531 I HiAction_XChannel.i-3191: run(): release wakelock before SendThread exit
10-06 22:34:18.388  3170 18531 I HiAction_XChannel.k-3191: notifyRestartWork(): 
10-06 22:34:18.388  3170 18512 I HiAction_XChannel.a: onSdkStatusChange(): isAvaliable[false] status[PUSH_MSG_UNAVAILABLE]
10-06 22:34:18.388  3170 18531 I HiAction_XChannel.XChannelService: sdkStatusChange(): 
10-06 22:34:18.388  3170 18512 I HiAction_XChannel.e: sdkStatusChange(): 
10-06 22:34:18.388  3170 18531 I HiAction_XChannel.k-3191: setIntoMsgQueue(): 
10-06 22:34:18.388  3170 18512 I HiAction_XChannel.a: onSdkStatusChange(): isAvaliable[false] status[PUSH_MSG_UNAVAILABLE]
10-06 22:34:20.389  3170 18531 I HiAction_XChannel.i-3191: run(): schedule to restart XChannelClient
10-06 22:34:20.389  3170 18531 I HiAction_XChannel.k: startWork(): 
10-06 22:34:20.394  3170 18531 I HiAction_XChannel.k: getDelay(): current time is 2018年10月6日 下午10:34:20, last connect time is 2018年10月6日 下午10:33:15
10-06 22:34:20.395  3170 18531 I HiAction_XChannel.k: getDelay(): more than one minute between tow connections, delay is set to be 0
10-06 22:34:20.398  3170 18531 I HiAction_XChannel.k: run(): startWork is scheduled
10-06 22:34:20.398  3170 18531 I HiAction_XChannel.i-3191: run(): SendThread exit
10-06 22:34:20.399  3170 18532 I HiAction_XChannel.k-3192: run(): 
10-06 22:34:20.400  3170 18532 I HiAction_XChannel.k-3192: reset(): 
10-06 22:34:20.400  3170 18532 I HiAction_XChannel.k-3192: reset(): stop expired alarm
10-06 22:34:20.400  3170 18532 I HiAction_XChannel.k-3192: stopAlarm(): 
10-06 22:34:20.400  3170 18532 I HiAction_XChannel.k-3192: reset(): interrupt recvThread
10-06 22:34:20.400  3170 18532 I HiAction_XChannel.k-3192: reset(): interrupt sendThread
10-06 22:34:20.400  3170 18532 I HiAction_XChannel.k-3192: reset(): close expired socket
10-06 22:34:20.401  3170 18532 I HiAction_XChannel.k-3192: reset(): ensure expired threads exit
10-06 22:34:20.402  3170 18530 E HiAction_XChannel.f-3191: run(): inputStream.read SocketException: java.net.SocketException: Socket closed
10-06 22:34:20.402  3170 18530 I HiAction_XChannel.f-3191: run(): not ETIMEDOUT exception, should refresh pusher address
10-06 22:34:20.402  3170 18530 I HiAction_XChannel.k-3192: stopAlarm(): 
10-06 22:34:20.403  3170 18530 I HiAction_XChannel.k-3192: notifyRestartWork(): 
10-06 22:34:20.403  3170 18530 I HiAction_XChannel.XChannelService: sdkStatusChange(): 
10-06 22:34:20.403  3170 18530 I HiAction_XChannel.k-3192: setIntoMsgQueue(): 
10-06 22:34:20.403  3170 18512 I HiAction_XChannel.e: sdkStatusChange(): 
10-06 22:34:20.403  3170 18512 I HiAction_XChannel.a: onSdkStatusChange(): isAvaliable[false] status[PUSH_MSG_UNAVAILABLE]
10-06 22:34:20.403  3170 18530 W HiAction_XChannel.k-3192: connectAndLogin(): sendq.offer exception: java.lang.InterruptedException
10-06 22:34:20.403  3170 18530 I HiAction_XChannel.f-3191: run(): RecvThread exit
10-06 22:34:20.404  3170 18532 I HiAction_XChannel.k-3192: reset(): receive thread exit
10-06 22:34:20.404  3170 18532 I HiAction_XChannel.k-3192: reset(): send thread exit
10-06 22:34:20.404  3170 18532 I HiAction_XChannel.k-3192: reset(): clear expired data
10-06 22:34:20.404  3170 18532 I HiAction_XChannel.d: clear(): 
10-06 22:34:20.404  3170 18532 I HiAction_XChannel.a: clear(): 
10-06 22:34:20.404  3170 18532 I HiAction_XChannel.k-3192: reset(): success
10-06 22:34:20.404  3170 18532 I HiAction_XChannel.k-3192: getPusher(): 
10-06 22:34:20.404  3170 18532 I HiAction_XChannel.n: set REDIRECT_SERVER to default
10-06 22:34:20.412   513 18533 W libc    : Set property "hw.wifi.dns_stat" to "2872,512,15037,1,180789"
10-06 22:34:15.589   776   776 I chatty  : uid=1010(wifi) /system/bin/wificond identical 2 lines
10-06 22:34:15.596   776   776 E wificond: Failed to get NL80211_STA_INFO_CNAHLOAD
10-06 22:34:20.820  1211  1211 V AlarmManager: Received TIME_TICK alarm; rescheduling
10-06 22:34:20.840  5920  5920 I PushLog2952: [main-1]action is com.huawei.action.push.intent.CHECK_CHANNEL_CYCLE(android/:307)
10-06 22:34:20.845  5920  5920 I PushLog2952: [main-1]dispatchIntent over(android/:210)
10-06 22:34:20.847  5920  5936 I PushLog2952: [ReceiverDispatcher-352]check push connection is exist, sendHearBeat.(android/:400)
10-06 22:34:20.858  1211  9080 V BroadcastQueue: Finished with ordered broadcast BroadcastRecord{3bbcaa5 u0 com.huawei.action.push.intent.CHECK_CHANNEL_CYCLE}
10-06 22:34:20.858  1211  9080 W BroadcastQueue: Permission Denial: broadcasting Intent { act=com.jingdong.jdpush.MSG_CENTER flg=0x14 hwFlg=0x900 (has extras) } from com.jingdong.app.mall (pid=-1, uid=1010145) requires com.jingdong.app.mall.permissions.MSG_BROADCAST due to registered receiver BroadcastFilter{e866860 u10 ReceiverList{6aef463 13702 com.jingdong.app.mall:jdpush/1010145/u10 remote:f5ff292}}
10-06 22:34:20.859  1211  1228 V BroadcastQueue: Finished with ordered broadcast BroadcastRecord{f51be7a u10 com.jingdong.jdpush.MSG_CENTER}
10-06 22:34:20.865 26936 26936 I PlaceRecognitionService: onCreate
10-06 22:34:20.868 26936 18534 I CalendarSync: init
10-06 22:34:20.868 26936 18534 D CalendarSync: mYearWorkingInfo is empty!
10-06 22:34:20.868 26936 18534 D CalendarSync: syncCalendar begin!
10-06 22:34:20.868 26936 26936 I PlaceRecognitionService: getJobIdFromIntent cmdType 4
10-06 22:34:20.868 26936 26936 I PlaceRecognitionService: getExtraFromIntent cmdType 4
10-06 22:34:20.869 26936 26936 D PlaceRecognitionService: scheduled distinct jobs size: 0
10-06 22:34:20.871  5920  5936 I PushLog2952: [ReceiverDispatcher-352]not support bastet in wifi(android/:104)
10-06 22:34:20.873  5920  5936 I PushLog2952: [ReceiverDispatcher-352]init push bastet failed!(android/:79)
10-06 22:34:20.873  5920  5936 I PushLog2952: [ReceiverDispatcher-352]set HEARTBEAT_RSP_TIMEOUT Alarm(android/:291)
10-06 22:34:20.873  1211  1211 I HwAlarmManagerService: hwSetAlarm listenerTag: time_tick
10-06 22:34:20.876  1723  1723 I chatty  : uid=10027(u0_a27) com.android.systemui expire 120 lines
10-06 22:34:20.885  1211  5695 I ActivityManager: Need to start process com.android.calendar for provider ContentProviderInfo{name=com.android.calendar.Recess className=com.android.calendar.hap.HolidayRecessContentProvider}, callerApp: ProcessRecord{89ffb02 26936:com.huawei.intelligent:intelligentService/u0a28}
10-06 22:34:20.885  1211  5695 V ActivityManager: startProcess: name=com.android.calendar app=null knownToBeDead=false thread=null pid=-1
10-06 22:34:20.885  1211  1211 W HwAlarmManagerService: isContainsAppUidInWorksource-->happend NameNotFoundException
10-06 22:34:20.890  5920  5936 I PushLog2952: [ReceiverDispatcher-352]process cmdid to send to pushSrv:DA(android/:104)
10-06 22:34:20.892  5920  5936 I PushLog2952: [ReceiverDispatcher-352]send msg to remote srv success(android/:106)
10-06 22:34:20.911  1211  5695 I ActivityManager: Start proc 18537:com.android.calendar/u0a11 for content provider com.android.calendar/.hap.HolidayRecessContentProvider
10-06 22:34:20.913  1211  5695 V ActivityManager_MU: Waiting to start provider ContentProviderRecord{e5a2d2 u0 com.android.calendar/.hap.HolidayRecessContentProvider} launchingApp=ProcessRecord{949a95d 18537:com.android.calendar/u0a11} caller pid= 26936
10-06 22:34:20.919 18537 18537 I         : power log dlsym ok
10-06 22:34:20.919  1211  1211 I HwAlarmManagerService: hwSetAlarm listenerTag: *job.delay*
10-06 22:34:20.919  1211  1211 I JobScheduler.Time: mNextDelayExpiredElapsedMillis: 972794480
10-06 22:34:20.922  1211  1211 D JobServiceContext: Scheduling time out for 'com.ss.android.message.PushJobService' jId: 1, in 18 s
10-06 22:34:20.928 18537 18537 I zygote64: Reinit property: dalvik.vm.checkjni= false
10-06 22:34:20.951 18537 18537 D ActivityThread: ActivityThread,attachApplication
10-06 22:34:20.959  3780  3780 I HwLauncher: Model  onReceive intent=Intent { act=android.intent.action.TIME_TICK flg=0x50200014 hwFlg=0x900 (has extras) }
10-06 22:34:20.959  3780  3780 I HwLauncher: Model  onReceive user=UserHandle{0}
10-06 22:34:20.963  1211  2657 D ActivityManager: ActivityManagerService,attachApplication,callingPid = 18537
10-06 22:34:20.967  2438  2438 W System.err: com.bytedance.common.utility.reflect.ReflectException: java.lang.NoSuchMethodException: No similar method ensureHandler with params null could be found on type class com.ss.android.message.PushJobService$InnerJobService.
10-06 22:34:20.968  2438  2438 W System.err: 	at com.bytedance.common.utility.reflect.Reflect.call(Reflect.java:286)
10-06 22:34:20.968  2438  2438 W System.err: 	at com.bytedance.common.utility.reflect.Reflect.call(Reflect.java:259)
10-06 22:34:20.968  2438  2438 W System.err: 	at com.ss.android.pushmanager.a.c.a(JobHandlerHelper.java:82)
10-06 22:34:20.968  2438  2438 W System.err: 	at com.ss.android.message.PushJobService$InnerJobService.<init>(PushJobService.java:148)
10-06 22:34:20.968  2438  2438 W System.err: 	at com.ss.android.message.PushJobService.onCreate(PushJobService.java:95)
10-06 22:34:20.968  2438  2438 W System.err: 	at android.app.ActivityThread.handleCreateService(ActivityThread.java:3858)
10-06 22:34:20.968  2438  2438 W System.err: 	at android.app.ActivityThread.-wrap5(Unknown Source:0)
10-06 22:34:20.968  2438  2438 W System.err: 	at android.app.ActivityThread$H.handleMessage(ActivityThread.java:1989)
10-06 22:34:20.968  2438  2438 W System.err: 	at android.os.Handler.dispatchMessage(Handler.java:108)
10-06 22:34:20.968  2438  2438 W System.err: 	at android.os.Looper.loop(Looper.java:166)
10-06 22:34:20.968  2438  2438 W System.err: 	at android.app.ActivityThread.main(ActivityThread.java:7425)
10-06 22:34:20.968  2438  2438 W System.err: 	at java.lang.reflect.Method.invoke(Native Method)
10-06 22:34:20.968  2438  2438 W System.err: 	at com.android.internal.os.Zygote$MethodAndArgsCaller.run(Zygote.java:245)
10-06 22:34:20.968  2438  2438 W System.err: 	at com.android.internal.os.ZygoteInit.main(ZygoteInit.java:921)
10-06 22:34:20.969  2438  2438 W System.err: Caused by: java.lang.NoSuchMethodException: No similar method ensureHandler with params null could be found on type class com.ss.android.message.PushJobService$InnerJobService.
10-06 22:34:20.969  2438  2438 W System.err: 	at com.bytedance.common.utility.reflect.Reflect.similarMethod(Reflect.java:353)
10-06 22:34:20.969  2438  2438 W System.err: 	at com.bytedance.common.utility.reflect.Reflect.call(Reflect.java:283)
10-06 22:34:20.969  2438  2438 W System.err: 	... 13 more
10-06 22:34:21.011   430   430 W /system/bin/hwservicemanager: Cannot open /odm/manifest.xml
10-06 22:34:21.027  1211  1211 D JobServiceContext: handleServiceBound for 4ff27de #u10a132/1 com.ss.android.ugc.aweme/com.ss.android.message.PushJobService
10-06 22:34:21.027  1211  1211 D JobServiceContext: Scheduling time out for 'com.ss.android.message.PushJobService' jId: 1, in 8 s
10-06 22:34:21.029  5920  3506 I PushLog2952: [SocketRead_20:22:30-7801]process cmdid to receive from pushSrv:DB(android/:231)
10-06 22:34:21.045  6900  6900 I HwLauncher: Model  onReceive intent=Intent { act=android.intent.action.TIME_TICK flg=0x50200014 hwFlg=0x900 (has extras) }
10-06 22:34:21.046  6900  6900 I HwLauncher: Model  onReceive user=UserHandle{10}
10-06 22:34:21.046   430   430 W /system/bin/hwservicemanager: Cannot open /odm/manifest.xml
10-06 22:34:21.049 18537 18537 D HwFLClassLoader: get used feature list :/feature/used-list failed!
10-06 22:34:21.049 18537 18537 D HwFLClassLoader: USE_FEATURE_LIST had not init! 
10-06 22:34:21.050   668   668 I GRALLOC : 	 shrFd=10,fmt=0x1,intFmt=0x1,btStrd=256,size=4096,pid=668 
10-06 22:34:21.050   668   668 I GRALLOC : 	 yuv=2,w=16,h=16,Stride u=0 v=0,offset u=0 v=0 
10-06 22:34:21.050   668   668 I GRALLOC : 	 iova_size=4096,conUsg=0x100,proUsg=0x100,	 strd=64,[afbc]HdrStrd=0 PyldStrd=0 Scrmbl=0,ionhnd = 1 
10-06 22:34:21.064  1211  2233 D JobServiceContext: doCallback of : JobStatus{4ff27de #u10a132/1 com.ss.android.ugc.aweme/com.ss.android.message.PushJobService u=10 s=1010132 TIME=-32s365ms:+19m27s635ms PERSISTED READY} v:VERB_STARTING
10-06 22:34:21.064  1211  2233 D JobServiceContext: Scheduling time out for 'com.ss.android.message.PushJobService' jId: 1, in 600 s
10-06 22:34:21.109 25938 26009 I Step_LSC: 80001355|processHandleBroadcastAction action:android.intent.action.TIME_TICK
10-06 22:34:21.151  1211  8189 V BroadcastQueue: Finished with ordered broadcast BroadcastRecord{4e3796e u-1 android.intent.action.TIME_TICK}
10-06 22:34:21.164  1211  5637 D JobServiceContext: doCallback of : JobStatus{4ff27de #u10a132/1 com.ss.android.ugc.aweme/com.ss.android.message.PushJobService u=10 s=1010132 TIME=-32s464ms:+19m27s536ms PERSISTED READY} v:VERB_EXECUTING
10-06 22:34:21.193  5920  3506 I PushLog2952: [SocketRead_20:22:30-7801]dispatchIntent over(android/:210)
10-06 22:34:21.240 18537 18537 I HwCust  : Constructor found for class com.android.calendar.HwCustUtilImpl
10-06 22:34:21.240 18537 18537 D HwCust  : Create obj success use class com.android.calendar.HwCustUtilImpl
10-06 22:34:21.290  1211  5695 V ActivityManager: Successfully start provider ContentProviderRecord{e5a2d2 u0 com.android.calendar/.hap.HolidayRecessContentProvider} launchingApp=ProcessRecord{949a95d 18537:com.android.calendar/u0a11} caller pid= 26936
10-06 22:34:21.295 18537 18537 E MemoryLeakMonitorManager: MemoryLeakMonitor.jar is not exist!
10-06 22:34:21.298 18537 18537 I ScreenUtils: calculateDeviceSize() sDeviceSize:5.8698481891300425
10-06 22:34:21.306 18537 18537 E Calendar: Log error:error:getLogField--NoSuchFieldExceptionLog
10-06 22:34:21.306 18537 18537 I Calendar: CalendarApplication info: getLauncherType return type=1
10-06 22:34:21.332 26936 18534 I CalendarSync: recessInfoKey : null
10-06 22:34:21.333 26936 18534 D CalendarSync: syncCalendar end!
10-06 22:34:21.351 18537 18537 W Settings: mValues not put! needsGenerationTracker: true currentGeneration: -1 name: hw_hide_declined_invitations_event value: null
10-06 22:34:21.360 18537 18537 E Minikin : Could not get cmap table size!
10-06 22:34:21.368  1211  5695 I ActivityManager: Need to start process com.android.providers.calendar for provider ContentProviderInfo{name=com.android.calendar className=com.android.providers.calendar.CalendarProvider2}, callerApp: ProcessRecord{949a95d 18537:com.android.calendar/u0a11}
10-06 22:34:21.368  1211  5695 V ActivityManager: startProcess: name=com.android.providers.calendar app=null knownToBeDead=false thread=null pid=-1
10-06 22:34:21.396 18559 18559 I         : power log dlsym ok
10-06 22:34:21.397  1211  5695 I ActivityManager: Start proc 18559:com.android.providers.calendar/u0a6 for content provider com.android.providers.calendar/.CalendarProvider2
10-06 22:34:21.399  1211  5695 V ActivityManager_MU: Waiting to start provider ContentProviderRecord{a7fb5b8 u0 com.android.providers.calendar/.CalendarProvider2} launchingApp=ProcessRecord{ea2401b 18559:com.android.providers.calendar/u0a6} caller pid= 18537
10-06 22:34:21.404 18559 18559 I zygote64: Reinit property: dalvik.vm.checkjni= false
10-06 22:34:21.414  1211  1375 D HwBatteryService: onUEvent fcpStatus = 0,scpStatus =0,ovpStatus=0
10-06 22:34:21.416  1211  1375 I UsbDeviceManager: water_intrused state= 0
10-06 22:34:21.428 18559 18559 D ActivityThread: ActivityThread,attachApplication
10-06 22:34:21.433  1211  1211 D WifiService: onReceive, action:android.intent.action.BATTERY_CHANGED
10-06 22:34:21.434  1211  1211 D WifiService: ACTION_BATTERY_CHANGED pluggedType: 2
10-06 22:34:21.444  1211  2233 D ActivityManager: ActivityManagerService,attachApplication,callingPid = 18559
10-06 22:34:21.446 16587 16682 E CloudAlbum[8.1.2.306]: [ReceiverManager] not log on ignore
10-06 22:34:21.463   430   430 W /system/bin/hwservicemanager: Cannot open /odm/manifest.xml
10-06 22:34:21.489   430   430 W /system/bin/hwservicemanager: Cannot open /odm/manifest.xml
10-06 22:34:21.492   668   668 I GRALLOC : 	 shrFd=10,fmt=0x1,intFmt=0x1,btStrd=256,size=4096,pid=668 
10-06 22:34:21.492   668   668 I GRALLOC : 	 yuv=2,w=16,h=16,Stride u=0 v=0,offset u=0 v=0 
10-06 22:34:21.492   668   668 I GRALLOC : 	 iova_size=4096,conUsg=0x100,proUsg=0x100,	 strd=64,[afbc]HdrStrd=0 PyldStrd=0 Scrmbl=0,ionhnd = 1 
10-06 22:34:21.497 18559 18559 D HwFLClassLoader: get used feature list :/feature/used-list failed!
10-06 22:34:21.497 18559 18559 D HwFLClassLoader: USE_FEATURE_LIST had not init! 
10-06 22:34:21.638 18559 18580 E CalendarProvider: Log error:error:getLogField--NoSuchFieldExceptionLog
10-06 22:34:21.638 18559 18580 I CalendarProvider: CalendarProvider2 info:removeStaleAccounts:false
10-06 22:34:21.638  1211  5695 V ActivityManager: Successfully start provider ContentProviderRecord{a7fb5b8 u0 com.android.providers.calendar/.CalendarProvider2} launchingApp=ProcessRecord{ea2401b 18559:com.android.providers.calendar/u0a6} caller pid= 18537
10-06 22:34:21.642 18559 18559 E MemoryLeakMonitorManager: MemoryLeakMonitor.jar is not exist!
10-06 22:34:21.656 18559 18559 E Minikin : Could not get cmap table size!
10-06 22:34:21.656 18559 18580 I ctaifs  : <日历存储>[日历存储][com.android.providers.calendar][queryInternal] 读取日程:12
10-06 22:34:21.664 18559 18573 I ctaifs  : <日历>[日历][com.android.calendar][queryInternal] 读取日程:4
10-06 22:34:22.318  1211  2141 W Watchdog: hungtask: writing kick
10-06 22:34:22.898   804  1116 I logserver: thread_logcontrol, socket_server = 41, changed.
10-06 22:34:22.899   804  1116 I logserver: handle_connection_event, socket client 19 connected!
10-06 22:34:22.899   804  1116 I logserver: thread_logcontrol, socket_client = 19, changed.
10-06 22:34:22.899   804  1116 I logserver: thread_logcontrol, socket_client = 19, OK.
10-06 22:34:22.899   804  1116 I logserver: handle_client_event, socket_client = 19.
10-06 22:34:22.899   804  1116 I logserver: recv 52 bytes, errno=32
10-06 22:34:22.899   804  1116 I logserver: handle_client_event, rcv [{uploadReady:uploadReadyParam=1538836472896;10000;2}]
10-06 22:34:22.899   804  1116 I logserver: handle_client_event: msg = {uploadReady:uploadReadyParam=1538836472896;10000;2}
10-06 22:34:22.899   804  1116 I logserver: handle_one_socket_command: one command = uploadReady:uploadReadyParam=1538836472896;10000;2
10-06 22:34:22.899   804  1116 I logserver: handle_one_socket_command, has :
10-06 22:34:22.899   804  1116 I logserver: handle_one_socket_command, cmd = uploadReady, content = uploadReadyParam=1538836472896;10000;2
10-06 22:34:22.899   804  1116 I logserver: handle_one_socket_command, match cmd, client_cmd_tbl = uploadReady
10-06 22:34:22.899   804  1116 I logserver: handle_client_upload_ready, into
10-06 22:34:22.899   804  1116 E logserver: deadline_time is 1538836472896
10-06 22:34:22.899   804  1116 E logserver: wait_time_len is 0
10-06 22:34:22.900   804  1116 E logserver: special_tag is 2
10-06 22:34:22.901   804  1116 I iMonitor: create: 902500004
10-06 22:34:22.901   804  1116 I iMonitor: send: 902500004
10-06 22:34:22.901   804  1116 I iMonitor: create: 902500004
10-06 22:34:22.917   804  1116 I chatty  : uid=0(root) logcontrol identical 345 lines
10-06 22:34:22.924   804  1116 I iMonitor: create: 902500004
10-06 22:34:22.924   804  1116 I iMonitor: send: 902500004
10-06 22:34:22.924   804  1116 I iMonitor: create: 902500004
10-06 22:34:22.924   804  1116 I iMonitor: create: 902500004
10-06 22:34:22.925   804  1116 I iMonitor: send: 902500004
10-06 22:34:22.925   804  1116 I iMonitor: create: 902500004
10-06 22:34:22.925   804  1116 I iMonitor: send: 902500004
10-06 22:34:22.925   804  1116 I iMonitor: create: 902500004
10-06 22:34:22.925   804  1116 I iMonitor: send: 902500004
10-06 22:34:22.925   804  1116 I iMonitor: create: 902500004
10-06 22:34:22.925   804  1116 I iMonitor: send: 902500004
10-06 22:34:22.925   804  1116 I iMonitor: create: 902500004
10-06 22:34:22.925   804  1116 I iMonitor: send: 902500004
10-06 22:34:22.925   804  1116 I iMonitor: create: 902500004
10-06 22:34:22.925   804  1116 I iMonitor: send: 902500004
10-06 22:34:22.925   804  1116 I iMonitor: create: 902500004
10-06 22:34:22.925   804  1116 I iMonitor: send: 902500004
10-06 22:34:22.925   804  1116 I iMonitor: create: 902500004
10-06 22:34:22.925   804  1116 I iMonitor: send: 902500004
10-06 22:34:22.925   804  1116 I iMonitor: create: 902500004
10-06 22:34:22.925   804  1116 I iMonitor: send: 902500004
10-06 22:34:22.925   804  1116 I iMonitor: create: 902500004
10-06 22:34:22.925   804  1116 I iMonitor: send: 902500004
10-06 22:34:22.925   804  1116 I iMonitor: create: 902500004
10-06 22:34:22.925   804  1116 I iMonitor: send: 902500004
10-06 22:34:22.925   804  1116 I iMonitor: create: 902500004
10-06 22:34:22.925   804  1116 I iMonitor: send: 902500004
10-06 22:34:22.925   804  1116 I iMonitor: create: 902500004
10-06 22:34:22.926   804  1116 I iMonitor: send: 902500004
10-06 22:34:22.926   804  1116 I iMonitor: create: 902500004
10-06 22:34:22.926   804  1116 I iMonitor: send: 902500004
10-06 22:34:22.926   804  1116 I iMonitor: create: 902500004
10-06 22:34:22.926   804  1116 I iMonitor: send: 902500004
10-06 22:34:22.926   804  1116 I iMonitor: create: 902500004
10-06 22:34:22.926   804  1116 I iMonitor: send: 902500004
10-06 22:34:22.926   804  1116 I iMonitor: create: 902500004
10-06 22:34:22.926   804  1116 I iMonitor: send: 902500004
10-06 22:34:22.926   804  1116 I iMonitor: create: 902500004
10-06 22:34:22.926   804  1116 I iMonitor: send: 902500004
10-06 22:34:22.926   804  1116 I iMonitor: create: 902500004
10-06 22:34:22.926   804  1116 I iMonitor: create: 902500004
10-06 22:34:22.926   804  1116 E JankService: JankFrequencyMonitor action return :0
10-06 22:34:22.926   804  1116 I iMonitor: create: 902500008
10-06 22:34:22.926   804  1116 I iMonitor: send: 902500008
10-06 22:34:22.926   804  1116 I iMonitor: create: 902500007
10-06 22:34:22.927   804  1116 I iMonitor: create: 902500007
10-06 22:34:22.937   804  1116 E logserver: send_to_client, send failed, errno=32
10-06 22:34:22.938   804  1116 I logserver: thread_logcontrol, socket_client = 19, OK.
10-06 22:34:23.473  3170 18532 I HiAction_ThreadStateSync: get threadAllReady
10-06 22:34:23.474  3170 18532 I HiAction_ThreadStateSync: get isSendThreadReady
10-06 22:34:23.474  3170 18585 I HiAction_XChannel.i-3192: run 
10-06 22:34:23.474  3170 18585 I HiAction_ThreadStateSync: sendThreadRun
10-06 22:34:23.474  3170 18585 I HiAction_XChannel.k-3192: getFromMsgReqQueue(): 
10-06 22:34:23.475  3170 18584 I HiAction_XChannel.f-3192: run():
10-06 22:34:23.475  3170 18584 I HiAction_ThreadStateSync: receiveThreadRun
10-06 22:34:23.476  3170 18532 I HiAction_ThreadStateSync: SendThreadBlockQueue get  :java.lang.Object@50acb25
10-06 22:34:23.476  3170 18532 I HiAction_ThreadStateSync: get isReceiveThreadReady
10-06 22:34:23.476  3170 18532 I HiAction_ThreadStateSync: ReceiveThreadBlockQueue  get  :java.lang.Object@31bf4fa
10-06 22:34:23.476  3170 18532 I HiAction_b: handshake(): 
10-06 22:34:23.476  3170 18532 I HiAction_b: firstStep(): 
10-06 22:34:23.476  3170 18532 I HiAction_b: firstStepContent(): 
10-06 22:34:23.476  3170 18532 I HiAction_b: firstStepContent(): encryptLength=155
10-06 22:34:23.489  3170 18532 I HiAction_b: firstStep(): body.length=403
10-06 22:34:23.489  3170 18532 W HiAction_b: TraceFlow.PushMessageFlow: syncSend type:3 requestid:1755468740
10-06 22:34:23.490  3170 18532 I HiAction_XChannel.d: setQueue(): 
