10-06 22:38:30.455  1211  5695 D ActivityManager: Skipping intent:act=android.intent.action.MAIN flg=0x10840000 cmp=com.android.incallui/.InCallActivity
10-06 22:38:30.455  1211  5695 D ActivityManager: Skipping intent:act=android.intent.action.VIEW dat=file:///storage/emulated/10/Android/data/com.ss.android.ugc.aweme/files/update.apk typ=application/vnd.android.package-archive flg=0x10800001 cmp=com.android.packageinstaller/.InstallStart
10-06 22:38:30.455  1211  5695 D ActivityManager: Skipping intent:act=android.intent.action.VIEW dat=file:///storage/emulated/10/Android/data/com.tencent.tmgp.sgame/files/NoIfs_B189D0D3B5612FC39F7E9BD5A195FE51_1.41.2.4_293691.apk typ=application/vnd.android.package-archive flg=0x10800000 cmp=com.android.packageinstaller/.InstallStart
10-06 22:38:30.455  1211  5695 D ActivityManager: Skipping intent:act=android.media.action.STILL_IMAGE_CAMERA_SECURE flg=0x34800000 pkg=com.huawei.camera cmp=com.huawei.camera/.controller.SecureCameraActivity
10-06 22:38:30.455  1211  5695 D ActivityManager: Skipping intent:act=android.intent.action.VIEW dat=content://com.android.browser.fileProvider/external_files/Download/browser/WIFI54_201_GZ.apk typ=application/vnd.android.package-archive flg=0x10800000 cmp=com.android.packageinstaller/.InstallStart
10-06 22:38:30.455  1211  5695 D ActivityManager: Skipping, not user: TaskRecord{defbc71 #233 A=com.android.systemui U=0 StackId=-1 sz=0}
10-06 22:38:30.455  1211  5695 D ActivityManager: Skipping intent:act=android.intent.action.VIEW dat=https://redirect.levect.com/... flg=0x33800000 cmp=com.android.browser/.BrowserActivity
10-06 22:38:30.455  1211  5695 D ActivityManager: Skipping intent:act=android.intent.action.VIEW dat=https://redirect.levect.com/... flg=0x30800000 cmp=com.huawei.android.internal.app/.HwResolverActivity
10-06 22:38:30.455  1211  5695 D ActivityManager: Skipping intent:act=android.intent.action.MAIN cat=[android.intent.category.HOME] flg=0x10800300 cmp=com.android.settings/.FallbackHome
10-06 22:38:30.455  1211  5695 D ActivityManager: Skipping, not user: TaskRecord{2ba9a04 #209 A=com.huawei.android.hwupgradeguide U=0 StackId=-1 sz=0}
10-06 22:38:30.455  1211  5695 D ActivityManager: Skipping, not user: TaskRecord{f8673dd #1 I=com.android.settings/.FallbackHome U=0 StackId=-1 sz=0}
10-06 22:38:30.456 16569 13164 D HwRecentsLockUtils: Search
10-06 22:38:30.456  2190  2201 E HsmCoreServiceImpl: onTransact in code is: 103
10-06 22:38:30.456  2190  2201 I MediaProcessHandler: playingUids: 
10-06 22:38:30.457  1211  8189 D ActivityManager: Skipping intent:flg=0x10800000 cmp=com.tencent.news/.push.alive.offactivity.HollowActivity
10-06 22:38:30.457  1211  8189 D ActivityManager: Skipping intent:flg=0x10800000 cmp=com.ss.android.ugc.aweme/com.ss.android.message.sswo.SswoActivity
10-06 22:38:30.457  1211  8189 D ActivityManager: Skipping, not user: TaskRecord{dd3d3e6 #403 A=com.ss.android.newmedia.message.lockscreen U=0 StackId=1 sz=1}
10-06 22:38:30.457  1211  8189 D ActivityManager: Skipping, home or recents stack task: TaskRecord{df5af3 #1000002 A=com.huawei.android.launcher U=10 StackId=0 sz=1}
10-06 22:38:30.457  1211  8189 D ActivityManager: Skipping intent:flg=0x10804000 cmp=com.android.systemui/.recents.RecentsActivity bnds=[48,1363][1032,2619]
10-06 22:38:30.457  1211  8189 D ActivityManager: Skipping intent:flg=0x10808000 cmp=com.baidu.input_huawei/com.baidu.input.mpermissions.ImePermissionActivity
10-06 22:38:30.457  1211  8189 D ActivityManager: Skipping intent:act=android.deviceinfo.chooser.action.LAUNCH flg=0x10800000 hwFlg=0x100 pkg=com.android.settings cmp=com.android.settings/.deviceinfo.UsbConnModeChooserActivity
10-06 22:38:30.457  1211  8189 D ActivityManager: Skipping intent:act=android.intent.action.VIEW dat=content://com.android.browser.fileProvider/external_files/Download/browser/6ftlane_and_203.apk typ=application/vnd.android.package-archive flg=0x10800000 cmp=com.android.packageinstaller/.InstallStart
10-06 22:38:30.457  1211  8189 D ActivityManager: Skipping intent:act=android.intent.action.MAIN cat=[android.intent.category.LAUNCHER] flg=0x10a00000 cmp=com.huawei.vassistant/.ui.main.VAssistantActivity
10-06 22:38:30.457  1211  8189 D ActivityManager: Skipping intent:act=com.huawei.android.launcher.action.ACCESS_SPLIT_SCREEN_APP cat=[android.intent.category.DEFAULT] flg=0x10804000 cmp=com.huawei.android.launcher/.splitscreen.SplitScreenAppActivity
10-06 22:38:30.457  1211  8189 D ActivityManager: Skipping intent:act=android.intent.action.VIEW dat=http://home.6ftlane.net/... flg=0x13800000 cmp=com.android.browser/.BrowserActivity
10-06 22:38:30.457  1211  8189 D ActivityManager: Skipping intent:flg=0x10808000 cmp=com.huawei.tips/.CopyInfo
10-06 22:38:30.457  1211  8189 D ActivityManager: Skipping intent:flg=0x18800000 cmp=com.tencent.mm/.plugin.base.stub.WXEntryActivity
10-06 22:38:30.457  1211  8189 D ActivityManager: Skipping intent:flg=0x18800000 cmp=com.tencent.mm/.plugin.base.stub.WXPayEntryActivity
10-06 22:38:30.457  1211  8189 D ActivityManager: Skipping, not user: TaskRecord{49d90a7 #373 A=com.huawei.hiview U=0 StackId=1 sz=1}
10-06 22:38:30.457  1211  8189 D ActivityManager: Skipping intent:flg=0x10800000 cmp=com.android.systemui/.usb.UsbDebuggingSecondaryUserActivity
10-06 22:38:30.457  1211  8189 D ActivityManager: Skipping, not user: TaskRecord{b4607d6 #210 A=com.huawei.android.launcher U=0 StackId=0 sz=1}
10-06 22:38:30.457  1211  8189 D ActivityManager: Skipping, not user: TaskRecord{574c1cb #326 A=com.android.systemui U=0 StackId=5 sz=1}
10-06 22:38:30.457  1211  8189 D ActivityManager: Skipping intent:act=android.intent.action.MAIN cat=[android.intent.category.LAUNCHER] flg=0x10a00000 cmp=com.android.systemui/.flashlight.FlashlightActivity
10-06 22:38:30.457  1211  8189 D ActivityManager: Skipping intent:act=android.intent.action.MAIN cat=[android.intent.category.DEFAULT] flg=0x10800000 cmp=com.huawei.fastapp/.app.processManager.RpkLoaderActivityEntry
10-06 22:38:30.457  1211  8189 D ActivityManager: Skipping intent:act=android.intent.action.VIEW dat=content://com.sankuai.meituanandroid.upgrade.fileprovider/upgrade/update_new.apk typ=application/vnd.android.package-archive flg=0x10800001 cmp=com.android.packageinstaller/.InstallStart
10-06 22:38:30.457  1211  8189 D ActivityManager: Skipping intent:act=android.intent.action.MAIN flg=0x10840000 cmp=com.android.incallui/.InCallActivity
10-06 22:38:30.457  1211  8189 D ActivityManager: Skipping intent:act=android.intent.action.VIEW dat=file:///storage/emulated/10/Android/data/com.ss.android.ugc.aweme/files/update.apk typ=application/vnd.android.package-archive flg=0x10800001 cmp=com.android.packageinstaller/.InstallStart
10-06 22:38:30.457  1211  8189 D ActivityManager: Skipping intent:act=android.intent.action.VIEW dat=file:///storage/emulated/10/Android/data/com.tencent.tmgp.sgame/files/NoIfs_B189D0D3B5612FC39F7E9BD5A195FE51_1.41.2.4_293691.apk typ=application/vnd.android.package-archive flg=0x10800000 cmp=com.android.packageinstaller/.InstallStart
10-06 22:38:30.457  1211  8189 D ActivityManager: Skipping intent:act=android.media.action.STILL_IMAGE_CAMERA_SECURE flg=0x34800000 pkg=com.huawei.camera cmp=com.huawei.camera/.controller.SecureCameraActivity
10-06 22:38:30.457  1211  8189 D ActivityManager: Skipping intent:act=android.intent.action.VIEW dat=content://com.android.browser.fileProvider/external_files/Download/browser/WIFI54_201_GZ.apk typ=application/vnd.android.package-archive flg=0x10800000 cmp=com.android.packageinstaller/.InstallStart
10-06 22:38:30.457  1211  8189 D ActivityManager: Skipping, not user: TaskRecord{defbc71 #233 A=com.android.systemui U=0 StackId=-1 sz=0}
10-06 22:38:30.457  1211  8189 D ActivityManager: Skipping intent:act=android.intent.action.VIEW dat=https://redirect.levect.com/... flg=0x33800000 cmp=com.android.browser/.BrowserActivity
10-06 22:38:30.457  1211  8189 D ActivityManager: Skipping intent:act=android.intent.action.VIEW dat=https://redirect.levect.com/... flg=0x30800000 cmp=com.huawei.android.internal.app/.HwResolverActivity
10-06 22:38:30.457  1211  8189 D ActivityManager: Skipping intent:act=android.intent.action.MAIN cat=[android.intent.category.HOME] flg=0x10800300 cmp=com.android.settings/.FallbackHome
10-06 22:38:30.457  1211  8189 D ActivityManager: Skipping, not user: TaskRecord{2ba9a04 #209 A=com.huawei.android.hwupgradeguide U=0 StackId=-1 sz=0}
10-06 22:38:30.457  1211  8189 D ActivityManager: Skipping, not user: TaskRecord{f8673dd #1 I=com.android.settings/.FallbackHome U=0 StackId=-1 sz=0}
10-06 22:38:30.764   775   775 E Thermal-daemon: [charger_ic] temp_new :35  temp_old :36
10-06 22:38:30.765   775   775 E Thermal-daemon: Report temperature: [charger_ic] temp :35  report_threshold:1
10-06 22:38:31.788   776   776 E wificond: Failed to get NL80211_STA_INFO_CNAHLOAD
10-06 22:38:31.812  1211  1675 I chatty  : uid=1000(system) WifiProStateMac expire 6 lines
10-06 22:38:32.154  1211  1220 I chatty  : uid=1000(system) HeapTaskDaemon expire 1 line
10-06 22:38:35.768   775   775 E Thermal-daemon: [charger_ic] temp_new :36  temp_old :35
10-06 22:38:35.770   775   775 E Thermal-daemon: Report temperature: [charger_ic] temp :36  report_threshold:1
10-06 22:38:35.791  1211  1396 I chatty  : uid=1000(system) InputReader expire 33 lines
10-06 22:38:31.796   776   776 E wificond: Failed to get NL80211_STA_INFO_CNAHLOAD
10-06 22:38:35.797  1211  1396 I WindowManager: hungUp=false, mScreenshotChordVolumeDownKeyTriggered=false, mA11yShortcutChordVolumeUpKeyTriggered=false, gesturedServiceIntercepted=false
10-06 22:38:35.801  1211  1396 D PickUpWakeScreenManager: isPickupSensorSupport isSensorSupport = true
10-06 22:38:35.804  1211  1396 D PowerManagerService: setColorTemperatureAccordingToSetting
10-06 22:38:35.804  1211  1240 D PowerManagerService: Face Dectect wakeUpInternal type:android.policy:POWER#1000
10-06 22:38:35.804  1211  1396 D HwPowerManagerService: setColorTemperatureAccordingToSetting
10-06 22:38:35.804  1211  1396 D HwPowerManagerService: isDisplayFeatureSupported feature:1
10-06 22:38:35.805   684   684 E HW_DISPLAY_EFFECT: read_value: read /sys/class/graphics/fb0/lcd_support_mode file open failed.
10-06 22:38:35.805   684   684 E DisplayService: call get_smart_display_supported failed: -1
10-06 22:38:35.806  1211  1396 D HwPowerManagerService: setColorTemperatureAccordingToSetting old:128
10-06 22:38:35.806  1723  1723 I chatty  : uid=10027(u0_a27) com.android.systemui expire 573 lines
10-06 22:38:35.806  1211  1396 D HwPowerManagerService: setColorTemperature:128
10-06 22:38:35.807   684   684 I HW_DISPLAY_EFFECT: hw_set_colortemperature: strTmp=32768,0,0,0,32768,0,0,0,32768
10-06 22:38:35.807  1211  1240 I DisplayPowerController: LightSensorEnable change false -> true
10-06 22:38:35.811   696   917 D SensorHub: batch called handle:3 sample_ns:300000000 latency_ns:0
10-06 22:38:35.811   696   917 D SensorHub: in batch, handle = 3, flags = 0, period_ns = 300000000, timeout = 0
10-06 22:38:35.812   696   917 I /vendor/bin/hw/vendor.huawei.hardware.sensors@1.0-service: activate-3 frameOpenedAls-0 enabled-1 cameraOpenedAls-0 frameOpenedColor-0 cameraOpenedColor-0
10-06 22:38:35.812   696   917 D SensorHub: Channel activate-> handle: 3, enabled:1, err: 0
10-06 22:38:35.812  1211  1240 I DisplayPowerController: mPowerRequest.useSmartBacklight : false
10-06 22:38:35.813  1211  1240 I DisplayPowerController: ScreenState change 0 -> 1
10-06 22:38:35.814   757   757 D DE N SR : immidiatelyAction:243: DE_SCENE_ACTION_SCREEN_ON
10-06 22:38:35.814   757  1652 D DE N ^CR: onChange:26: DE_SCENE_ACTION_SCREEN_ON COMPONENT_CONTRAST mode:0x0
10-06 22:38:35.814   757  1652 D DE N ^CR: generateOperating:53: set mode 0
10-06 22:38:35.814   757  1652 D DE N VH : start:45: Wake up
10-06 22:38:35.814   757  1652 D DE N ^Sh1P: onChange:31: DE_SCENE_ACTION_SCREEN_ON COMPONENT_SHARP mode:0x3
10-06 22:38:35.814   757  1653 D DE N VH : run:118: Start
10-06 22:38:35.817   757   757 D DE N SR : setPowerMode:342: scene invalid
10-06 22:38:35.818  1211  1240 I chatty  : uid=1000(system) PowerManagerSer expire 4 lines
10-06 22:38:35.821  2203  2615 I chatty  : uid=1000(system) actions handler expire 39 lines
10-06 22:38:35.821  1211  2657 D WindowManager: mKeyguardDelegate.ShowListener.onDrawn.
10-06 22:38:35.826  1211  1369 W WindowManager: reset canBeSeen for statusbar when keyguard on
10-06 22:38:35.833   696   917 D SensorHub: batch called handle:4 sample_ns:20000000 latency_ns:0
10-06 22:38:35.833   696   917 D SensorHub: in batch, handle = 4, flags = 0, period_ns = 20000000, timeout = 0
10-06 22:38:35.834   696   917 I /vendor/bin/hw/vendor.huawei.hardware.sensors@1.0-service: activate-4 frameOpenedAls-1 enabled-1 cameraOpenedAls-0 frameOpenedColor-0 cameraOpenedColor-0
10-06 22:38:35.834   696   917 D SensorHub: Channel activate-> handle: 4, enabled:1, err: 0
10-06 22:38:35.834   696   917 E SensorHub: PS activate 1
10-06 22:38:35.837  2203  2290 I chatty  : uid=1000(system) core expire 16 lines
10-06 22:38:35.838  1211  1398 D VoldConnector: SND -> {1087 fstrim stoptrim}
10-06 22:38:35.839  1211  1692 I chatty  : uid=1000(system) PhotonicModulat expire 3 lines
10-06 22:38:35.839  1211  1398 D VoldConnector: SND -> {1087 fstrim stoptrim}
10-06 22:38:35.840   448   456 I vold    : TrimTask running tasks: 0
10-06 22:38:35.842  1211  1401 D VoldConnector: RCV <- {200 1087 Command succeeded}
10-06 22:38:35.845  1211  1692 W LocalDisplayAdapter: @@@@@@ LocalDisplayAdapter--updateDeviceInfoLocked--change the mInfo to null
10-06 22:38:35.846  1211  1237 W LocalDisplayAdapter: @@@@@@ LocalDisplayAdapter--getDisplayDeviceInfoLocked--mInfo = DisplayDeviceInfo{"内置屏幕": uniqueId="local:0", 1080 x 1920, modeId 1, defaultModeId 1, supportedModes [{id=1, width=1080, height=1920, fps=60.000004}], colorMode 0, supportedColorModes [0], HdrCapabilities android.view.Display$HdrCapabilities@1d6308, density 480, 375.78 x 375.138 dpi, appVsyncOff 2000000, presDeadline 13666666, touch INTERNAL, rotation 0, type BUILT_IN, state ON, FLAG_DEFAULT_DISPLAY, FLAG_ROTATES_WITH_CONTENT, FLAG_SECURE, FLAG_SUPPORTS_PROTECTED_BUFFERS}
10-06 22:38:35.846  1211  1237 I DisplayManagerService: Display device changed state: "内置屏幕", ON
10-06 22:38:35.846   703   703 D SurfaceFlinger: Set power mode=2, type=0 flinger=0x787425f000
10-06 22:38:35.846  1211  1237 W LogicalDisplay: @@@@@@ LogicalDisplay--updateLocked--mPrimaryDisplayDeviceInfo = DisplayDeviceInfo{"内置屏幕": uniqueId="local:0", 1080 x 1920, modeId 1, defaultModeId 1, supportedModes [{id=1, width=1080, height=1920, fps=60.000004}], colorMode 0, supportedColorModes [0], HdrCapabilities android.view.Display$HdrCapabilities@1d6308, density 480, 375.78 x 375.138 dpi, appVsyncOff 2000000, presDeadline 13666666, touch INTERNAL, rotation 0, type BUILT_IN, state OFF, FLAG_DEFAULT_DISPLAY, FLAG_ROTATES_WITH_CONTENT, FLAG_SECURE, FLAG_SUPPORTS_PROTECTED_BUFFERS}; deviceInfo = DisplayDeviceInfo{"内置屏幕": uniqueId="local:0", 1080 x 1920, modeId 1, defaultModeId 1, supportedModes [{id=1, width=1080, height=1920, fps=60.000004}], colorMode 0, supportedColorModes [0], HdrCapabilities android.view.Display$HdrCapabilities@1d6308, density 480, 375.78 x 375.138 dpi, appVsyncOff 2000000, presDeadline 13666666, touch INTERNAL, rotation 0, type BUILT_IN, state ON, FLAG_DEFAULT_DISPLAY, FLAG_ROTATES_WITH_CONTENT, FLAG_SECURE, FLAG_SUPPORTS_PROTECTED_BUFFERS}
10-06 22:38:35.864  1211  1369 W WindowManager: reset canBeSeen for statusbar when keyguard on
10-06 22:38:35.869   757  1655 D DE N ABT: addOperating:478: Cache[ COMPONENT_SHARP      ][ LOW_BIT_MODE         ]| 1 / 1 | DE_FEATURE_SHARP     |   -1   |0x3
10-06 22:38:35.870   757  1655 D DE N HWC: apply:87: FEATURE_SHARP: <mode:0x3>
10-06 22:38:35.870   757  1655 D DE N HW : setEffect:71: FEATURE_SHARP mode:0x3 size:0
10-06 22:38:35.870   683   683 D DE H DE : setHardwareEffect:212: FEATURE_SHARP 0x3
10-06 22:38:35.883   795   832 D AwareLog: iawared:  compress gpu mem, pid:2438
10-06 22:38:35.885  1211 18709 I chatty  : uid=1000(system) are.mem.default expire 1 line
10-06 22:38:35.886   757  1653 D DE N VH : run:148: Stop
10-06 22:38:35.887   795   832 I AwareLog: HibSTrategy::HibStrategySwapCandidateProcessAdd packagename com.android.systemui
10-06 22:38:35.887  2203  6786 I chatty  : uid=1000(system) Binder:2203_9 expire 3 lines
10-06 22:38:35.889   698   698 E WifiHAL : enter wifi_get_link_stats
10-06 22:38:35.890  1211  1211 D HwWifiP2pService: onReceive, action:android.intent.action.SCREEN_ON
10-06 22:38:35.893  1211  1622 D WifiP2pService: InactiveState143466
10-06 22:38:35.893  1211  1622 E HwWifiP2pService: Unhandled message when=524185329 what=143466 arg1=0 arg2=0
10-06 22:38:35.893  1211  1622 D WifiP2pService: P2pEnabledState when=524185329 what=143466 arg1=0 arg2=0
10-06 22:38:35.893  1211  1622 D WifiP2pService: DefaultState{ when=-1ms what=143466 target=com.android.internal.util.StateMachine$SmHandler }
10-06 22:38:35.893  1211  1622 D HwWifiP2pService: cancel alarm.
10-06 22:38:35.895  1211  1211 I WindowOrientationListener: WindowOrientationListener enabled clearCurrentRotation=true
10-06 22:38:35.897   677 30108 E baidu_asr_interface: asr_baidu_set_parameters_data-not baidu asr
10-06 22:38:35.919  1211  1610 I HwAlarmManagerService: hwSetAlarm listenerTag: WifiConnectivityManager Schedule Hour Periodic Scan Timer
10-06 22:38:35.920  1211  1211 D WifiService: onReceive, action:android.intent.action.SCREEN_ON
10-06 22:38:35.922   776   776 E wificond: Failed to get NL80211_STA_INFO_CNAHLOAD
10-06 22:38:35.923  1211  1211 I EyeProtectionControllerImpl: onReceive intent action = android.intent.action.SCREEN_ON
10-06 22:38:35.986   757   757 I DE N ALA: updateLux:96: fist sensor lux, smoothLux=10.000000, timestamp=972618868
10-06 22:38:35.986   757   757 D DE N SR : setAmbientParam:941: DE_SCENE_ACTION_AMBIENT_CHANGE set mLux:10 mCt:10000
10-06 22:38:35.986   757   757 D DE N SR : immidiatelyAction:243: DE_SCENE_ACTION_INDOOR_STEADY
10-06 22:38:35.986  1211  1240 I HwAmbientLuxFilterAlgo: LastScreenBuffer: sumLux=0.0, cntValidData=0, InambientLux=10.0
10-06 22:38:35.986   757  1652 D DE N ^SRE: onChange:29: false COMPONENT_CONTRAST mEnable:DE_SCENE_ACTION_INDOOR_STEADY mode:0x0
10-06 22:38:35.986   757  1652 D DE N VH : start:45: Wake up
10-06 22:38:35.987   757  1653 D DE N VH : run:118: Start
10-06 22:38:35.987  1211  1240 I DisplayPowerController: mPowerRequest.useSmartBacklight : false
10-06 22:38:36.016   696   696 D SensorHub: -------------------------->SENSOR_TYPE_PROXIMITY data[0] = 5.000000
10-06 22:38:36.037  1211  1393 I chatty  : uid=1000(system) HWExtMotionServ expire 8 lines
10-06 22:38:36.037  1211  1635 I chatty  : uid=1000(system) AudioService expire 2 lines
10-06 22:38:36.054   757  1653 D DE N VH : run:148: Stop
10-06 22:38:36.098   696   696 D SensorHub: -------------------------->SENSOR_TYPE_PROXIMITY data[0] = 5.000000
10-06 22:38:36.141   749   827 D bastetd : [BastetDevice   ] indScreenState# Screen on: 1
10-06 22:38:36.141   749   827 D bastetd : [BastetCsFW     ] isAllowBastetCsFw# allow_bastet_csfw null
10-06 22:38:36.142   749   827 D bastetd : [BastetFilter   ] isAllowBastetFilter# isAllowBastetFilter true
10-06 22:38:36.142   749   827 D bastetd : [BastetCommon   ] handleProxySupport# Support mask: 0x17
10-06 22:38:36.142   749   827 D bastetd : [BastetDevice   ] notifyProxyAvailable# available=0
10-06 22:38:35.988  1211  1240 I DisplayPowerController: mPowerRequest.useSmartBacklight : false
10-06 22:38:36.145  1211  1369 W WindowManager: reset canBeSeen for statusbar when keyguard on
10-06 22:38:36.177   696   696 D SensorHub: -------------------------->SENSOR_TYPE_PROXIMITY data[0] = 5.000000
10-06 22:38:36.257   696   917 D SensorHub: -------------------------->SENSOR_TYPE_PROXIMITY data[0] = 5.000000
10-06 22:38:36.331   708   865 I aptouch_daemon: filter_set_filter_status, lcd on, notify aft algo.
10-06 22:38:36.332   795  4095 I AwareLog: HiberManagerService::do_reclaim ok, pid=1723
10-06 22:38:36.332   795  4095 I AwareLog: HiberManagerService::getReclaimResult:reclaim_kb=107548, swap_kb=103780, swap_us=441384
10-06 22:38:36.332   795  4095 I AwareLog: HibStrategy::HibStrategySwapCandidateProcessRemove packagename is com.android.systemui
10-06 22:38:36.332   795  4095 I AwareLog: HiberManagerService::sendMessagetoHiberTask successful
10-06 22:38:36.333   795   832 I AwareLog: HibSTrategy::HibStrategySwapCandidateProcessAdd packagename com.huawei.android.totemweather
10-06 22:38:36.336   795  4095 I AwareLog: HibStrategy::HibStrategySwapCandidateProcessRemove packagename is com.huawei.android.totemweather
10-06 22:38:36.336   795  4095 I AwareLog: HiberManagerService::sendMessagetoHiberTask successful
10-06 22:38:36.337   795   832 I AwareLog: HibSTrategy::HibStrategySwapCandidateProcessAdd packagename com.huawei.nlp
10-06 22:38:36.338   696   917 D SensorHub: -------------------------->SENSOR_TYPE_PROXIMITY data[0] = 5.000000
10-06 22:38:36.338   795  4095 I AwareLog: HibStrategy::HibStrategySwapCandidateProcessRemove packagename is com.huawei.nlp
10-06 22:38:36.338   795  4095 I AwareLog: HiberManagerService::sendMessagetoHiberTask successful
10-06 22:38:36.340  1211  2146 I chatty  : uid=1000(system) LocationThread expire 5 lines
10-06 22:38:36.353   708   708 I aptouch_daemon: filter_touch_detect, down, in: 1, out: 1
10-06 22:38:36.381  1723  2034 I chatty  : uid=10027(u0_a27) RenderThread expire 4 lines
10-06 22:38:36.406  1211  2657 D WindowManager: finishDrawingWindow: Window{41a8869 u0 StatusBar} mDrawState=DRAW_PENDING
10-06 22:38:36.408  1211  1369 W WindowManager: reset canBeSeen for statusbar when keyguard on
10-06 22:38:36.410  1211  1237 I WindowManager: All windows ready for display!
10-06 22:38:36.411  1211  1229 I WindowManager: Finished screen turning on...
10-06 22:38:36.411  1211  1240 I DisplayPowerController: mPowerRequest.useSmartBacklight : false
10-06 22:38:36.414  1211  1240 I DisplayPowerController: mPowerRequest.useSmartBacklight : false
10-06 22:38:36.416  1211  1240 D HwPhoneWindowManager: screenTurnedOn
10-06 22:38:36.416  1211  1240 D PickUpWakeScreenManager: mIsPickupSwitchOn = false
10-06 22:38:36.417   696   917 D SensorHub: -------------------------->SENSOR_TYPE_PROXIMITY data[0] = 5.000000
10-06 22:38:36.418  1211  1240 W PowerManagerService: Screen on took 628 ms
10-06 22:38:36.420  1723  1851 I chatty  : uid=10027(u0_a27) KG_Background_H expire 42 lines
10-06 22:38:36.427 17604 17604 D SettingsAppWidgetProvider: enable buttons...
10-06 22:38:36.427 17604 17604 D SettingsAppWidgetProvider: buttons enabled!
10-06 22:38:36.429 17604 17604 D SettingsAppWidgetProvider: getActualWifiState = 3
10-06 22:38:36.468   708   708 I aptouch_daemon: filter_touch_detect, all_touch_up
10-06 22:38:36.497   696   917 D SensorHub: -------------------------->SENSOR_TYPE_PROXIMITY data[0] = 5.000000
10-06 22:38:36.499  2388  2388 D HwKeyguardManagerImpl: isLockScreenDisabled HwKeyguardManagerImpl result = false
10-06 22:38:36.506   668   668 I GRALLOC : 	 shrFd=10,fmt=0x1,intFmt=0x200000001,btStrd=4352,size=8486912,pid=668 
10-06 22:38:36.506   668   668 I GRALLOC : 	 yuv=2,w=1080,h=1920,Stride u=0 v=0,offset u=0 v=0 
10-06 22:38:36.506   668   668 I GRALLOC : 	 iova_size=8486912,conUsg=0xb00,proUsg=0xb00,	 strd=1088,[afbc]HdrStrd=1088 PyldStrd=69632 Scrmbl=2,ionhnd = 1 
10-06 22:38:36.532  2203  3735 I chatty  : uid=1000(system) iAwareNRT expire 1 line
10-06 22:38:36.532  2203  2203 I chatty  : uid=1000(system) com.huawei.powergenie expire 10 lines
10-06 22:38:36.564  4419  4419 I IntelligentPKM: receiver action:android.intent.action.SCREEN_ON
10-06 22:38:36.564  4419  4419 I IntelligentPKM: current UserId is not system user, do nothing
10-06 22:38:36.565  3120  3120 D [HwRecSys]EventCollectController: onScreenChange isScreenOn:true
10-06 22:38:36.565  3120  3120 D [HwRecSys]DataServiceController: onEvent
10-06 22:38:36.565   513 18711 W libc    : Set property "hw.wifi.dns_stat" to "2884,515,15037,1,180867"
10-06 22:38:36.569  3120  3120 I [HwRecSys]TimerController: isScreenOn:true
10-06 22:38:36.569  3120  3120 I [HwRecSys]HealthController: isScreenOn:true
10-06 22:38:36.569  3120  3120 I [HwRecSys]HealthController: isConnect:true
10-06 22:38:36.569  3120  3120 I [HwRecSys]EnrollController: onScreenChange:true
10-06 22:38:36.569  3120  3120 E [HwRecSys]EnrollController: onScreenChange is ON
10-06 22:38:36.569  3120  5524 D [HwRecSys]LocationController: receive msg MSG_START_PASSIVE_LOCATION
10-06 22:38:36.569  3120  5525 D ARMoudle.HwActivityRecognition: getSupportedActivities_O
10-06 22:38:36.569  3120  5524 I [HwRecSys]LocationController: location invalid need locate
10-06 22:38:36.569  3120  5524 D [HwRecSys]LocationController: startReceivingLocationUpdates
10-06 22:38:36.570  3120  5524 D [HwRecSys]LocationController: requestLocationUpdates provider:passive
10-06 22:38:36.570  2190  2201 D ARMoudle.ARHardware: mSupportedActivities:7
10-06 22:38:36.570  3120  5525 D ARMoudle.HwActivityRecognition: enableActivityEvent
10-06 22:38:36.570  3120  5525 D ARMoudle.HwActivityRecognition: android.activity_recognition.in_vehicle,1,60000000000
10-06 22:38:36.570   662   662 I ArData  : (ar_enable_activity_event:1281):activity[0] event[1] latency[60000000000 ns]
10-06 22:38:36.570 17622 17671 D HwLBSService HigeoLocationManager: synchronized mObject sendScreenState enter.
10-06 22:38:36.571 17622 17671 D HwLBSService HigeoLocationManager: Get getIFusdLbsService service not null.
10-06 22:38:36.571   814   853 I FusionDaemon: (sendScreenState:132):FusdLbs: sendScreenState.
10-06 22:38:36.571 17622 17671 D HwLBSService HigeoLocationManager: synchronized mObject sendScreenState exit.
10-06 22:38:36.572   662   662 I ArData  : (ar_data_enable_activity_event:587):successfully
10-06 22:38:36.572   662   662 I ArData  : (ar_data_get_state:1203):id[2]
10-06 22:38:36.572   662   718 I ArData  : (ar_data_netlink_cb:789):cmd[2].length[20]
10-06 22:38:36.573  3120  5525 D ARMoudle.HwActivityRecognition: enableActivityEvent
10-06 22:38:36.573  3120  5525 D ARMoudle.HwActivityRecognition: android.activity_recognition.in_vehicle,2,60000000000
10-06 22:38:36.574   662   662 I ArData  : (ar_enable_activity_event:1281):activity[0] event[2] latency[60000000000 ns]
10-06 22:38:36.574   662   662 I ArData  : (ar_data_enable_activity_event:587):successfully
10-06 22:38:36.575   662   718 I ArData  : (ar_data_netlink_cb:789):cmd[2].length[40]
10-06 22:38:36.575  3120  5525 D ARMoudle.HwActivityRecognition: enableActivityEvent
10-06 22:38:36.575  3120  5525 D ARMoudle.HwActivityRecognition: android.activity_recognition.on_bicycle,1,60000000000
10-06 22:38:36.576   662   662 I ArData  : (ar_enable_activity_event:1281):activity[1] event[1] latency[60000000000 ns]
10-06 22:38:36.578  1211  2108 I chatty  : uid=1000(system) Binder:1211_5 expire 9 lines
10-06 22:38:36.578   696   917 D SensorHub: -------------------------->SENSOR_TYPE_PROXIMITY data[0] = 5.000000
10-06 22:38:36.578   662   662 I ArData  : (ar_data_enable_activity_event:587):successfully
10-06 22:38:36.579   662   718 I ArData  : (ar_data_netlink_cb:789):cmd[2].length[40]
10-06 22:38:36.579   662   662 I ArData  : (ar_data_get_state:1203):id[2]
10-06 22:38:36.580  3120  5525 D ARMoudle.HwActivityRecognition: enableActivityEvent
10-06 22:38:36.580  3120  5525 D ARMoudle.HwActivityRecognition: android.activity_recognition.on_bicycle,2,60000000000
10-06 22:38:36.581   662   662 I ArData  : (ar_enable_activity_event:1281):activity[1] event[2] latency[60000000000 ns]
10-06 22:38:36.581   662   662 I ArData  : (ar_data_enable_activity_event:587):successfully
10-06 22:38:36.581  3120  5525 D ARMoudle.HwActivityRecognition: enableActivityEvent
10-06 22:38:36.581  3120  5525 D ARMoudle.HwActivityRecognition: android.activity_recognition.walking,1,60000000000
10-06 22:38:36.581   662   718 I ArData  : (ar_data_netlink_cb:789):cmd[2].length[60]
10-06 22:38:36.582   662   662 I ArData  : (ar_enable_activity_event:1281):activity[2] event[1] latency[60000000000 ns]
10-06 22:38:36.583   662   662 I ArData  : (ar_data_enable_activity_event:587):successfully
10-06 22:38:36.583   662   718 I ArData  : (ar_data_netlink_cb:789):cmd[2].length[60]
10-06 22:38:36.583   662   662 I ArData  : (ar_data_get_state:1203):id[2]
10-06 22:38:36.584  3120  5525 D ARMoudle.HwActivityRecognition: enableActivityEvent
10-06 22:38:36.584  3120  5525 D ARMoudle.HwActivityRecognition: android.activity_recognition.walking,2,60000000000
10-06 22:38:36.586   662   662 I ArData  : (ar_enable_activity_event:1281):activity[2] event[2] latency[60000000000 ns]
10-06 22:38:36.588   662   662 I ArData  : (ar_data_enable_activity_event:587):successfully
10-06 22:38:36.589  3120  5525 D ARMoudle.HwActivityRecognition: enableActivityEvent
10-06 22:38:36.589  3120  5525 D ARMoudle.HwActivityRecognition: android.activity_recognition.running,1,60000000000
10-06 22:38:36.589   662   718 I ArData  : (ar_data_netlink_cb:789):cmd[2].length[80]
10-06 22:38:36.589   662   662 I ArData  : (ar_enable_activity_event:1281):activity[3] event[1] latency[60000000000 ns]
10-06 22:38:36.590   662   662 I ArData  : (ar_data_enable_activity_event:587):successfully
10-06 22:38:36.591   662   662 I ArData  : (ar_data_get_state:1203):id[2]
10-06 22:38:36.591   662   718 I ArData  : (ar_data_netlink_cb:789):cmd[2].length[80]
10-06 22:38:36.592  3120  5525 D ARMoudle.HwActivityRecognition: enableActivityEvent
10-06 22:38:36.592  3120  5525 D ARMoudle.HwActivityRecognition: android.activity_recognition.running,2,60000000000
10-06 22:38:36.592   662   662 I ArData  : (ar_enable_activity_event:1281):activity[3] event[2] latency[60000000000 ns]
10-06 22:38:36.593   662   662 I ArData  : (ar_data_enable_activity_event:587):successfully
10-06 22:38:36.593  3120  5525 D ARMoudle.HwActivityRecognition: enableActivityEvent
10-06 22:38:36.593  3120  5525 D ARMoudle.HwActivityRecognition: android.activity_recognition.still,1,60000000000
10-06 22:38:36.594   662   718 I ArData  : (ar_data_netlink_cb:789):cmd[2].length[100]
10-06 22:38:36.594   662   662 I ArData  : (ar_enable_activity_event:1281):activity[4] event[1] latency[60000000000 ns]
10-06 22:38:36.595   662   662 I ArData  : (ar_data_enable_activity_event:587):successfully
10-06 22:38:36.595   662   662 I ArData  : (ar_data_get_state:1203):id[2]
10-06 22:38:36.596   662   718 I ArData  : (ar_data_netlink_cb:789):cmd[2].length[100]
10-06 22:38:36.596  3120  5525 D ARMoudle.HwActivityRecognition: enableActivityEvent
10-06 22:38:36.596  3120  5525 D ARMoudle.HwActivityRecognition: android.activity_recognition.still,2,60000000000
10-06 22:38:36.597   662   662 I ArData  : (ar_enable_activity_event:1281):activity[4] event[2] latency[60000000000 ns]
10-06 22:38:36.597   662   662 I ArData  : (ar_data_enable_activity_event:587):successfully
10-06 22:38:36.598   662   662 I ArData  : (ar_data_get_state:1203):id[2]
10-06 22:38:36.600   662   718 I ArData  : (ar_data_netlink_cb:789):cmd[2].length[100]
10-06 22:38:36.600  3120  5525 D ARMoudle.HwActivityRecognition: enableActivityEvent
10-06 22:38:36.600  3120  5525 D ARMoudle.HwActivityRecognition: android.activity_recognition.high_speed_rail,1,60000000000
10-06 22:38:36.601   662   662 I ArData  : (ar_enable_activity_event:1281):activity[6] event[1] latency[60000000000 ns]
10-06 22:38:36.601   662   662 I ArData  : (ar_data_enable_activity_event:587):successfully
10-06 22:38:36.602  3120  5525 D ARMoudle.HwActivityRecognition: enableActivityEvent
10-06 22:38:36.602  3120  5525 D ARMoudle.HwActivityRecognition: android.activity_recognition.high_speed_rail,2,60000000000
10-06 22:38:36.602   662   718 I ArData  : (ar_data_netlink_cb:789):cmd[2].length[100]
10-06 22:38:36.602   662   662 I ArData  : (ar_enable_activity_event:1281):activity[6] event[2] latency[60000000000 ns]
10-06 22:38:36.603   662   662 I ArData  : (ar_data_enable_activity_event:587):successfully
10-06 22:38:36.603  3120  5525 D ARMoudle.HwActivityRecognition: enableActivityEvent
10-06 22:38:36.603  3120  5525 D ARMoudle.HwActivityRecognition: android.activity_recognition.fast_walking,1,60000000000
10-06 22:38:36.603   662   718 I ArData  : (ar_data_netlink_cb:789):cmd[2].length[120]
10-06 22:38:36.604   662   662 I ArData  : (ar_enable_activity_event:1281):activity[5] event[1] latency[60000000000 ns]
10-06 22:38:36.604   662   662 I ArData  : (ar_data_enable_activity_event:587):successfully
10-06 22:38:36.604  3120  5525 D ARMoudle.HwActivityRecognition: enableActivityEvent
10-06 22:38:36.604  3120  5525 D ARMoudle.HwActivityRecognition: android.activity_recognition.fast_walking,2,60000000000
10-06 22:38:36.605   662   718 I ArData  : (ar_data_netlink_cb:789):cmd[2].length[120]
10-06 22:38:36.605   662   662 I ArData  : (ar_enable_activity_event:1281):activity[5] event[2] latency[60000000000 ns]
10-06 22:38:36.606   662   662 I ArData  : (ar_data_enable_activity_event:587):successfully
10-06 22:38:36.606   662   718 I ArData  : (ar_data_netlink_cb:789):cmd[2].length[140]
10-06 22:38:36.615 25938 25938 I Step_StandReportReceiver: 80001355|onReceive action: android.intent.action.SCREEN_ON
10-06 22:38:36.619 25938 26009 I Step_LSC: 80001355|processHandleBroadcastAction action:android.intent.action.SCREEN_ON
10-06 22:38:36.619 25938 26009 I Step_StandStepCounter: 80001355|flush sensor data
10-06 22:38:36.620   696   696 D SensorHub: in flush, handle = 17
10-06 22:38:36.621   696   917 D SensorHub: huawei Hal strandard_stepcounter is 50061
10-06 22:38:36.621 25938 26009 I Step_LSC: 80001355|processScreenOn :-11538836716621
10-06 22:38:36.621   696   917 D SensorHub: getSensorType get meta data! handle =17
10-06 22:38:36.621 25938 26009 I Step_SPUtils: 80001355| getTodayTotalDetailSteps = 1538755200000##2397##273656##0##4865##971486652
10-06 22:38:36.624 25938 26009 I Step_SPUtils: 80001355|setTodayTotalDetailSteps=1538755200000##2397##273656##0##4865##972619505 timeZero=1538755200000
10-06 22:38:36.631 25938 26009 I Step_ExtSDM: 80001355|calculateCaloriesWithCache totalCalories=57581
10-06 22:38:36.635 25938 26009 I Step_ExtSDM: 80001355|calculateAltitudeWithCache totalAltitude=0
10-06 22:38:36.637 25938 26009 I Step_StandReportReceiver: 80001355|REPORT : 2397 2397 1711 57581 0
10-06 22:38:36.637 25938 26009 I Step_LSC: 80001355|onStandStepChanged 50061
10-06 22:38:36.720   696   917 D SensorHub: huawei Hal strandard_stepcounter is 50061
10-06 22:38:36.721  2190  2190 D HwStepCounter: onDeviceDataChanged
10-06 22:38:36.721  2190  2190 W HwStepCounter: version : 1
10-06 22:38:36.721 25938 26009 I Step_LSC: 80001355|onStandStepChanged 50061
10-06 22:38:36.722  2190  2190 I HwStepCounter: dealReportData tm: 2018-10-06 22:21:33 steps_value[0] : 0 state_value[0]:5 level_value[0]:0
10-06 22:38:36.722  2190  2190 I HwStepCounter: dealReportData tm: 2018-10-06 22:21:33 steps_value[1] : 0 state_value[1]:5 level_value[1]:0
10-06 22:38:36.722  2190  2190 I HwStepCounter: dealReportData tm: 2018-10-06 22:21:33 steps_value[2] : 0 state_value[2]:5 level_value[2]:0
10-06 22:38:36.722  2190  2190 I HwStepCounter: dealReportData tm: 2018-10-06 22:21:33 steps_value[3] : 0 state_value[3]:5 level_value[3]:0
10-06 22:38:36.723  2190  2190 I HwStepCounter: dealReportData tm: 2018-10-06 22:21:33 steps_value[4] : 0 state_value[4]:5 level_value[4]:0
10-06 22:38:36.723  2190  2190 I HwStepCounter: dealReportData tm: 2018-10-06 22:21:33 steps_value[5] : 0 state_value[5]:5 level_value[5]:0
10-06 22:38:36.723  2190  2190 I HwStepCounter: dealReportData tm: 2018-10-06 22:21:33 steps_value[6] : 0 state_value[6]:5 level_value[6]:0
10-06 22:38:36.724  2190  2190 I HwStepCounter: dealReportData tm: 2018-10-06 22:21:33 steps_value[7] : 0 state_value[7]:5 level_value[7]:0
10-06 22:38:36.724  2190  2190 I HwStepCounter: dealReportData tm: 2018-10-06 22:21:33 steps_value[8] : 0 state_value[8]:5 level_value[8]:0
10-06 22:38:36.724  2190  2190 I HwStepCounter: dealReportData tm: 2018-10-06 22:21:33 steps_value[9] : 0 state_value[9]:5 level_value[9]:0
10-06 22:38:36.725  2190  2190 I HwStepCounter: dealReportData tm: 2018-10-06 22:21:33 steps_value[10] : 0 state_value[10]:5 level_value[10]:0
10-06 22:38:36.725  2190  2190 I HwStepCounter: dealReportData tm: 2018-10-06 22:21:33 steps_value[11] : 0 state_value[11]:0 level_value[11]:0
10-06 22:38:36.726  2190  2190 I HwStepCounter: dealReportData tm: 2018-10-06 22:21:33 steps_value[12] : 0 state_value[12]:5 level_value[12]:0
10-06 22:38:36.726  2190  2190 I HwStepCounter: dealReportData tm: 2018-10-06 22:21:33 steps_value[13] : 0 state_value[13]:5 level_value[13]:0
10-06 22:38:36.727  2190  2190 I HwStepCounter: dealReportData tm: 2018-10-06 22:21:33 steps_value[14] : 0 state_value[14]:5 level_value[14]:0
10-06 22:38:36.727  2190  2190 I HwStepCounter: dealReportData tm: 2018-10-06 22:21:33 steps_value[15] : 0 state_value[15]:5 level_value[15]:0
10-06 22:38:36.728  2190  2190 I HwStepCounter: dealReportData tm: 2018-10-06 22:21:33 steps_value[16] : 0 state_value[16]:5 level_value[16]:0
10-06 22:38:36.728  2190  2190 I HwStepCounter: dealReportData tm: 2018-10-06 22:21:33 steps_value[17] : 0 state_value[17]:5 level_value[17]:0
10-06 22:38:36.728  2190  2190 I HwStepCounter: isBeginOfToday: 6 -> 6
10-06 22:38:36.728  2190  2190 I HwStepCounter: isBeginOfToday: false
10-06 22:38:36.728  2190  2190 I HwStepCounter: dealReportData: diff = 0
10-06 22:38:36.736  2190  2499 D HwStepCounter: ReportProxy client : 1
10-06 22:38:36.736  2190  2498 I StepCounterRemoteStub: Report client count 1
10-06 22:38:36.737 25938 25956 I Step_LSC: 80001355|onExtend:1538835693000 0 0 5
10-06 22:38:36.737 25938 25956 I Step_LSC: 80001355|onExtend:1538835753000 0 0 5
10-06 22:38:36.737 25938 25956 I Step_LSC: 80001355|onExtend:1538835813000 0 0 5
10-06 22:38:36.737 25938 25956 I Step_LSC: 80001355|onExtend:1538835873000 0 0 5
10-06 22:38:36.737 25938 25956 I Step_LSC: 80001355|onExtend:1538835933000 0 0 5
10-06 22:38:36.737 25938 25956 I Step_LSC: 80001355|onExtend:1538835993000 0 0 5
10-06 22:38:36.737 25938 25956 I Step_LSC: 80001355|onExtend:1538836053000 0 0 5
10-06 22:38:36.737 25938 25956 I Step_LSC: 80001355|onExtend:1538836113000 0 0 5
10-06 22:38:36.737 25938 25956 I Step_LSC: 80001355|onExtend:1538836173000 0 0 5
10-06 22:38:36.738 25938 25956 I Step_LSC: 80001355|onExtend:1538836233000 0 0 5
10-06 22:38:36.738 25938 25956 I Step_LSC: 80001355|onExtend:1538836293000 0 0 5
10-06 22:38:36.738 25938 25956 I Step_LSC: 80001355|onExtend:1538836353000 0 0 0
10-06 22:38:36.738 25938 25956 I Step_LSC: 80001355|onExtend:1538836413000 0 0 5
10-06 22:38:36.738 25938 25956 I Step_LSC: 80001355|onExtend:1538836473000 0 0 5
10-06 22:38:36.738 25938 25956 I Step_LSC: 80001355|onExtend:1538836533000 0 0 5
10-06 22:38:36.738 25938 25956 I Step_LSC: 80001355|onExtend:1538836593000 0 0 5
10-06 22:38:36.738 25938 25956 I Step_LSC: 80001355|onExtend:1538836653000 0 0 5
10-06 22:38:36.738 25938 25956 I Step_LSC: 80001355|onExtend:1538836713000 0 0 5
10-06 22:38:36.756  9067  9067 I KeepAlive: onReceiveScreenBroadcast [android.intent.action.SCREEN_ON]
10-06 22:38:36.758  9067  9067 I KeepAlive: onCloseOffScreenActivity
10-06 22:38:36.770   703   904 D SurfaceFlinger: setSecureScreenRecShotFlag, value = 2, mask = 2
10-06 22:38:36.771   703   904 D SurfaceFlinger: setSecureScreenRecShotFlag, value = 1, mask = 1
10-06 22:38:36.776   708   708 I aptouch_daemon: filter_touch_detect, down, in: 1, out: 1
10-06 22:38:36.777  2438  2438 D ActivityThread: Remove activity client record, r= ActivityRecord{378b242 token=android.os.BinderProxy@a8e42db {com.ss.android.ugc.aweme/com.ss.android.message.sswo.SswoActivity}} token= android.os.BinderProxy@a8e42db
10-06 22:38:36.778  1211  2108 V WindowManager: removeIfPossible: Window{a1caac2 u10 com.ss.android.ugc.aweme/com.ss.android.message.sswo.SswoActivity} callers=com.android.server.wm.WindowState.removeIfPossible:1914 com.android.server.wm.WindowManagerService.removeWindow:2031 com.android.server.wm.Session.remove:218 android.view.IWindowSession$Stub.onTransact:242 com.android.server.wm.Session.onTransact:161 
10-06 22:38:36.778  1211  2108 V WindowManager: postWindowRemoveCleanupLocked: Window{a1caac2 u10 com.ss.android.ugc.aweme/com.ss.android.message.sswo.SswoActivity}
10-06 22:38:36.778  1211  2108 V WindowManager: Removing Window{a1caac2 u10 com.ss.android.ugc.aweme/com.ss.android.message.sswo.SswoActivity} from AppWindowToken{fb941a4 token=Token{7541837 ActivityRecord{49eb136 u10 com.ss.android.ugc.aweme/com.ss.android.message.sswo.SswoActivity t1002369}}}
10-06 22:38:36.785  1211  1229 D HwGameAssistantController: pid=9067, uid=1010130, foreground=false
10-06 22:38:36.785  9067  9067 I KeepAlive: onOffScreenActivityFinished
10-06 22:38:36.786 26936 26936 D IntelligentReceiver: onReceive ,intent:Intent { act=com.android.systemui.statusbar.visible.change flg=0x10 (has extras) }
10-06 22:38:36.786  9067  9067 D ActivityThread: Remove activity client record, r= ActivityRecord{3c55751 token=android.os.BinderProxy@17ffede {com.tencent.news/com.tencent.news.push.alive.offactivity.HollowActivity}} token= android.os.BinderProxy@17ffede
10-06 22:38:36.786  1211  2108 V WindowManager: removeAppToken: AppWindowToken{fb941a4 token=Token{7541837 ActivityRecord{49eb136 u10 com.ss.android.ugc.aweme/com.ss.android.message.sswo.SswoActivity t1002369}}} delayed=false Callers=com.android.server.wm.DisplayContent.removeAppToken:994 com.android.server.wm.AppWindowContainerController.removeContainer:355 com.android.server.am.ActivityRecord.removeWindowContainer:1041 com.android.server.am.ActivityStack.removeActivityFromHistoryLocked:4486 
10-06 22:38:36.787  1211  2657 V WindowManager: removeIfPossible: Window{b08d01a u10 com.tencent.news/com.tencent.news.push.alive.offactivity.HollowActivity} callers=com.android.server.wm.WindowState.removeIfPossible:1914 com.android.server.wm.WindowManagerService.removeWindow:2031 com.android.server.wm.Session.remove:218 android.view.IWindowSession$Stub.onTransact:242 com.android.server.wm.Session.onTransact:161 
10-06 22:38:36.788  1211  2657 V WindowManager: postWindowRemoveCleanupLocked: Window{b08d01a u10 com.tencent.news/com.tencent.news.push.alive.offactivity.HollowActivity}
10-06 22:38:36.788  1211  2657 V WindowManager: Removing Window{b08d01a u10 com.tencent.news/com.tencent.news.push.alive.offactivity.HollowActivity} from AppWindowToken{ac1213c token=Token{87d72f ActivityRecord{78eb10e u10 com.tencent.news/.push.alive.offactivity.HollowActivity t1002370}}}
10-06 22:38:36.810  1211  2108 V WindowManager: removeAppToken: AppWindowToken{ac1213c token=Token{87d72f ActivityRecord{78eb10e u10 com.tencent.news/.push.alive.offactivity.HollowActivity t1002370}}} delayed=false Callers=com.android.server.wm.DisplayContent.removeAppToken:994 com.android.server.wm.AppWindowContainerController.removeContainer:355 com.android.server.am.ActivityRecord.removeWindowContainer:1041 com.android.server.am.ActivityStack.removeActivityFromHistoryLocked:4486 
10-06 22:38:36.820  4419 23570 I HiBoardProvider: call method: getUserProtocolState
10-06 22:38:36.822 26936 18713 D IntelligentIntentService: user protocol disagree
10-06 22:38:36.847  1211  1229 I chatty  : uid=1000(system) android.ui expire 6 lines
10-06 22:38:36.848  1211  1229 E HwGameAssistantController: Game Mode is disabled for non-primary user!
10-06 22:38:36.864 16587 16682 E CloudAlbum[8.1.2.306]: [ReceiverManager] not log on ignore
10-06 22:38:36.864  1211  1229 E HwGameAssistantController: Game Mode is disabled for non-primary user!
10-06 22:38:36.866  1211  1229 D HwGameAssistantController: pid=6900, uid=1010068, foreground=true
10-06 22:38:36.866  1211  2108 V BroadcastQueue: Finished with ordered broadcast BroadcastRecord{4c7beb7 u-1 android.intent.action.SCREEN_ON}
10-06 22:38:36.875 16569 13164 D HwRecentsLockUtils: Search
10-06 22:38:36.875  2190 13443 E HsmCoreServiceImpl: onTransact in code is: 103
10-06 22:38:36.875  2190  2201 E HsmCoreServiceImpl: onTransact in code is: 103
10-06 22:38:36.876  2190 13443 I MediaProcessHandler: playingUids: 
10-06 22:38:36.876  2190  2201 I MediaProcessHandler: playingUids: 
10-06 22:38:36.876  1211  8189 D ActivityManager: Skipping, not user: TaskRecord{dd3d3e6 #403 A=com.ss.android.newmedia.message.lockscreen U=0 StackId=1 sz=1}
10-06 22:38:36.876  1211  8189 D ActivityManager: Skipping, home or recents stack task: TaskRecord{df5af3 #1000002 A=com.huawei.android.launcher U=10 StackId=0 sz=1}
10-06 22:38:36.876  1211  8189 D ActivityManager: Skipping intent:flg=0x10804000 cmp=com.android.systemui/.recents.RecentsActivity bnds=[48,1363][1032,2619]
10-06 22:38:36.876  1211  8189 D ActivityManager: Skipping intent:flg=0x10808000 cmp=com.baidu.input_huawei/com.baidu.input.mpermissions.ImePermissionActivity
10-06 22:38:36.877  1211  8189 D ActivityManager: Skipping intent:act=android.deviceinfo.chooser.action.LAUNCH flg=0x10800000 hwFlg=0x100 pkg=com.android.settings cmp=com.android.settings/.deviceinfo.UsbConnModeChooserActivity
10-06 22:38:36.877  1211  8189 D ActivityManager: Skipping intent:act=android.intent.action.VIEW dat=content://com.android.browser.fileProvider/external_files/Download/browser/6ftlane_and_203.apk typ=application/vnd.android.package-archive flg=0x10800000 cmp=com.android.packageinstaller/.InstallStart
10-06 22:38:36.877  1211  8189 D ActivityManager: Skipping intent:act=android.intent.action.MAIN cat=[android.intent.category.LAUNCHER] flg=0x10a00000 cmp=com.huawei.vassistant/.ui.main.VAssistantActivity
10-06 22:38:36.877  1211  8189 D ActivityManager: Skipping intent:act=com.huawei.android.launcher.action.ACCESS_SPLIT_SCREEN_APP cat=[android.intent.category.DEFAULT] flg=0x10804000 cmp=com.huawei.android.launcher/.splitscreen.SplitScreenAppActivity
10-06 22:38:36.877  1211  8189 D ActivityManager: Skipping intent:act=android.intent.action.VIEW dat=http://home.6ftlane.net/... flg=0x13800000 cmp=com.android.browser/.BrowserActivity
10-06 22:38:36.877  1211  8189 D ActivityManager: Skipping intent:flg=0x10808000 cmp=com.huawei.tips/.CopyInfo
10-06 22:38:36.877  1211  8189 D ActivityManager: Skipping intent:flg=0x18800000 cmp=com.tencent.mm/.plugin.base.stub.WXEntryActivity
10-06 22:38:36.877  1211  8189 D ActivityManager: Skipping intent:flg=0x18800000 cmp=com.tencent.mm/.plugin.base.stub.WXPayEntryActivity
10-06 22:38:36.877  1211  8189 D ActivityManager: Skipping, not user: TaskRecord{49d90a7 #373 A=com.huawei.hiview U=0 StackId=1 sz=1}
10-06 22:38:36.877  1211  8189 D ActivityManager: Skipping intent:flg=0x10800000 cmp=com.android.systemui/.usb.UsbDebuggingSecondaryUserActivity
10-06 22:38:36.877  1211  8189 D ActivityManager: Skipping, not user: TaskRecord{b4607d6 #210 A=com.huawei.android.launcher U=0 StackId=0 sz=1}
10-06 22:38:36.877  1211  8189 D ActivityManager: Skipping, not user: TaskRecord{574c1cb #326 A=com.android.systemui U=0 StackId=5 sz=1}
10-06 22:38:36.877  1211  8189 D ActivityManager: Skipping intent:act=android.intent.action.MAIN cat=[android.intent.category.LAUNCHER] flg=0x10a00000 cmp=com.android.systemui/.flashlight.FlashlightActivity
10-06 22:38:36.877  1211  8189 D ActivityManager: Skipping intent:act=android.intent.action.MAIN cat=[android.intent.category.DEFAULT] flg=0x10800000 cmp=com.huawei.fastapp/.app.processManager.RpkLoaderActivityEntry
10-06 22:38:36.877  1211  8189 D ActivityManager: Skipping intent:act=android.intent.action.VIEW dat=content://com.sankuai.meituanandroid.upgrade.fileprovider/upgrade/update_new.apk typ=application/vnd.android.package-archive flg=0x10800001 cmp=com.android.packageinstaller/.InstallStart
10-06 22:38:36.877  1211  8189 D ActivityManager: Skipping intent:act=android.intent.action.MAIN flg=0x10840000 cmp=com.android.incallui/.InCallActivity
10-06 22:38:36.877  1211  8189 D ActivityManager: Skipping intent:act=android.intent.action.VIEW dat=file:///storage/emulated/10/Android/data/com.ss.android.ugc.aweme/files/update.apk typ=application/vnd.android.package-archive flg=0x10800001 cmp=com.android.packageinstaller/.InstallStart
10-06 22:38:36.877  1211  8189 D ActivityManager: Skipping intent:act=android.intent.action.VIEW dat=file:///storage/emulated/10/Android/data/com.tencent.tmgp.sgame/files/NoIfs_B189D0D3B5612FC39F7E9BD5A195FE51_1.41.2.4_293691.apk typ=application/vnd.android.package-archive flg=0x10800000 cmp=com.android.packageinstaller/.InstallStart
10-06 22:38:36.877  1211  8189 D ActivityManager: Skipping intent:act=android.media.action.STILL_IMAGE_CAMERA_SECURE flg=0x34800000 pkg=com.huawei.camera cmp=com.huawei.camera/.controller.SecureCameraActivity
10-06 22:38:36.877  1211  8189 D ActivityManager: Skipping intent:act=android.intent.action.VIEW dat=content://com.android.browser.fileProvider/external_files/Download/browser/WIFI54_201_GZ.apk typ=application/vnd.android.package-archive flg=0x10800000 cmp=com.android.packageinstaller/.InstallStart
10-06 22:38:36.877  1211  8189 D ActivityManager: Skipping, not user: TaskRecord{defbc71 #233 A=com.android.systemui U=0 StackId=-1 sz=0}
10-06 22:38:36.877  1211  8189 D ActivityManager: Skipping intent:act=android.intent.action.VIEW dat=https://redirect.levect.com/... flg=0x33800000 cmp=com.android.browser/.BrowserActivity
10-06 22:38:36.877  1211  8189 D ActivityManager: Skipping intent:act=android.intent.action.VIEW dat=https://redirect.levect.com/... flg=0x30800000 cmp=com.huawei.android.internal.app/.HwResolverActivity
10-06 22:38:36.877  1211  8189 D ActivityManager: Skipping intent:act=android.intent.action.MAIN cat=[android.intent.category.HOME] flg=0x10800300 cmp=com.android.settings/.FallbackHome
10-06 22:38:36.877  1211  8189 D ActivityManager: Skipping, not user: TaskRecord{2ba9a04 #209 A=com.huawei.android.hwupgradeguide U=0 StackId=-1 sz=0}
