10-06 22:34:23.490  3170 18532 I HiAction_b: syncSend(): send message to server
10-06 22:34:23.491  3170 18532 I HiAction_b: syncSend(): to get response
10-06 22:34:23.491  3170 18532 I HiAction_XChannel.d: getMessage(): 
10-06 22:34:23.597   776   776 E wificond: Failed to get NL80211_STA_INFO_CNAHLOAD
10-06 22:34:23.606  1211  1680 I chatty  : uid=1000(system) HuaweiWifiWatch expire 67 lines
10-06 22:34:25.491  3170 18532 E HiAction_b: syncSend(): receive response timeout
10-06 22:34:25.491  3170 18532 I HiAction_XChannel.d: removeMessage(): 
10-06 22:34:25.491  3170 18532 I HiAction_b: firstStep(): msg or msg.data is null
10-06 22:34:25.492  3170 18532 E HiAction_XChannel.k-3192: run(): LogXin failed, exit
10-06 22:34:25.492  3170 18532 I HiAction_XChannel.k-3192: notifyRestartWork(): 
10-06 22:34:25.492  3170 18532 I HiAction_XChannel.XChannelService: sdkStatusChange(): 
10-06 22:34:25.492  3170 18532 I HiAction_XChannel.k-3192: setIntoMsgQueue(): 
10-06 22:34:25.492  3170 18585 I HiAction_XChannel.i-3192: run(): get stop message and stop current thread
10-06 22:34:25.492  3170 18512 I HiAction_XChannel.e: sdkStatusChange(): 
10-06 22:34:25.492  3170 18585 I HiAction_XChannel.i-3192: run(): release wakelock before SendThread exit
10-06 22:34:25.492  3170 18585 I HiAction_XChannel.k-3192: notifyRestartWork(): 
10-06 22:34:25.492  3170 18512 I HiAction_XChannel.a: onSdkStatusChange(): isAvaliable[false] status[PUSH_MSG_UNAVAILABLE]
10-06 22:34:25.492  3170 18585 I HiAction_XChannel.XChannelService: sdkStatusChange(): 
10-06 22:34:25.492  3170 18512 I HiAction_XChannel.e: sdkStatusChange(): 
10-06 22:34:25.492  3170 18585 I HiAction_XChannel.k-3192: setIntoMsgQueue(): 
10-06 22:34:25.492  3170 18512 I HiAction_XChannel.a: onSdkStatusChange(): isAvaliable[false] status[PUSH_MSG_UNAVAILABLE]
10-06 22:34:27.493  3170 18585 I HiAction_XChannel.i-3192: run(): schedule to restart XChannelClient
10-06 22:34:27.493  3170 18585 I HiAction_XChannel.k: startWork(): 
10-06 22:34:27.498  3170 18585 I HiAction_XChannel.k: getDelay(): current time is 2018年10月6日 下午10:34:27, last connect time is 2018年10月6日 下午10:34:20
10-06 22:34:27.498  3170 18585 I HiAction_XChannel.k: getDelay(): connect to pusher more than one time in one minute, delay is set to be 53
10-06 22:34:27.500  3170 18585 I HiAction_XChannel.k: run(): startWork is scheduled
10-06 22:34:27.500  3170 18585 I HiAction_XChannel.i-3192: run(): SendThread exit
10-06 22:34:28.601  1211  1211 I chatty  : uid=1000 system_server expire 124 lines
10-06 22:34:30.257  9067  9067 I KeepAlive: onCheckState
10-06 22:34:30.278  9067  9067 I KeepAlive: Check Push Process Importance [150], isFocus [false].
10-06 22:34:30.281  9067  9067 I KeepAlive: onShowOffScreenActivity
10-06 22:34:23.605   776   776 E wificond: Failed to get NL80211_STA_INFO_CNAHLOAD
10-06 22:34:30.289  1211  2233 I ActivityManager: START u10 {flg=0x10000000 cmp=com.tencent.news/.push.alive.offactivity.HollowActivity} from uid 1010130
10-06 22:34:30.290  1211  2233 I ActivityManager: ActivityRecord info: ActivityInfo{2119ef com.tencent.news.push.alive.offactivity.HollowActivity}
10-06 22:34:30.295  1211  2233 V WindowManager: No longer Stopped: AppWindowToken{ac1213c token=Token{87d72f ActivityRecord{78eb10e u10 com.tencent.news/.push.alive.offactivity.HollowActivity t1002370}}}
10-06 22:34:30.300  1211  2233 V WindowManager: notifyAppResumed: wasStopped=true AppWindowToken{ac1213c token=Token{87d72f ActivityRecord{78eb10e u10 com.tencent.news/.push.alive.offactivity.HollowActivity t1002370}}}
10-06 22:34:30.309  1211  2233 V WindowManager: Checking 0 opening apps (frozen=false timeout=false)...
10-06 22:34:30.311  1211  5637 V BroadcastQueue: Finished with ordered broadcast BroadcastRecord{12cafc9 u10 alarm.push.timer.action}
10-06 22:34:30.317  9067  9067 I KeepAlive: onOffScreenActivityShown
10-06 22:34:30.349  1211  2233 V WindowManager: notifyAppStopped: AppWindowToken{ac1213c token=Token{87d72f ActivityRecord{78eb10e u10 com.tencent.news/.push.alive.offactivity.HollowActivity t1002370}}}
10-06 22:34:30.356   513 18587 W libc    : Set property "hw.wifi.dns_stat" to "2873,513,15037,1,180789"
10-06 22:34:30.421  1723  2356 I chatty  : uid=10027(u0_a27) Binder:1723_7 expire 5 lines
10-06 22:34:30.421  2190  2201 E HsmCoreServiceImpl: onTransact in code is: 103
10-06 22:34:30.421 16569 13164 D HwRecentsLockUtils: Search
10-06 22:34:30.421  2190  2201 I MediaProcessHandler: playingUids: 
10-06 22:34:30.421  2190 13443 E HsmCoreServiceImpl: onTransact in code is: 103
10-06 22:34:30.421  2190 13443 I MediaProcessHandler: playingUids: 
10-06 22:34:30.422  1211  5695 D ActivityManager: Skipping intent:flg=0x10800000 cmp=com.tencent.news/.push.alive.offactivity.HollowActivity
10-06 22:34:30.422  1211  5695 D ActivityManager: Skipping intent:flg=0x10800000 cmp=com.ss.android.ugc.aweme/com.ss.android.message.sswo.SswoActivity
10-06 22:34:30.422  1211  5695 D ActivityManager: Skipping, not user: TaskRecord{dd3d3e6 #403 A=com.ss.android.newmedia.message.lockscreen U=0 StackId=1 sz=1}
10-06 22:34:30.422  1211  5695 D ActivityManager: Skipping, home or recents stack task: TaskRecord{df5af3 #1000002 A=com.huawei.android.launcher U=10 StackId=0 sz=1}
10-06 22:34:30.422  1211  5695 D ActivityManager: Skipping intent:flg=0x10804000 cmp=com.android.systemui/.recents.RecentsActivity bnds=[48,1363][1032,2619]
10-06 22:34:30.422  1211  5695 D ActivityManager: Skipping intent:flg=0x10808000 cmp=com.baidu.input_huawei/com.baidu.input.mpermissions.ImePermissionActivity
10-06 22:34:30.422  1211  5695 D ActivityManager: Skipping intent:act=android.deviceinfo.chooser.action.LAUNCH flg=0x10800000 hwFlg=0x100 pkg=com.android.settings cmp=com.android.settings/.deviceinfo.UsbConnModeChooserActivity
10-06 22:34:30.422  1211  5695 D ActivityManager: Skipping intent:act=android.intent.action.VIEW dat=content://com.android.browser.fileProvider/external_files/Download/browser/6ftlane_and_203.apk typ=application/vnd.android.package-archive flg=0x10800000 cmp=com.android.packageinstaller/.InstallStart
10-06 22:34:30.422  1211  5695 D ActivityManager: Skipping intent:act=android.intent.action.MAIN cat=[android.intent.category.LAUNCHER] flg=0x10a00000 cmp=com.huawei.vassistant/.ui.main.VAssistantActivity
10-06 22:34:30.422  1211  5695 D ActivityManager: Skipping intent:act=com.huawei.android.launcher.action.ACCESS_SPLIT_SCREEN_APP cat=[android.intent.category.DEFAULT] flg=0x10804000 cmp=com.huawei.android.launcher/.splitscreen.SplitScreenAppActivity
10-06 22:34:30.422  1211  5695 D ActivityManager: Skipping intent:act=android.intent.action.VIEW dat=http://home.6ftlane.net/... flg=0x13800000 cmp=com.android.browser/.BrowserActivity
10-06 22:34:30.422  1211  5695 D ActivityManager: Skipping intent:flg=0x10808000 cmp=com.huawei.tips/.CopyInfo
10-06 22:34:30.422  1211  5695 D ActivityManager: Skipping intent:flg=0x18800000 cmp=com.tencent.mm/.plugin.base.stub.WXEntryActivity
10-06 22:34:30.422  1211  5695 D ActivityManager: Skipping intent:flg=0x18800000 cmp=com.tencent.mm/.plugin.base.stub.WXPayEntryActivity
10-06 22:34:30.422  1211  5695 D ActivityManager: Skipping, not user: TaskRecord{49d90a7 #373 A=com.huawei.hiview U=0 StackId=1 sz=1}
10-06 22:34:30.422  1211  5695 D ActivityManager: Skipping intent:flg=0x10800000 cmp=com.android.systemui/.usb.UsbDebuggingSecondaryUserActivity
10-06 22:34:30.422  1211  5695 D ActivityManager: Skipping, not user: TaskRecord{b4607d6 #210 A=com.huawei.android.launcher U=0 StackId=0 sz=1}
10-06 22:34:30.422  1211  5695 D ActivityManager: Skipping, not user: TaskRecord{574c1cb #326 A=com.android.systemui U=0 StackId=5 sz=1}
10-06 22:34:30.422  1211  5695 D ActivityManager: Skipping intent:act=android.intent.action.MAIN cat=[android.intent.category.LAUNCHER] flg=0x10a00000 cmp=com.android.systemui/.flashlight.FlashlightActivity
10-06 22:34:30.422  1211  5695 D ActivityManager: Skipping intent:act=android.intent.action.MAIN cat=[android.intent.category.DEFAULT] flg=0x10800000 cmp=com.huawei.fastapp/.app.processManager.RpkLoaderActivityEntry
10-06 22:34:30.422  1211  5695 D ActivityManager: Skipping intent:act=android.intent.action.VIEW dat=content://com.sankuai.meituanandroid.upgrade.fileprovider/upgrade/update_new.apk typ=application/vnd.android.package-archive flg=0x10800001 cmp=com.android.packageinstaller/.InstallStart
10-06 22:34:30.422  1211  5695 D ActivityManager: Skipping intent:act=android.intent.action.MAIN flg=0x10840000 cmp=com.android.incallui/.InCallActivity
10-06 22:34:30.422  1211  5695 D ActivityManager: Skipping intent:act=android.intent.action.VIEW dat=file:///storage/emulated/10/Android/data/com.ss.android.ugc.aweme/files/update.apk typ=application/vnd.android.package-archive flg=0x10800001 cmp=com.android.packageinstaller/.InstallStart
10-06 22:34:30.422  1211  5695 D ActivityManager: Skipping intent:act=android.intent.action.VIEW dat=file:///storage/emulated/10/Android/data/com.tencent.tmgp.sgame/files/NoIfs_B189D0D3B5612FC39F7E9BD5A195FE51_1.41.2.4_293691.apk typ=application/vnd.android.package-archive flg=0x10800000 cmp=com.android.packageinstaller/.InstallStart
10-06 22:34:30.422  1211  5695 D ActivityManager: Skipping intent:act=android.media.action.STILL_IMAGE_CAMERA_SECURE flg=0x34800000 pkg=com.huawei.camera cmp=com.huawei.camera/.controller.SecureCameraActivity
10-06 22:34:30.422  1211  5695 D ActivityManager: Skipping intent:act=android.intent.action.VIEW dat=content://com.android.browser.fileProvider/external_files/Download/browser/WIFI54_201_GZ.apk typ=application/vnd.android.package-archive flg=0x10800000 cmp=com.android.packageinstaller/.InstallStart
10-06 22:34:30.422  1211  5695 D ActivityManager: Skipping, not user: TaskRecord{defbc71 #233 A=com.android.systemui U=0 StackId=-1 sz=0}
10-06 22:34:30.422  1211  5695 D ActivityManager: Skipping intent:act=android.intent.action.VIEW dat=https://redirect.levect.com/... flg=0x33800000 cmp=com.android.browser/.BrowserActivity
10-06 22:34:30.422  1211  5695 D ActivityManager: Skipping intent:act=android.intent.action.VIEW dat=https://redirect.levect.com/... flg=0x30800000 cmp=com.huawei.android.internal.app/.HwResolverActivity
10-06 22:34:30.422  1211  5695 D ActivityManager: Skipping intent:act=android.intent.action.MAIN cat=[android.intent.category.HOME] flg=0x10800300 cmp=com.android.settings/.FallbackHome
10-06 22:34:30.422  1211  5695 D ActivityManager: Skipping, not user: TaskRecord{2ba9a04 #209 A=com.huawei.android.hwupgradeguide U=0 StackId=-1 sz=0}
10-06 22:34:30.422  1211  5695 D ActivityManager: Skipping, not user: TaskRecord{f8673dd #1 I=com.android.settings/.FallbackHome U=0 StackId=-1 sz=0}
10-06 22:34:30.422  1211  5637 D ActivityManager: Skipping intent:flg=0x10800000 cmp=com.tencent.news/.push.alive.offactivity.HollowActivity
10-06 22:34:30.422  1211  5637 D ActivityManager: Skipping intent:flg=0x10800000 cmp=com.ss.android.ugc.aweme/com.ss.android.message.sswo.SswoActivity
10-06 22:34:30.423  1211  5637 D ActivityManager: Skipping, not user: TaskRecord{dd3d3e6 #403 A=com.ss.android.newmedia.message.lockscreen U=0 StackId=1 sz=1}
10-06 22:34:30.423  1211  5637 D ActivityManager: Skipping, home or recents stack task: TaskRecord{df5af3 #1000002 A=com.huawei.android.launcher U=10 StackId=0 sz=1}
10-06 22:34:30.423  1211  5637 D ActivityManager: Skipping intent:flg=0x10804000 cmp=com.android.systemui/.recents.RecentsActivity bnds=[48,1363][1032,2619]
10-06 22:34:30.423  1211  5637 D ActivityManager: Skipping intent:flg=0x10808000 cmp=com.baidu.input_huawei/com.baidu.input.mpermissions.ImePermissionActivity
10-06 22:34:30.423  1211  5637 D ActivityManager: Skipping intent:act=android.deviceinfo.chooser.action.LAUNCH flg=0x10800000 hwFlg=0x100 pkg=com.android.settings cmp=com.android.settings/.deviceinfo.UsbConnModeChooserActivity
10-06 22:34:30.423  1211  5637 D ActivityManager: Skipping intent:act=android.intent.action.VIEW dat=content://com.android.browser.fileProvider/external_files/Download/browser/6ftlane_and_203.apk typ=application/vnd.android.package-archive flg=0x10800000 cmp=com.android.packageinstaller/.InstallStart
10-06 22:34:30.423  1211  5637 D ActivityManager: Skipping intent:act=android.intent.action.MAIN cat=[android.intent.category.LAUNCHER] flg=0x10a00000 cmp=com.huawei.vassistant/.ui.main.VAssistantActivity
10-06 22:34:30.423  1211  5637 D ActivityManager: Skipping intent:act=com.huawei.android.launcher.action.ACCESS_SPLIT_SCREEN_APP cat=[android.intent.category.DEFAULT] flg=0x10804000 cmp=com.huawei.android.launcher/.splitscreen.SplitScreenAppActivity
10-06 22:34:30.423  1211  5637 D ActivityManager: Skipping intent:act=android.intent.action.VIEW dat=http://home.6ftlane.net/... flg=0x13800000 cmp=com.android.browser/.BrowserActivity
10-06 22:34:30.423  1211  5637 D ActivityManager: Skipping intent:flg=0x10808000 cmp=com.huawei.tips/.CopyInfo
10-06 22:34:30.423  1211  5637 D ActivityManager: Skipping intent:flg=0x18800000 cmp=com.tencent.mm/.plugin.base.stub.WXEntryActivity
10-06 22:34:30.423  1211  5637 D ActivityManager: Skipping intent:flg=0x18800000 cmp=com.tencent.mm/.plugin.base.stub.WXPayEntryActivity
10-06 22:34:30.423  1211  5637 D ActivityManager: Skipping, not user: TaskRecord{49d90a7 #373 A=com.huawei.hiview U=0 StackId=1 sz=1}
10-06 22:34:30.423  1211  5637 D ActivityManager: Skipping intent:flg=0x10800000 cmp=com.android.systemui/.usb.UsbDebuggingSecondaryUserActivity
10-06 22:34:30.423  1211  5637 D ActivityManager: Skipping, not user: TaskRecord{b4607d6 #210 A=com.huawei.android.launcher U=0 StackId=0 sz=1}
10-06 22:34:30.423  1211  5637 D ActivityManager: Skipping, not user: TaskRecord{574c1cb #326 A=com.android.systemui U=0 StackId=5 sz=1}
10-06 22:34:30.423  1211  5637 D ActivityManager: Skipping intent:act=android.intent.action.MAIN cat=[android.intent.category.LAUNCHER] flg=0x10a00000 cmp=com.android.systemui/.flashlight.FlashlightActivity
10-06 22:34:30.423  1211  5637 D ActivityManager: Skipping intent:act=android.intent.action.MAIN cat=[android.intent.category.DEFAULT] flg=0x10800000 cmp=com.huawei.fastapp/.app.processManager.RpkLoaderActivityEntry
10-06 22:34:30.423  1211  5637 D ActivityManager: Skipping intent:act=android.intent.action.VIEW dat=content://com.sankuai.meituanandroid.upgrade.fileprovider/upgrade/update_new.apk typ=application/vnd.android.package-archive flg=0x10800001 cmp=com.android.packageinstaller/.InstallStart
10-06 22:34:30.423  1211  5637 D ActivityManager: Skipping intent:act=android.intent.action.MAIN flg=0x10840000 cmp=com.android.incallui/.InCallActivity
10-06 22:34:30.423  1211  5637 D ActivityManager: Skipping intent:act=android.intent.action.VIEW dat=file:///storage/emulated/10/Android/data/com.ss.android.ugc.aweme/files/update.apk typ=application/vnd.android.package-archive flg=0x10800001 cmp=com.android.packageinstaller/.InstallStart
10-06 22:34:30.423  1211  5637 D ActivityManager: Skipping intent:act=android.intent.action.VIEW dat=file:///storage/emulated/10/Android/data/com.tencent.tmgp.sgame/files/NoIfs_B189D0D3B5612FC39F7E9BD5A195FE51_1.41.2.4_293691.apk typ=application/vnd.android.package-archive flg=0x10800000 cmp=com.android.packageinstaller/.InstallStart
10-06 22:34:30.423  1211  5637 D ActivityManager: Skipping intent:act=android.media.action.STILL_IMAGE_CAMERA_SECURE flg=0x34800000 pkg=com.huawei.camera cmp=com.huawei.camera/.controller.SecureCameraActivity
10-06 22:34:30.423  1211  5637 D ActivityManager: Skipping intent:act=android.intent.action.VIEW dat=content://com.android.browser.fileProvider/external_files/Download/browser/WIFI54_201_GZ.apk typ=application/vnd.android.package-archive flg=0x10800000 cmp=com.android.packageinstaller/.InstallStart
10-06 22:34:30.423  1211  5637 D ActivityManager: Skipping, not user: TaskRecord{defbc71 #233 A=com.android.systemui U=0 StackId=-1 sz=0}
10-06 22:34:30.423  1211  5637 D ActivityManager: Skipping intent:act=android.intent.action.VIEW dat=https://redirect.levect.com/... flg=0x33800000 cmp=com.android.browser/.BrowserActivity
10-06 22:34:30.423  1211  5637 D ActivityManager: Skipping intent:act=android.intent.action.VIEW dat=https://redirect.levect.com/... flg=0x30800000 cmp=com.huawei.android.internal.app/.HwResolverActivity
10-06 22:34:30.423  1211  5637 D ActivityManager: Skipping intent:act=android.intent.action.MAIN cat=[android.intent.category.HOME] flg=0x10800300 cmp=com.android.settings/.FallbackHome
10-06 22:34:30.423  1211  5637 D ActivityManager: Skipping, not user: TaskRecord{2ba9a04 #209 A=com.huawei.android.hwupgradeguide U=0 StackId=-1 sz=0}
10-06 22:34:30.423  1211  5637 D ActivityManager: Skipping, not user: TaskRecord{f8673dd #1 I=com.android.settings/.FallbackHome U=0 StackId=-1 sz=0}
10-06 22:34:30.526   775   775 E Thermal-daemon: [charger_ic] temp_new :36  temp_old :35
10-06 22:34:30.529   775   775 E Thermal-daemon: Report temperature: [charger_ic] temp :36  report_threshold:1
10-06 22:34:31.598   776   776 E wificond: Failed to get NL80211_STA_INFO_CNAHLOAD
10-06 22:34:31.614  1211  1675 I chatty  : uid=1000(system) WifiProStateMac expire 10 lines
10-06 22:34:31.631  1211  1610 I chatty  : uid=1000(system) WifiStateMachin expire 13 lines
10-06 22:34:32.374  2203 30040 I chatty  : uid=1000(system) traffic stats expire 11 lines
10-06 22:34:32.801   750   817 D emcomd  : [EMCOMD_NET] smartcare_samping_kernel# write 0 to /proc/sys/net/core/netmeasure
10-06 22:34:32.801   750   817 D emcomd  : [EMCOMD_NET] smartcare_report_sample# send sampling state 0 to service
10-06 22:34:32.801   750   817 D emcomd  : [EMCOMD_Socket] sendResponse# 
10-06 22:34:32.801   750   817 D emcomd  : [EMCOMD_Socket] sendResponse# Send Response to 30
10-06 22:34:32.801   750   817 D emcomd  : [EMCOMD_NET] smartcare_samping_stop# reset timer for smartcare_samping_start 10
10-06 22:34:32.802  1211  1660 I chatty  : uid=1000(system) DaemonClientRec expire 16 lines
10-06 22:34:32.818  1211  2623 I chatty  : uid=1000(system) infoProcessorth expire 2 lines
10-06 22:34:32.819  1211  1659 I chatty  : uid=1000(system) EmcomThread expire 12 lines
10-06 22:34:33.975  1211  1611 I chatty  : uid=1000(system) HwWifiStatStore expire 19 lines
10-06 22:34:39.607  1211  1612 I chatty  : uid=1000(system) HwWifiCHRStateM expire 21 lines
10-06 22:34:42.811   750   817 D emcomd  : [EMCOMD_NET] smartcare_samping_kernel# write 1 to /proc/sys/net/core/netmeasure
10-06 22:34:42.812   750   817 D emcomd  : [EMCOMD_NET] smartcare_report_sample# send sampling state 1 to service
10-06 22:34:42.812   750   817 D emcomd  : [EMCOMD_Socket] sendResponse# 
10-06 22:34:42.812   750   817 D emcomd  : [EMCOMD_Socket] sendResponse# Send Response to 30
10-06 22:34:42.812   750   817 D emcomd  : [EMCOMD_NET] smartcare_samping_start# reset timer for smartcare_samping_stop 710
10-06 22:34:47.443  1211  1666 I chatty  : uid=1000(system) WiFiArpStateMac expire 17 lines
10-06 22:34:47.625  1211  1680 I chatty  : uid=1000(system) HuaweiWifiWatch expire 35 lines
10-06 22:34:49.363 25938 25976 D LogUtil_LogConfig: obtainSavePath(): path = 1
10-06 22:34:49.366 25938 25976 D LogUtil_LogConfig: getLogFile(): logFilePath = /data/data/com.huawei.health/files/com.huawei.health/com.huawei.health_DaemonService/
10-06 22:34:49.366 25938 25976 D LogUtil_LogConfig: obtainSavePath(): path = 1
10-06 22:34:49.367 25938 25976 D LogUtil_LogConfig: acquireMaxLogFileLengthContainsOffset describe: com.huawei.health:DaemonService result:5242880
10-06 22:34:49.367 25938 25976 D LogUtil_LogConfig: obtainSavePath(): path = 1
10-06 22:34:49.369 25938 25976 D LogUtil_LogConfig: getLogFileRoot(): logFilePath = /data/data/com.huawei.health/files/com.huawei.health/com.huawei.health_DaemonService/
10-06 22:34:47.614   776   776 I chatty  : uid=1010(wifi) /system/bin/wificond identical 4 lines
10-06 22:34:47.622   776   776 E wificond: Failed to get NL80211_STA_INFO_CNAHLOAD
10-06 22:34:51.624  1211  1375 D HwBatteryService: onUEvent fcpStatus = 0,scpStatus =0,ovpStatus=0
10-06 22:34:51.626  1211  1375 I UsbDeviceManager: water_intrused state= 0
10-06 22:34:51.643  1723  1723 I chatty  : uid=10027(u0_a27) com.android.systemui expire 25 lines
10-06 22:34:51.648  1211  1211 D WifiService: onReceive, action:android.intent.action.BATTERY_CHANGED
10-06 22:34:51.648  1211  1211 D WifiService: ACTION_BATTERY_CHANGED pluggedType: 2
10-06 22:34:51.649 16587 16682 E CloudAlbum[8.1.2.306]: [ReceiverManager] not log on ignore
10-06 22:34:52.320  1211  2141 W Watchdog: hungtask: writing kick
10-06 22:34:55.620   776   776 E wificond: Failed to get NL80211_STA_INFO_CNAHLOAD
10-06 22:34:58.670  1211  1211 I chatty  : uid=1000 system_server expire 168 lines
10-06 22:34:55.628   776   776 E wificond: Failed to get NL80211_STA_INFO_CNAHLOAD
10-06 22:35:02.316  1211  1211 D WifiService: onReceive, action:android.intent.action.BATTERY_CHANGED
10-06 22:35:02.316  1211  1211 D WifiService: ACTION_BATTERY_CHANGED pluggedType: 2
10-06 22:35:02.323 16587 16682 E CloudAlbum[8.1.2.306]: [ReceiverManager] not log on ignore
10-06 22:35:02.370  1723  1723 I chatty  : uid=10027(u0_a27) com.android.systemui expire 21 lines
10-06 22:35:02.505  2203 30040 I chatty  : uid=1000(system) traffic stats expire 11 lines
10-06 22:35:02.806  1723  1739 I chatty  : uid=10027(u0_a27) HeapTaskDaemon expire 1 line
10-06 22:35:03.622   776   776 E wificond: Failed to get NL80211_STA_INFO_CNAHLOAD
10-06 22:35:03.631  1211  1680 I chatty  : uid=1000(system) HuaweiWifiWatch expire 51 lines
10-06 22:35:13.449  1211  1666 I chatty  : uid=1000(system) WiFiArpStateMac expire 22 lines
10-06 22:35:20.499  3170 18586 I HiAction_XChannel.k-3193: run(): 
10-06 22:35:20.499  3170 18586 I HiAction_XChannel.k-3193: reset(): 
10-06 22:35:20.500  3170 18586 I HiAction_XChannel.k-3193: reset(): stop expired alarm
10-06 22:35:20.500  3170 18586 I HiAction_XChannel.k-3193: stopAlarm(): 
10-06 22:35:20.500  3170 18586 I HiAction_XChannel.k-3193: reset(): interrupt recvThread
10-06 22:35:20.500  3170 18586 I HiAction_XChannel.k-3193: reset(): interrupt sendThread
10-06 22:35:20.500  3170 18586 I HiAction_XChannel.k-3193: reset(): close expired socket
10-06 22:35:20.501  3170 18586 I HiAction_XChannel.k-3193: reset(): ensure expired threads exit
10-06 22:35:20.504  3170 18584 E HiAction_XChannel.f-3192: run(): inputStream.read SocketException: java.net.SocketException: Socket closed
10-06 22:35:20.504  3170 18584 I HiAction_XChannel.f-3192: run(): not ETIMEDOUT exception, should refresh pusher address
10-06 22:35:20.504  3170 18584 I HiAction_XChannel.k-3193: stopAlarm(): 
10-06 22:35:20.504  3170 18584 I HiAction_XChannel.k-3193: notifyRestartWork(): 
10-06 22:35:20.505  3170 18584 I HiAction_XChannel.XChannelService: sdkStatusChange(): 
10-06 22:35:20.505  3170 18584 I HiAction_XChannel.k-3193: setIntoMsgQueue(): 
10-06 22:35:20.505  3170 18512 I HiAction_XChannel.e: sdkStatusChange(): 
10-06 22:35:20.505  3170 18512 I HiAction_XChannel.a: onSdkStatusChange(): isAvaliable[false] status[PUSH_MSG_UNAVAILABLE]
10-06 22:35:20.505  3170 18584 W HiAction_XChannel.k-3193: connectAndLogin(): sendq.offer exception: java.lang.InterruptedException
10-06 22:35:20.505  3170 18584 I HiAction_XChannel.f-3192: run(): RecvThread exit
10-06 22:35:20.506  3170 18586 I HiAction_XChannel.k-3193: reset(): receive thread exit
10-06 22:35:20.506  3170 18586 I HiAction_XChannel.k-3193: reset(): send thread exit
10-06 22:35:20.506  3170 18586 I HiAction_XChannel.k-3193: reset(): clear expired data
10-06 22:35:20.506  3170 18586 I HiAction_XChannel.d: clear(): 
10-06 22:35:20.506  3170 18586 I HiAction_XChannel.a: clear(): 
10-06 22:35:20.506  3170 18586 I HiAction_XChannel.k-3193: reset(): success
10-06 22:35:20.506  3170 18586 I HiAction_XChannel.k-3193: getPusher(): 
10-06 22:35:20.507  3170 18586 I HiAction_XChannel.n: set REDIRECT_SERVER to default
10-06 22:35:20.514   513 18593 W libc    : Set property "hw.wifi.dns_stat" to "2874,513,15037,1,180791"
10-06 22:35:20.522  1211  5695 I chatty  : uid=1000(system) Binder:1211_19 expire 7 lines
10-06 22:35:19.632   776   776 I chatty  : uid=1010(wifi) /system/bin/wificond identical 4 lines
10-06 22:35:19.640   776   776 E wificond: Failed to get NL80211_STA_INFO_CNAHLOAD
10-06 22:35:20.537  1211  5695 W ContextImpl: Calling a method in the system process without a qualified user: android.app.ContextImpl.sendBroadcast:1095 com.android.server.HwConnectivityManagerImpl.sendIntentDnsEvent:726 com.android.server.HwConnectivityManagerImpl.onDnsEvent:629 com.android.server.connectivity.NetdEventListenerService.onDnsEvent:127 android.net.metrics.INetdEventListener$Stub.onTransact:69 
10-06 22:35:20.574  3170 18586 I HiAction_ThreadStateSync: get threadAllReady
10-06 22:35:20.574  3170 18586 I HiAction_ThreadStateSync: get isSendThreadReady
10-06 22:35:20.576  3170 18595 I HiAction_XChannel.i-3193: run 
10-06 22:35:20.576  3170 18595 I HiAction_ThreadStateSync: sendThreadRun
10-06 22:35:20.576  3170 18594 I HiAction_XChannel.f-3193: run():
10-06 22:35:20.576  3170 18594 I HiAction_ThreadStateSync: receiveThreadRun
10-06 22:35:20.576  3170 18586 I HiAction_ThreadStateSync: SendThreadBlockQueue get  :java.lang.Object@5e5f508
10-06 22:35:20.576  3170 18586 I HiAction_ThreadStateSync: get isReceiveThreadReady
10-06 22:35:20.576  3170 18595 I HiAction_XChannel.k-3193: getFromMsgReqQueue(): 
10-06 22:35:20.576  3170 18586 I HiAction_ThreadStateSync: ReceiveThreadBlockQueue  get  :java.lang.Object@fc1f4a1
10-06 22:35:20.576  3170 18586 I HiAction_b: handshake(): 
10-06 22:35:20.576  3170 18586 I HiAction_b: firstStep(): 
10-06 22:35:20.576  3170 18586 I HiAction_b: firstStepContent(): 
10-06 22:35:20.576  3170 18586 I HiAction_b: firstStepContent(): encryptLength=155
10-06 22:35:20.582  3170 18586 I HiAction_b: firstStep(): body.length=403
10-06 22:35:20.583  3170 18586 W HiAction_b: TraceFlow.PushMessageFlow: syncSend type:3 requestid:1255275824
10-06 22:35:20.583  3170 18586 I HiAction_XChannel.d: setQueue(): 
10-06 22:35:20.583  3170 18586 I HiAction_b: syncSend(): send message to server
10-06 22:35:20.584  3170 18586 I HiAction_b: syncSend(): to get response
10-06 22:35:20.584  3170 18586 I HiAction_XChannel.d: getMessage(): 
10-06 22:35:21.826  1211  1375 D HwBatteryService: onUEvent fcpStatus = 0,scpStatus =0,ovpStatus=0
10-06 22:35:21.829  1211  1375 I UsbDeviceManager: water_intrused state= 0
10-06 22:35:21.844  1723  1723 I chatty  : uid=10027(u0_a27) com.android.systemui expire 23 lines
10-06 22:35:21.845  1211  1211 D WifiService: onReceive, action:android.intent.action.BATTERY_CHANGED
10-06 22:35:21.846  1211  1211 D WifiService: ACTION_BATTERY_CHANGED pluggedType: 2
10-06 22:35:21.854 16587 16682 E CloudAlbum[8.1.2.306]: [ReceiverManager] not log on ignore
10-06 22:35:22.322  1211  2141 W Watchdog: hungtask: writing kick
10-06 22:35:22.584  3170 18586 E HiAction_b: syncSend(): receive response timeout
10-06 22:35:22.585  3170 18586 I HiAction_XChannel.d: removeMessage(): 
10-06 22:35:22.585  3170 18586 I HiAction_b: firstStep(): msg or msg.data is null
10-06 22:35:22.585  3170 18586 E HiAction_XChannel.k-3193: run(): LogXin failed, exit
10-06 22:35:22.585  3170 18586 I HiAction_XChannel.k-3193: notifyRestartWork(): 
10-06 22:35:22.585  3170 18586 I HiAction_XChannel.XChannelService: sdkStatusChange(): 
10-06 22:35:22.585  3170 18586 I HiAction_XChannel.k-3193: setIntoMsgQueue(): 
10-06 22:35:22.585  3170 18512 I HiAction_XChannel.e: sdkStatusChange(): 
10-06 22:35:22.585  3170 18512 I HiAction_XChannel.a: onSdkStatusChange(): isAvaliable[false] status[PUSH_MSG_UNAVAILABLE]
10-06 22:35:22.585  3170 18595 I HiAction_XChannel.i-3193: run(): get stop message and stop current thread
10-06 22:35:22.586  3170 18595 I HiAction_XChannel.i-3193: run(): release wakelock before SendThread exit
10-06 22:35:22.586  3170 18595 I HiAction_XChannel.k-3193: notifyRestartWork(): 
10-06 22:35:22.586  3170 18595 I HiAction_XChannel.XChannelService: sdkStatusChange(): 
10-06 22:35:22.586  3170 18512 I HiAction_XChannel.e: sdkStatusChange(): 
10-06 22:35:22.586  3170 18595 I HiAction_XChannel.k-3193: setIntoMsgQueue(): 
10-06 22:35:22.586  3170 18512 I HiAction_XChannel.a: onSdkStatusChange(): isAvaliable[false] status[PUSH_MSG_UNAVAILABLE]
10-06 22:35:22.955  2164  2410 W DoneDirFilePackUtil: collectAllFilesInDoneDir NumberFormatException
10-06 22:35:22.955  2164  2410 W DoneDirFilePackUtil: collectAllFilesInDoneDir NumberFormatException
10-06 22:35:22.956  2164  2410 E LogFilePackager: filterLogListWithThreshold loglist is null
10-06 22:35:22.957  2164  2410 W DoneDirFilePackUtil: collectAllFilesInDoneDir NumberFormatException
10-06 22:35:22.957  2164  2410 W DoneDirFilePackUtil: collectAllFilesInDoneDir NumberFormatException
10-06 22:35:22.957  2164  2410 E LogFilePackager: filterLogListWithThreshold loglist is null
10-06 22:35:24.586  3170 18595 I HiAction_XChannel.i-3193: run(): schedule to restart XChannelClient
10-06 22:35:24.586  3170 18595 I HiAction_XChannel.k: startWork(): 
10-06 22:35:24.591  3170 18595 I HiAction_XChannel.k: getDelay(): current time is 2018年10月6日 下午10:35:24, last connect time is 2018年10月6日 下午10:34:20
10-06 22:35:24.591  3170 18595 I HiAction_XChannel.k: getDelay(): more than one minute between tow connections, delay is set to be 0
10-06 22:35:24.593  3170 18595 I HiAction_XChannel.k: run(): startWork is scheduled
10-06 22:35:24.593  3170 18595 I HiAction_XChannel.i-3193: run(): SendThread exit
10-06 22:35:24.594  3170 18598 I HiAction_XChannel.k-3194: run(): 
10-06 22:35:24.594  3170 18598 I HiAction_XChannel.k-3194: reset(): 
10-06 22:35:24.594  3170 18598 I HiAction_XChannel.k-3194: reset(): stop expired alarm
10-06 22:35:24.594  3170 18598 I HiAction_XChannel.k-3194: stopAlarm(): 
10-06 22:35:24.594  3170 18598 I HiAction_XChannel.k-3194: reset(): interrupt recvThread
10-06 22:35:24.594  3170 18598 I HiAction_XChannel.k-3194: reset(): interrupt sendThread
10-06 22:35:24.595  3170 18598 I HiAction_XChannel.k-3194: reset(): close expired socket
10-06 22:35:24.596  3170 18598 I HiAction_XChannel.k-3194: reset(): ensure expired threads exit
10-06 22:35:24.597  3170 18594 E HiAction_XChannel.f-3193: run(): inputStream.read SocketException: java.net.SocketException: Socket closed
10-06 22:35:24.598  3170 18594 I HiAction_XChannel.f-3193: run(): not ETIMEDOUT exception, should refresh pusher address
10-06 22:35:24.598  3170 18594 I HiAction_XChannel.k-3194: stopAlarm(): 
10-06 22:35:24.598  3170 18594 I HiAction_XChannel.k-3194: notifyRestartWork(): 
10-06 22:35:24.598  3170 18594 I HiAction_XChannel.XChannelService: sdkStatusChange(): 
10-06 22:35:24.598  3170 18594 I HiAction_XChannel.k-3194: setIntoMsgQueue(): 
10-06 22:35:24.598  3170 18594 W HiAction_XChannel.k-3194: connectAndLogin(): sendq.offer exception: java.lang.InterruptedException
10-06 22:35:24.598  3170 18594 I HiAction_XChannel.f-3193: run(): RecvThread exit
10-06 22:35:24.598  3170 18598 I HiAction_XChannel.k-3194: reset(): receive thread exit
10-06 22:35:24.599  3170 18598 I HiAction_XChannel.k-3194: reset(): send thread exit
10-06 22:35:24.599  3170 18598 I HiAction_XChannel.k-3194: reset(): clear expired data
10-06 22:35:24.599  3170 18598 I HiAction_XChannel.d: clear(): 
10-06 22:35:24.599  3170 18598 I HiAction_XChannel.a: clear(): 
10-06 22:35:24.599  3170 18598 I HiAction_XChannel.k-3194: reset(): success
10-06 22:35:24.599  3170 18598 I HiAction_XChannel.k-3194: getPusher(): 
10-06 22:35:24.599  3170 18598 I HiAction_XChannel.n: set REDIRECT_SERVER to default
10-06 22:35:24.599  3170 18512 I HiAction_XChannel.e: sdkStatusChange(): 
10-06 22:35:24.599  3170 18512 I HiAction_XChannel.a: onSdkStatusChange(): isAvaliable[false] status[PUSH_MSG_UNAVAILABLE]
10-06 22:35:24.606   513 18599 W libc    : Set property "hw.wifi.dns_stat" to "2875,513,15037,1,180793"
10-06 22:35:24.666  3170 18602 I HiAction_XChannel.f-3194: run():
10-06 22:35:24.667  3170 18602 I HiAction_ThreadStateSync: receiveThreadRun
10-06 22:35:24.667  3170 18598 I HiAction_ThreadStateSync: get threadAllReady
10-06 22:35:24.667  3170 18598 I HiAction_ThreadStateSync: get isSendThreadReady
10-06 22:35:24.668  3170 18603 I HiAction_XChannel.i-3194: run 
10-06 22:35:24.668  3170 18603 I HiAction_ThreadStateSync: sendThreadRun
10-06 22:35:24.668  3170 18603 I HiAction_XChannel.k-3194: getFromMsgReqQueue(): 
10-06 22:35:24.669  3170 18598 I HiAction_ThreadStateSync: SendThreadBlockQueue get  :java.lang.Object@7744687
10-06 22:35:24.669  3170 18598 I HiAction_ThreadStateSync: get isReceiveThreadReady
10-06 22:35:24.669  3170 18598 I HiAction_ThreadStateSync: ReceiveThreadBlockQueue  get  :java.lang.Object@d6959b4
10-06 22:35:24.669  3170 18598 I HiAction_b: handshake(): 
10-06 22:35:24.669  3170 18598 I HiAction_b: firstStep(): 
10-06 22:35:24.669  3170 18598 I HiAction_b: firstStepContent(): 
10-06 22:35:24.669  3170 18598 I HiAction_b: firstStepContent(): encryptLength=155
10-06 22:35:24.678  3170 18598 I HiAction_b: firstStep(): body.length=403
10-06 22:35:24.678  3170 18598 W HiAction_b: TraceFlow.PushMessageFlow: syncSend type:3 requestid:105802588
10-06 22:35:24.678  3170 18598 I HiAction_XChannel.d: setQueue(): 
10-06 22:35:24.678  3170 18598 I HiAction_b: syncSend(): send message to server
10-06 22:35:24.679  3170 18598 I HiAction_b: syncSend(): to get response
10-06 22:35:24.679  3170 18598 I HiAction_XChannel.d: getMessage(): 
10-06 22:35:25.062  1211  1611 I chatty  : uid=1000(system) HwWifiStatStore expire 11 lines
10-06 22:35:26.681  3170 18598 E HiAction_b: syncSend(): receive response timeout
10-06 22:35:26.681  3170 18598 I HiAction_XChannel.d: removeMessage(): 
10-06 22:35:26.681  3170 18598 I HiAction_b: firstStep(): msg or msg.data is null
10-06 22:35:26.681  3170 18598 E HiAction_XChannel.k-3194: run(): LogXin failed, exit
10-06 22:35:26.681  3170 18598 I HiAction_XChannel.k-3194: notifyRestartWork(): 
10-06 22:35:26.681  3170 18598 I HiAction_XChannel.XChannelService: sdkStatusChange(): 
10-06 22:35:26.681  3170 18598 I HiAction_XChannel.k-3194: setIntoMsgQueue(): 
10-06 22:35:26.682  3170 18603 I HiAction_XChannel.i-3194: run(): get stop message and stop current thread
10-06 22:35:26.682  3170 18512 I HiAction_XChannel.e: sdkStatusChange(): 
10-06 22:35:26.682  3170 18603 I HiAction_XChannel.i-3194: run(): release wakelock before SendThread exit
10-06 22:35:26.682  3170 18512 I HiAction_XChannel.a: onSdkStatusChange(): isAvaliable[false] status[PUSH_MSG_UNAVAILABLE]
10-06 22:35:26.682  3170 18603 I HiAction_XChannel.k-3194: notifyRestartWork(): 
10-06 22:35:26.682  3170 18603 I HiAction_XChannel.XChannelService: sdkStatusChange(): 
10-06 22:35:26.682  3170 18512 I HiAction_XChannel.e: sdkStatusChange(): 
10-06 22:35:26.682  3170 18603 I HiAction_XChannel.k-3194: setIntoMsgQueue(): 
10-06 22:35:26.682  3170 18512 I HiAction_XChannel.a: onSdkStatusChange(): isAvaliable[false] status[PUSH_MSG_UNAVAILABLE]
10-06 22:35:27.636   776   776 E wificond: Failed to get NL80211_STA_INFO_CNAHLOAD
10-06 22:35:27.644  1211  1680 I chatty  : uid=1000(system) HuaweiWifiWatch expire 35 lines
10-06 22:35:27.655  1211  4240 I chatty  : uid=1000(system) MobileQosDetect expire 10 lines
10-06 22:35:28.683  3170 18603 I HiAction_XChannel.i-3194: run(): schedule to restart XChannelClient
10-06 22:35:28.683  3170 18603 I HiAction_XChannel.k: startWork(): 
10-06 22:35:28.688  3170 18603 I HiAction_XChannel.k: getDelay(): current time is 2018年10月6日 下午10:35:28, last connect time is 2018年10月6日 下午10:35:24
10-06 22:35:28.688  3170 18603 I HiAction_XChannel.k: getDelay(): connect to pusher more than one time in one minute, delay is set to be 56
10-06 22:35:28.690  3170 18603 I HiAction_XChannel.k: run(): startWork is scheduled
10-06 22:35:28.690  3170 18603 I HiAction_XChannel.i-3194: run(): SendThread exit
10-06 22:35:35.642  1211  1612 I chatty  : uid=1000(system) HwWifiCHRStateM expire 12 lines
10-06 22:35:35.641   776   776 I chatty  : uid=1010(wifi) /system/bin/wificond identical 2 lines
10-06 22:35:35.649   776   776 E wificond: Failed to get NL80211_STA_INFO_CNAHLOAD
10-06 22:35:39.751   513   646 W SocketListener: sending broadcast to Pid = 1211, Uid = 1000 
10-06 22:35:39.754  1211  1605 D NetdConnector: RCV <- {613 IfaceClass idle 1 972442629743874}
10-06 22:35:39.757  1211  1605 D NetdConnector: RCV <- {613 IfaceClass idle 1 972442629743874}
10-06 22:35:39.760  1211  1235 D NetdConnector: RCV unsolicited event from native daemon, event = 613
10-06 22:35:39.770  1211  2233 V BroadcastQueue: Finished with ordered broadcast BroadcastRecord{2477f85 u-1 android.net.conn.DATA_ACTIVITY_CHANGE}
10-06 22:35:40.524 19001 19006 I zygote  : Do full code cache collection, code=253KB, data=181KB
10-06 22:35:40.528 19001 19006 I zygote  : After code cache collection, code=239KB, data=158KB
10-06 22:35:40.754  1211  1211 I chatty  : uid=1000 system_server expire 135 lines
10-06 22:35:43.651   776   776 E wificond: Failed to get NL80211_STA_INFO_CNAHLOAD
10-06 22:35:43.662  1211  1680 I chatty  : uid=1000(system) HuaweiWifiWatch expire 98 lines
10-06 22:35:44.499  1211  1666 I chatty  : uid=1000(system) WiFiArpStateMac expire 22 lines
10-06 22:35:43.660   776   776 E wificond: Failed to get NL80211_STA_INFO_CNAHLOAD
10-06 22:35:44.596   513   646 W SocketListener: sending broadcast to Pid = 1211, Uid = 1000 
10-06 22:35:44.600  1211  1605 D NetdConnector: RCV <- {613 IfaceClass active 1 972447476524602 1010132}
10-06 22:35:44.602  1211  1605 D NetdConnector: RCV <- {613 IfaceClass active 1 972447476524602 1010132}
10-06 22:35:44.604  1211  1235 D NetdConnector: RCV unsolicited event from native daemon, event = 613
10-06 22:35:44.613  1211  2233 V BroadcastQueue: Finished with ordered broadcast BroadcastRecord{72a01da u-1 android.net.conn.DATA_ACTIVITY_CHANGE}
10-06 22:35:45.190   513 18605 W libc    : Set property "hw.wifi.dns_stat" to "2876,513,15037,1,180809"
10-06 22:35:50.450  1211  1391 I chatty  : uid=1000(system) AlarmManager expire 29 lines
10-06 22:35:50.463  1211  1228 W BroadcastQueue: Permission Denial: broadcasting Intent { act=com.jingdong.jdpush.MSG_CENTER flg=0x14 hwFlg=0x900 (has extras) } from com.jingdong.app.mall (pid=-1, uid=1010145) requires com.jingdong.app.mall.permissions.MSG_BROADCAST due to registered receiver BroadcastFilter{e866860 u10 ReceiverList{6aef463 13702 com.jingdong.app.mall:jdpush/1010145/u10 remote:f5ff292}}
10-06 22:35:50.463  1211  1228 V BroadcastQueue: Finished with ordered broadcast BroadcastRecord{b4c57e7 u10 com.jingdong.jdpush.MSG_CENTER}
10-06 22:35:50.464  1211  1211 V AlarmManager: Received TIME_TICK alarm; rescheduling
10-06 22:35:50.468  1211  1211 I HwAlarmManagerService: hwSetAlarm listenerTag: time_tick
10-06 22:35:50.472  1723  1723 I chatty  : uid=10027(u0_a27) com.android.systemui expire 132 lines
10-06 22:35:50.561  3780  3780 I HwLauncher: Model  onReceive intent=Intent { act=android.intent.action.TIME_TICK flg=0x50200014 hwFlg=0x900 (has extras) }
10-06 22:35:50.562  3780  3780 I HwLauncher: Model  onReceive user=UserHandle{0}
10-06 22:35:50.581  6900  6900 I HwLauncher: Model  onReceive intent=Intent { act=android.intent.action.TIME_TICK flg=0x50200014 hwFlg=0x900 (has extras) }
10-06 22:35:50.581  6900  6900 I HwLauncher: Model  onReceive user=UserHandle{10}
10-06 22:35:50.667 25938 26009 I Step_LSC: 80001355|processHandleBroadcastAction action:android.intent.action.TIME_TICK
10-06 22:35:50.737  1211  2233 V BroadcastQueue: Finished with ordered broadcast BroadcastRecord{e3661a6 u-1 android.intent.action.TIME_TICK}
10-06 22:35:51.657   776   776 E wificond: Failed to get NL80211_STA_INFO_CNAHLOAD
10-06 22:35:51.669  1211  3651 I chatty  : uid=1000(system) wifipro_uid_tcp expire 16 lines
10-06 22:35:51.906   662   718 I ArData  : (ar_data_netlink_cb:789):cmd[2].length[40]
10-06 22:35:51.665   776   776 E wificond: Failed to get NL80211_STA_INFO_CNAHLOAD
10-06 22:35:52.033  1211  1375 D HwBatteryService: onUEvent fcpStatus = 0,scpStatus =0,ovpStatus=0
10-06 22:35:52.036  1211  1375 I UsbDeviceManager: water_intrused state= 0
10-06 22:35:52.055  2203  2203 I chatty  : uid=1000(system) com.huawei.powergenie expire 10 lines
10-06 22:35:52.058  1211  1211 D WifiService: onReceive, action:android.intent.action.BATTERY_CHANGED
10-06 22:35:52.058  1211  1211 D WifiService: ACTION_BATTERY_CHANGED pluggedType: 2
10-06 22:35:52.058 16587 16682 E CloudAlbum[8.1.2.306]: [ReceiverManager] not log on ignore
10-06 22:35:52.324  1211  2141 W Watchdog: hungtask: writing kick
10-06 22:35:52.728  2203 30040 I chatty  : uid=1000(system) traffic stats expire 12 lines
10-06 22:35:58.122  1211  1611 I chatty  : uid=1000(system) HwWifiStatStore expire 11 lines
10-06 22:35:59.667   776   776 E wificond: Failed to get NL80211_STA_INFO_CNAHLOAD
10-06 22:35:59.672   776   776 E wificond: Failed to get NL80211_STA_INFO_CNAHLOAD
10-06 22:36:02.317  1211  1211 D WifiService: onReceive, action:android.intent.action.BATTERY_CHANGED
10-06 22:36:02.317  1211  1211 D WifiService: ACTION_BATTERY_CHANGED pluggedType: 2
10-06 22:36:02.317 16587 16682 E CloudAlbum[8.1.2.306]: [ReceiverManager] not log on ignore
10-06 22:36:02.356  1723  1723 I chatty  : uid=10027(u0_a27) com.android.systemui expire 21 lines
10-06 22:36:07.670   776   776 E wificond: Failed to get NL80211_STA_INFO_CNAHLOAD
10-06 22:36:07.671  1211  1610 I chatty  : uid=1000(system) WifiStateMachin expire 12 lines
10-06 22:36:07.671  1211  1612 I chatty  : uid=1000(system) HwWifiCHRStateM expire 12 lines
10-06 22:36:12.821  1211  1211 I chatty  : uid=1000 system_server expire 86 lines
10-06 22:36:19.453 25938 25976 D LogUtil_LogConfig: obtainSavePath(): path = 1
10-06 22:36:19.456 25938 25976 D LogUtil_LogConfig: getLogFile(): logFilePath = /data/data/com.huawei.health/files/com.huawei.health/com.huawei.health_DaemonService/
10-06 22:36:19.456 25938 25976 D LogUtil_LogConfig: obtainSavePath(): path = 1
10-06 22:36:19.456 25938 25976 D LogUtil_LogConfig: acquireMaxLogFileLengthContainsOffset describe: com.huawei.health:DaemonService result:5242880
10-06 22:36:19.457 25938 25976 D LogUtil_LogConfig: obtainSavePath(): path = 1
10-06 22:36:19.459 25938 25976 D LogUtil_LogConfig: getLogFileRoot(): logFilePath = /data/data/com.huawei.health/files/com.huawei.health/com.huawei.health_DaemonService/
10-06 22:36:20.575  1211  1666 I chatty  : uid=1000(system) WiFiArpStateMac expire 24 lines
10-06 22:36:20.658   775   775 E Thermal-daemon: [charger_ic] temp_new :35  temp_old :36
10-06 22:36:20.660   775   775 E Thermal-daemon: Report temperature: [charger_ic] temp :35  report_threshold:1
10-06 22:36:15.674   776   776 I chatty  : uid=1010(wifi) /system/bin/wificond identical 2 lines
10-06 22:36:15.681   776   776 E wificond: Failed to get NL80211_STA_INFO_CNAHLOAD
10-06 22:36:22.241  1211  1375 D HwBatteryService: onUEvent fcpStatus = 0,scpStatus =0,ovpStatus=0
10-06 22:36:22.243  1211  1375 I UsbDeviceManager: water_intrused state= 0
10-06 22:36:22.256  1723  1723 I chatty  : uid=10027(u0_a27) com.android.systemui expire 23 lines
10-06 22:36:22.257  1211  1211 D WifiService: onReceive, action:android.intent.action.BATTERY_CHANGED
10-06 22:36:22.257  1211  1211 D WifiService: ACTION_BATTERY_CHANGED pluggedType: 2
10-06 22:36:22.263 16587 16682 E CloudAlbum[8.1.2.306]: [ReceiverManager] not log on ignore
10-06 22:36:22.326  1211  2141 W Watchdog: hungtask: writing kick
10-06 22:36:23.682   776   776 E wificond: Failed to get NL80211_STA_INFO_CNAHLOAD
10-06 22:36:24.689  3170 18604 I HiAction_XChannel.k-3195: run(): 
10-06 22:36:24.689  3170 18604 I HiAction_XChannel.k-3195: reset(): 
10-06 22:36:24.689  3170 18604 I HiAction_XChannel.k-3195: reset(): stop expired alarm
10-06 22:36:24.689  3170 18604 I HiAction_XChannel.k-3195: stopAlarm(): 
10-06 22:36:24.689  3170 18604 I HiAction_XChannel.k-3195: reset(): interrupt recvThread
10-06 22:36:24.689  3170 18604 I HiAction_XChannel.k-3195: reset(): interrupt sendThread
10-06 22:36:24.689  3170 18604 I HiAction_XChannel.k-3195: reset(): close expired socket
10-06 22:36:24.691  3170 18604 I HiAction_XChannel.k-3195: reset(): ensure expired threads exit
10-06 22:36:24.693  3170 18602 E HiAction_XChannel.f-3194: run(): inputStream.read SocketException: java.net.SocketException: Socket closed
10-06 22:36:24.693  3170 18602 I HiAction_XChannel.f-3194: run(): not ETIMEDOUT exception, should refresh pusher address
10-06 22:36:24.693  3170 18602 I HiAction_XChannel.k-3195: stopAlarm(): 
10-06 22:36:24.693  3170 18602 I HiAction_XChannel.k-3195: notifyRestartWork(): 
10-06 22:36:24.693  3170 18602 I HiAction_XChannel.XChannelService: sdkStatusChange(): 
10-06 22:36:24.693  3170 18602 I HiAction_XChannel.k-3195: setIntoMsgQueue(): 
10-06 22:36:24.694  3170 18512 I HiAction_XChannel.e: sdkStatusChange(): 
10-06 22:36:24.694  3170 18512 I HiAction_XChannel.a: onSdkStatusChange(): isAvaliable[false] status[PUSH_MSG_UNAVAILABLE]
10-06 22:36:24.694  3170 18602 W HiAction_XChannel.k-3195: connectAndLogin(): sendq.offer exception: java.lang.InterruptedException
10-06 22:36:24.694  3170 18602 I HiAction_XChannel.f-3194: run(): RecvThread exit
10-06 22:36:24.694  3170 18604 I HiAction_XChannel.k-3195: reset(): receive thread exit
10-06 22:36:24.694  3170 18604 I HiAction_XChannel.k-3195: reset(): send thread exit
10-06 22:36:24.694  3170 18604 I HiAction_XChannel.k-3195: reset(): clear expired data
10-06 22:36:24.694  3170 18604 I HiAction_XChannel.d: clear(): 
10-06 22:36:24.694  3170 18604 I HiAction_XChannel.a: clear(): 
10-06 22:36:24.695  3170 18604 I HiAction_XChannel.k-3195: reset(): success
10-06 22:36:24.695  3170 18604 I HiAction_XChannel.k-3195: getPusher(): 
10-06 22:36:24.695  3170 18604 I HiAction_XChannel.n: set REDIRECT_SERVER to default
10-06 22:36:24.703   513 18616 W libc    : Set property "hw.wifi.dns_stat" to "2877,513,15037,1,180812"
10-06 22:36:25.663   775   775 E Thermal-daemon: [charger_ic] temp_new :36  temp_old :35
10-06 22:36:25.665   775   775 E Thermal-daemon: Report temperature: [charger_ic] temp :36  report_threshold:1
10-06 22:36:27.770  3170 18604 I HiAction_ThreadStateSync: get threadAllReady
10-06 22:36:27.770  3170 18604 I HiAction_ThreadStateSync: get isSendThreadReady
10-06 22:36:27.770  3170 18617 I HiAction_XChannel.f-3195: run():
10-06 22:36:27.770  3170 18617 I HiAction_ThreadStateSync: receiveThreadRun
10-06 22:36:27.771  3170 18618 I HiAction_XChannel.i-3195: run 
10-06 22:36:27.771  3170 18618 I HiAction_ThreadStateSync: sendThreadRun
10-06 22:36:27.771  3170 18618 I HiAction_XChannel.k-3195: getFromMsgReqQueue(): 
10-06 22:36:27.771  3170 18604 I HiAction_ThreadStateSync: SendThreadBlockQueue get  :java.lang.Object@ff02952
10-06 22:36:27.771  3170 18604 I HiAction_ThreadStateSync: get isReceiveThreadReady
10-06 22:36:27.771  3170 18604 I HiAction_ThreadStateSync: ReceiveThreadBlockQueue  get  :java.lang.Object@d44c423
10-06 22:36:27.772  3170 18604 I HiAction_b: handshake(): 
10-06 22:36:27.772  3170 18604 I HiAction_b: firstStep(): 
10-06 22:36:27.772  3170 18604 I HiAction_b: firstStepContent(): 
10-06 22:36:27.772  3170 18604 I HiAction_b: firstStepContent(): encryptLength=155
10-06 22:36:27.782  3170 18604 I HiAction_b: firstStep(): body.length=403
10-06 22:36:27.783  3170 18604 W HiAction_b: TraceFlow.PushMessageFlow: syncSend type:3 requestid:1579427920
10-06 22:36:27.783  3170 18604 I HiAction_XChannel.d: setQueue(): 
10-06 22:36:27.783  3170 18604 I HiAction_b: syncSend(): send message to server
10-06 22:36:27.784  3170 18604 I HiAction_b: syncSend(): to get response
10-06 22:36:27.784  3170 18604 I HiAction_XChannel.d: getMessage(): 
10-06 22:36:29.784  3170 18604 E HiAction_b: syncSend(): receive response timeout
10-06 22:36:29.784  3170 18604 I HiAction_XChannel.d: removeMessage(): 
10-06 22:36:29.784  3170 18604 I HiAction_b: firstStep(): msg or msg.data is null
10-06 22:36:29.784  3170 18604 E HiAction_XChannel.k-3195: run(): LogXin failed, exit
10-06 22:36:29.784  3170 18604 I HiAction_XChannel.k-3195: notifyRestartWork(): 
10-06 22:36:29.785  3170 18604 I HiAction_XChannel.XChannelService: sdkStatusChange(): 
10-06 22:36:29.785  3170 18604 I HiAction_XChannel.k-3195: setIntoMsgQueue(): 
10-06 22:36:29.785  3170 18512 I HiAction_XChannel.e: sdkStatusChange(): 
10-06 22:36:29.785  3170 18512 I HiAction_XChannel.a: onSdkStatusChange(): isAvaliable[false] status[PUSH_MSG_UNAVAILABLE]
10-06 22:36:29.785  3170 18618 I HiAction_XChannel.i-3195: run(): get stop message and stop current thread
10-06 22:36:29.785  3170 18618 I HiAction_XChannel.i-3195: run(): release wakelock before SendThread exit
10-06 22:36:29.785  3170 18618 I HiAction_XChannel.k-3195: notifyRestartWork(): 
10-06 22:36:29.785  3170 18618 I HiAction_XChannel.XChannelService: sdkStatusChange(): 
10-06 22:36:29.785  3170 18512 I HiAction_XChannel.e: sdkStatusChange(): 
10-06 22:36:29.785  3170 18618 I HiAction_XChannel.k-3195: setIntoMsgQueue(): 
10-06 22:36:29.785  3170 18512 I HiAction_XChannel.a: onSdkStatusChange(): isAvaliable[false] status[PUSH_MSG_UNAVAILABLE]
10-06 22:36:30.668   775   775 E Thermal-daemon: [charger_ic] temp_new :35  temp_old :36
10-06 22:36:30.670   775   775 E Thermal-daemon: Report temperature: [charger_ic] temp :35  report_threshold:1
10-06 22:36:31.178  1211  1611 I chatty  : uid=1000(system) HwWifiStatStore expire 12 lines
10-06 22:36:31.703  1211  1680 I chatty  : uid=1000(system) HuaweiWifiWatch expire 52 lines
10-06 22:36:31.786  3170 18618 I HiAction_XChannel.i-3195: run(): schedule to restart XChannelClient
10-06 22:36:31.786  3170 18618 I HiAction_XChannel.k: startWork(): 
10-06 22:36:31.789  3170 18618 I HiAction_XChannel.k: getDelay(): current time is 2018年10月6日 下午10:36:31, last connect time is 2018年10月6日 下午10:35:24
10-06 22:36:31.789  3170 18618 I HiAction_XChannel.k: getDelay(): more than one minute between tow connections, delay is set to be 0
10-06 22:36:31.791  3170 18618 I HiAction_XChannel.k: run(): startWork is scheduled
